Archive member included to satisfy reference by file (symbol)

C:\Users\Astap\Desktop\CH583EVT\EVT\EXAM\SRC\StdPeriphDriver\libISP583.a(ISP583.o)
                              ./StdPeriphDriver/CH58x_flash.o (FLASH_EEPROM_CMD)
C:\Users\Astap\Desktop\CH583EVT\EVT\EXAM\BLE\LIB\libCH58xBLE.a(message.o)
                              ./HAL/MCU.o (tmos_msg_deallocate)
C:\Users\Astap\Desktop\CH583EVT\EVT\EXAM\BLE\LIB\libCH58xBLE.a(tmos.o)
                              ./APP/multiCentral.o (tmos_rand)
C:\Users\Astap\Desktop\CH583EVT\EVT\EXAM\BLE\LIB\libCH58xBLE.a(tmos_hw.o)
                              ./HAL/RTC.o (TMOS_TimerInit)
C:\Users\Astap\Desktop\CH583EVT\EVT\EXAM\BLE\LIB\libCH58xBLE.a(tmos_snv.o)
                              C:\Users\Astap\Desktop\CH583EVT\EVT\EXAM\BLE\LIB\libCH58xBLE.a(tmos.o) (tmos_snv_init)
C:\Users\Astap\Desktop\CH583EVT\EVT\EXAM\BLE\LIB\libCH58xBLE.a(gap.o)
                              ./APP/multiCentral.o (GAP_SetParamValue)
C:\Users\Astap\Desktop\CH583EVT\EVT\EXAM\BLE\LIB\libCH58xBLE.a(gap_central.o)
                              C:\Users\Astap\Desktop\CH583EVT\EVT\EXAM\BLE\LIB\libCH58xBLE.a(gap.o) (gapProcessPeriodicAdvertisingSyncEstablishedEvt)
C:\Users\Astap\Desktop\CH583EVT\EVT\EXAM\BLE\LIB\libCH58xBLE.a(gap_peripheral.o)
                              C:\Users\Astap\Desktop\CH583EVT\EVT\EXAM\BLE\LIB\libCH58xBLE.a(gap.o) (GAP_PeripheralParamInit)
C:\Users\Astap\Desktop\CH583EVT\EVT\EXAM\BLE\LIB\libCH58xBLE.a(gapgattserver.o)
                              ./APP/multiPeripheral.o (GGS_SetParameter)
C:\Users\Astap\Desktop\CH583EVT\EVT\EXAM\BLE\LIB\libCH58xBLE.a(gatt.o)
                              ./APP/multiCentral.o (GATT_ReadCharValue)
C:\Users\Astap\Desktop\CH583EVT\EVT\EXAM\BLE\LIB\libCH58xBLE.a(gatt_uuid.o)
                              C:\Users\Astap\Desktop\CH583EVT\EVT\EXAM\BLE\LIB\libCH58xBLE.a(gatt.o) (serviceChangedUUID)
C:\Users\Astap\Desktop\CH583EVT\EVT\EXAM\BLE\LIB\libCH58xBLE.a(gattclientapp.o)
                              C:\Users\Astap\Desktop\CH583EVT\EVT\EXAM\BLE\LIB\libCH58xBLE.a(gatt.o) (gattGetClientStatus)
C:\Users\Astap\Desktop\CH583EVT\EVT\EXAM\BLE\LIB\libCH58xBLE.a(gattservapp.o)
                              ./Profile/gattprofile.o (GATTServApp_ReadCharCfg)
C:\Users\Astap\Desktop\CH583EVT\EVT\EXAM\BLE\LIB\libCH58xBLE.a(l2cap.o)
                              C:\Users\Astap\Desktop\CH583EVT\EVT\EXAM\BLE\LIB\libCH58xBLE.a(gatt.o) (L2CAP_GetMTU)
C:\Users\Astap\Desktop\CH583EVT\EVT\EXAM\BLE\LIB\libCH58xBLE.a(l2cap_input.o)
                              C:\Users\Astap\Desktop\CH583EVT\EVT\EXAM\BLE\LIB\libCH58xBLE.a(l2cap.o) (l2capProcessRxData)
C:\Users\Astap\Desktop\CH583EVT\EVT\EXAM\BLE\LIB\libCH58xBLE.a(l2cap_output.o)
                              C:\Users\Astap\Desktop\CH583EVT\EVT\EXAM\BLE\LIB\libCH58xBLE.a(l2cap_input.o) (l2capNotifyData)
C:\Users\Astap\Desktop\CH583EVT\EVT\EXAM\BLE\LIB\libCH58xBLE.a(l2cap_sdu.o)
                              C:\Users\Astap\Desktop\CH583EVT\EVT\EXAM\BLE\LIB\libCH58xBLE.a(l2cap_input.o) (l2capBuildDisconnectRsp)
C:\Users\Astap\Desktop\CH583EVT\EVT\EXAM\BLE\LIB\libCH58xBLE.a(linkdb.o)
                              C:\Users\Astap\Desktop\CH583EVT\EVT\EXAM\BLE\LIB\libCH58xBLE.a(l2cap.o) (linkDB_Init)
C:\Users\Astap\Desktop\CH583EVT\EVT\EXAM\BLE\LIB\libCH58xBLE.a(sm.o)
                              C:\Users\Astap\Desktop\CH583EVT\EVT\EXAM\BLE\LIB\libCH58xBLE.a(gap.o) (smFreePairingParams)
C:\Users\Astap\Desktop\CH583EVT\EVT\EXAM\BLE\LIB\libCH58xBLE.a(sm_initiator.o)
                              C:\Users\Astap\Desktop\CH583EVT\EVT\EXAM\BLE\LIB\libCH58xBLE.a(sm.o) (smInitiatorSendNextKeyInfo)
C:\Users\Astap\Desktop\CH583EVT\EVT\EXAM\BLE\LIB\libCH58xBLE.a(sm_pdu.o)
                              C:\Users\Astap\Desktop\CH583EVT\EVT\EXAM\BLE\LIB\libCH58xBLE.a(sm.o) (smpBuildPairingReq)
C:\Users\Astap\Desktop\CH583EVT\EVT\EXAM\BLE\LIB\libCH58xBLE.a(sm_responding.o)
                              C:\Users\Astap\Desktop\CH583EVT\EVT\EXAM\BLE\LIB\libCH58xBLE.a(sm.o) (smResponderSendNextKeyInfo)
C:\Users\Astap\Desktop\CH583EVT\EVT\EXAM\BLE\LIB\libCH58xBLE.a(sm_toolbox.o)
                              C:\Users\Astap\Desktop\CH583EVT\EVT\EXAM\BLE\LIB\libCH58xBLE.a(sm.o) (sm_ah)
C:\Users\Astap\Desktop\CH583EVT\EVT\EXAM\BLE\LIB\libCH58xBLE.a(host_input.o)
                              C:\Users\Astap\Desktop\CH583EVT\EVT\EXAM\BLE\LIB\libCH58xBLE.a(gap.o) (gBleHostPara)
C:\Users\Astap\Desktop\CH583EVT\EVT\EXAM\BLE\LIB\libCH58xBLE.a(host_output.o)
                              C:\Users\Astap\Desktop\CH583EVT\EVT\EXAM\BLE\LIB\libCH58xBLE.a(gap.o) (HCI_DisconnectCmd)
C:\Users\Astap\Desktop\CH583EVT\EVT\EXAM\BLE\LIB\libCH58xBLE.a(ll_master.o)
                              C:\Users\Astap\Desktop\CH583EVT\EVT\EXAM\BLE\LIB\libCH58xBLE.a(gap_central.o) (LL_SetDataSendPriority)
C:\Users\Astap\Desktop\CH583EVT\EVT\EXAM\BLE\LIB\libCH58xBLE.a(ll_pdu.o)
[...]
Memory Configuration

Name             Origin             Length             Attributes
FLASH            0x0000000000000000 0x0000000000070000 xr
RAM              0x0000000020000000 0x0000000000008000 xrw
*default*        0x0000000000000000 0xffffffffffffffff

Linker script and memory map

LOAD ./StdPeriphDriver/CH58x_adc.o
LOAD ./StdPeriphDriver/CH58x_clk.o
LOAD ./StdPeriphDriver/CH58x_flash.o
LOAD ./StdPeriphDriver/CH58x_gpio.o
LOAD ./StdPeriphDriver/CH58x_i2c.o
LOAD ./StdPeriphDriver/CH58x_pwm.o
LOAD ./StdPeriphDriver/CH58x_pwr.o
LOAD ./StdPeriphDriver/CH58x_spi0.o
LOAD ./StdPeriphDriver/CH58x_spi1.o
LOAD ./StdPeriphDriver/CH58x_sys.o
LOAD ./StdPeriphDriver/CH58x_timer0.o
LOAD ./StdPeriphDriver/CH58x_timer1.o
LOAD ./StdPeriphDriver/CH58x_timer2.o
LOAD ./StdPeriphDriver/CH58x_timer3.o
LOAD ./StdPeriphDriver/CH58x_uart0.o
LOAD ./StdPeriphDriver/CH58x_uart1.o
LOAD ./StdPeriphDriver/CH58x_uart2.o
LOAD ./StdPeriphDriver/CH58x_uart3.o
LOAD ./StdPeriphDriver/CH58x_usb2dev.o
LOAD ./StdPeriphDriver/CH58x_usb2hostBase.o
LOAD ./StdPeriphDriver/CH58x_usb2hostClass.o
LOAD ./StdPeriphDriver/CH58x_usbdev.o
LOAD ./StdPeriphDriver/CH58x_usbhostBase.o
LOAD ./StdPeriphDriver/CH58x_usbhostClass.o
LOAD ./Startup/startup_CH583.o
LOAD ./RVMSIS/core_riscv.o
LOAD ./Profile/devinfoservice.o
LOAD ./Profile/gattprofile.o
LOAD ./HAL/KEY.o
LOAD ./HAL/LED.o
LOAD ./HAL/MCU.o
LOAD ./HAL/RTC.o
LOAD ./HAL/SLEEP.o
LOAD ./APP/multiCentPeri_main.o
LOAD ./APP/multiCentral.o
LOAD ./APP/multiPeripheral.o
LOAD C:\Users\Astap\Desktop\CH583EVT\EVT\EXAM\SRC\StdPeriphDriver\libISP583.a
LOAD C:\Users\Astap\Desktop\CH583EVT\EVT\EXAM\BLE\LIB\libCH58xBLE.a
LOAD c:/mounriver/mounriver_studio/toolchain/risc-v embedded gcc/bin/../lib/gcc/riscv-none-embed/8.2.0/rv32imac/ilp32\libgcc.a
LOAD c:/mounriver/mounriver_studio/toolchain/risc-v embedded gcc/bin/../lib/gcc/riscv-none-embed/8.2.0/../../../../riscv-none-embed/lib/rv32imac/ilp32\libg_nano.a
LOAD c:/mounriver/mounriver_studio/toolchain/risc-v embedded gcc/bin/../lib/gcc/riscv-none-embed/8.2.0/../../../../riscv-none-embed/lib/rv32imac/ilp32\libc_nano.a
LOAD c:/mounriver/mounriver_studio/toolchain/risc-v embedded gcc/bin/../lib/gcc/riscv-none-embed/8.2.0/rv32imac/ilp32\libgcc.a
START GROUP
LOAD c:/mounriver/mounriver_studio/toolchain/risc-v embedded gcc/bin/../lib/gcc/riscv-none-embed/8.2.0/rv32imac/ilp32\libgcc.a
LOAD c:/mounriver/mounriver_studio/toolchain/risc-v embedded gcc/bin/../lib/gcc/riscv-none-embed/8.2.0/../../../../riscv-none-embed/lib/rv32imac/ilp32\libc_nano.a
LOAD c:/mounriver/mounriver_studio/toolchain/risc-v embedded gcc/bin/../lib/gcc/riscv-none-embed/8.2.0/../../../../riscv-none-embed/lib/rv32imac/ilp32\libnosys.a
END GROUP
START GROUP
LOAD c:/mounriver/mounriver_studio/toolchain/risc-v embedded gcc/bin/../lib/gcc/riscv-none-embed/8.2.0/rv32imac/ilp32\libgcc.a
LOAD c:/mounriver/mounriver_studio/toolchain/risc-v embedded gcc/bin/../lib/gcc/riscv-none-embed/8.2.0/../../../../riscv-none-embed/lib/rv32imac/ilp32\libc_nano.a
LOAD c:/mounriver/mounriver_studio/toolchain/risc-v embedded gcc/bin/../lib/gcc/riscv-none-embed/8.2.0/../../../../riscv-none-embed/lib/rv32imac/ilp32\libnosys.a
END GROUP
                0x0000000000000200                __stack_size = 0x200
                [!provide]                        PROVIDE (_stack_size = __stack_size)

.init           0x0000000000000000        0x4
                0x0000000000000000                _sinit = .
                0x0000000000000000                . = ALIGN (0x4)
 *(SORT_NONE(.init))
 .init          0x0000000000000000        0x4 ./Startup/startup_CH583.o
                0x0000000000000000                _start
                0x0000000000000004                . = ALIGN (0x4)
                0x0000000000000004                _einit = .

.highcodelalign
                0x0000000000000004        0x0
                0x0000000000000004                . = ALIGN (0x4)
                0x0000000000000004                PROVIDE (_highcode_lma = .)

.highcode       0x0000000020000000     0x2098 load address 0x0000000000000004
                0x0000000020000000                . = ALIGN (0x4)
                0x0000000020000000                PROVIDE (_highcode_vma_start = .)
 *(.vector)
 .vector        0x0000000020000000       0x90 ./Startup/startup_CH583.o
 *(SORT_NONE(.vector_handler))
 .vector_handler
                0x0000000020000090        0x2 ./Startup/startup_CH583.o
                0x0000000020000090                GPIOB_IRQHandler
                0x0000000020000090                GPIOA_IRQHandler
                0x0000000020000090                SysTick_Handler
                0x0000000020000090                NMI_Handler
                0x0000000020000090                UART1_IRQHandler
                0x0000000020000090                UART0_IRQHandler
                0x0000000020000090                BB_IRQHandler
                0x0000000020000090                Break_Point_Handler
                0x0000000020000090                TMR0_IRQHandler
                0x0000000020000090                Ecall_M_Mode_Handler
                0x0000000020000090                UART2_IRQHandler
                0x0000000020000090                PWMX_IRQHandler
                0x0000000020000090                ADC_IRQHandler
                0x0000000020000090                TMR2_IRQHandler
                0x0000000020000090                USB_IRQHandler
                0x0000000020000090                I2C_IRQHandler
                0x0000000020000090                USB2_IRQHandler
                0x0000000020000090                LLE_IRQHandler
                0x0000000020000090                WDOG_BAT_IRQHandler
                0x0000000020000090                Ecall_U_Mode_Handler
                0x0000000020000090                TMR3_IRQHandler
                0x0000000020000090                SW_Handler
                0x0000000020000090                SPI0_IRQHandler
                0x0000000020000090                UART3_IRQHandler
                0x0000000020000090                TMR1_IRQHandler
 *(.highcode)
 .highcode      0x0000000020000092      0x4ec ./StdPeriphDriver/CH58x_sys.o
                0x0000000020000092                SetSysClock
                0x0000000020000418                SYS_ResetExecute
                0x000000002000048a                HardFault_Handler
                0x0000000020000548                mDelayuS
                0x0000000020000556                mDelaymS
 .highcode      0x000000002000057e       0x16 ./HAL/RTC.o
                0x000000002000057e                RTC_IRQHandler
 .highcode      0x0000000020000594        0x8 ./APP/multiCentPeri_main.o
                0x0000000020000594                Main_Circulation
 .highcode      0x000000002000059c      0x426 C:\Users\Astap\Desktop\CH583EVT\EVT\EXAM\SRC\StdPeriphDriver\libISP583.a(ISP583.o)
                0x000000002000059c                FLASH_ROM_BEG
                0x00000000200005ae                FLASH_ROM_END
                0x00000000200005bc                FLASH_ROM_IN
                0x00000000200005ca                FLASH_ROM_OUT
                0x00000000200005d8                FLASH_ROM_ADDR
                0x0000000020000620                FLASH_ROM_WAIT
                0x0000000020000658                FLASH_EEPROM_CMD
 .highcode      0x00000000200009c2      0x40c C:\Users\Astap\Desktop\CH583EVT\EVT\EXAM\BLE\LIB\libCH58xBLE.a(tmos.o)
                0x00000000200009c2                tmos_memcpy
                0x00000000200009e2                tmos_memcpy_word
                0x00000000200009fa                tmos_memset
                0x0000000020000a0c                tmos_strlen
                0x0000000020000a20                tmos_memdup
                0x0000000020000a52                tmos_memcmp
                0x0000000020000a80                tmos_revmemcpy
                0x0000000020000a9c                tmos_isbufset
                0x0000000020000abe                tmos_proces_system_time
                0x0000000020000bf2                TMOS_SystemProcess
 .highcode      0x0000000020000dce       0x50 C:\Users\Astap\Desktop\CH583EVT\EVT\EXAM\BLE\LIB\libCH58xBLE.a(tmos_hw.o)
                0x0000000020000e18                TMOS_TimerIRQHandler
 .highcode      0x0000000020000e1e       0xa0 C:\Users\Astap\Desktop\CH583EVT\EVT\EXAM\BLE\LIB\libCH58xBLE.a(ll_scan.o)
                0x0000000020000e1e                ll_scan_duplicate_filter
 .highcode      0x0000000020000ebe       0x4e C:\Users\Astap\Desktop\CH583EVT\EVT\EXAM\BLE\LIB\libCH58xBLE.a(ll_whitelist.o)
                0x0000000020000ebe                LL_WhitelistLookup
 .highcode      0x0000000020000f0c      0x1b2 C:\Users\Astap\Desktop\CH583EVT\EVT\EXAM\BLE\LIB\libCH58xBLE.a(aes.o)
                0x0000000020000f0c                AES_DevAESEnc
 .highcode      0x00000000200010be      0x14a C:\Users\Astap\Desktop\CH583EVT\EVT\EXAM\BLE\LIB\libCH58xBLE.a(bb.o)
                0x00000000200010be                BB_IRQLibHandler
                0x00000000200011be                BB_IRQLibFunction
 .highcode      0x0000000020001208      0x368 C:\Users\Astap\Desktop\CH583EVT\EVT\EXAM\BLE\LIB\libCH58xBLE.a(ip.o)
                0x0000000020001208                ll_rx_wait_finish
                0x0000000020001242                ble_ll_chkcrc
                0x00000000200012e0                ll_tx_wait_finish
                0x00000000200013d8                BLE_CheckHoppingMap
 .highcode      0x0000000020001570      0x234 C:\Users\Astap\Desktop\CH583EVT\EVT\EXAM\BLE\LIB\libCH58xBLE.a(lle.o)
                0x0000000020001570                LLE_IRQLibHandler
                0x000000002000175a                LLE_IRQLibFunction
 .highcode      0x00000000200017a4       0x32 C:\Users\Astap\Desktop\CH583EVT\EVT\EXAM\BLE\LIB\libCH58xBLE.a(rfend.o)
                0x00000000200017a4                RFEND_WaitTune
 .highcode      0x00000000200017d6      0x19e C:\Users\Astap\Desktop\CH583EVT\EVT\EXAM\BLE\LIB\libCH58xBLE.a(memory.o)
                0x00000000200017d6                tmos_memory_allocate
                0x000000002000189c                tmos_memory_free
 .highcode      0x0000000020001974      0x2da C:\Users\Astap\Desktop\CH583EVT\EVT\EXAM\BLE\LIB\libCH58xBLE.a(ll_connect.o)
                0x0000000020001974                ll_connect_send_data
                0x0000000020001aa0                ll_connect_recv_data
                0x0000000020001b7c                ll_connect_event_continue
                0x0000000020001c42                ll_wait_connect_event
 .highcode      0x0000000020001c4e      0x310 C:\Users\Astap\Desktop\CH583EVT\EVT\EXAM\BLE\LIB\libCH58xBLE.a(ll_hop.o)
                0x0000000020001c4e                LL_HopGetChannel
                0x0000000020001cf4                LL_HopGetChannel2
 .highcode      0x0000000020001f5e      0x138 C:\Users\Astap\Desktop\CH583EVT\EVT\EXAM\BLE\LIB\libCH58xBLE.a(ll_resolvinglist.o)
                0x0000000020001f5e                ll_resolvinglist_checkRPA
                0x0000000020001fca                LL_ResolvinglistPeerIdentifyAddressGetIrk
                0x000000002000201e                LL_ResolvinglistPeerRpaAddressGetIrk
                0x000000002000205a                LL_ResolvinglistLocalRpaAddressGetIrk
 *(.highcode.*)
                0x0000000020002098                . = ALIGN (0x4)
 *fill*         0x0000000020002096        0x2 
                0x0000000020002098                PROVIDE (_highcode_vma_end = .)

.text           0x000000000000209c    0x29ff8
                0x000000000000209c                . = ALIGN (0x4)
 *(SORT_NONE(.handle_reset))
 .handle_reset  0x000000000000209c       0xae ./Startup/startup_CH583.o
                0x000000000000209c                handle_reset
 *(.text)
 .text          0x000000000000214a       0xa8 c:/mounriver/mounriver_studio/toolchain/risc-v embedded gcc/bin/../lib/gcc/riscv-none-embed/8.2.0/../../../../riscv-none-embed/lib/rv32imac/ilp32\libg_nano.a(lib_a-memset.o)
                0x000000000000214a                memset
 *(.text.*)
 .text.ADC_InterTSSampInit
                0x00000000000021f2       0x28 ./StdPeriphDriver/CH58x_adc.o
                0x00000000000021f2                ADC_InterTSSampInit
 .text.RTC_InitTime
                0x000000000000221a      0x204 ./StdPeriphDriver/CH58x_clk.o
                0x000000000000221a                RTC_InitTime
 .text.GPIOA_ModeCfg
                0x000000000000241e       0xa6 ./StdPeriphDriver/CH58x_gpio.o
                0x000000000000241e                GPIOA_ModeCfg
 .text.GPIOB_ModeCfg
                0x00000000000024c4       0xa6 ./StdPeriphDriver/CH58x_gpio.o
                0x00000000000024c4                GPIOB_ModeCfg
 .text.GPIOPinRemap
                0x000000000000256a       0x1a ./StdPeriphDriver/CH58x_gpio.o
                0x000000000000256a                GPIOPinRemap
 .text.GetSysClock
                0x0000000000002584       0x42 ./StdPeriphDriver/CH58x_sys.o
                0x0000000000002584                GetSysClock
 .text.SYS_GetSysTickCnt
                0x00000000000025c6        0xa ./StdPeriphDriver/CH58x_sys.o
                0x00000000000025c6                SYS_GetSysTickCnt
 .text._write   0x00000000000025d0       0x28 ./StdPeriphDriver/CH58x_sys.o
                0x00000000000025d0                _write
 .text._sbrk    0x00000000000025f8       0x34 ./StdPeriphDriver/CH58x_sys.o
                0x00000000000025f8                _sbrk
 .text.UART1_BaudRateCfg
                0x000000000000262c       0x30 ./StdPeriphDriver/CH58x_uart1.o
                0x000000000000262c                UART1_BaudRateCfg
 .text.UART1_DefInit
                0x000000000000265c       0x32 ./StdPeriphDriver/CH58x_uart1.o
                0x000000000000265c                UART1_DefInit
 .text.devInfo_ReadAttrCB
                0x000000000000268e      0x196 ./Profile/devinfoservice.o
 .text.DevInfo_AddService
                0x0000000000002824       0x18 ./Profile/devinfoservice.o
                0x0000000000002824                DevInfo_AddService
 .text.simpleProfile_ReadAttrCB
                0x000000000000283c       0x82 ./Profile/gattprofile.o
 .text.simpleProfile_WriteAttrCB
                0x00000000000028be       0xce ./Profile/gattprofile.o
 .text.simpleProfile_HandleConnStatusCB
                0x000000000000298c       0x3e ./Profile/gattprofile.o
 .text.SimpleProfile_AddService
                0x00000000000029ca       0x4c ./Profile/gattprofile.o
                0x00000000000029ca                SimpleProfile_AddService
 .text.SimpleProfile_RegisterAppCBs
                0x0000000000002a16        0xe ./Profile/gattprofile.o
                0x0000000000002a16                SimpleProfile_RegisterAppCBs
 .text.SimpleProfile_SetParameter
                0x0000000000002a24       0x82 ./Profile/gattprofile.o
                0x0000000000002a24                SimpleProfile_SetParameter
 .text.simpleProfile_Notify
                0x0000000000002aa6       0x46 ./Profile/gattprofile.o
                0x0000000000002aa6                simpleProfile_Notify
 .text.Lib_Read_Flash
                0x0000000000002aec       0x1c ./HAL/MCU.o
                0x0000000000002aec                Lib_Read_Flash
 .text.Lib_Write_Flash
                0x0000000000002b08       0x40 ./HAL/MCU.o
                0x0000000000002b08                Lib_Write_Flash
 .text.HAL_GetInterTempValue
                0x0000000000002b48       0x72 ./HAL/MCU.o
                0x0000000000002b48                HAL_GetInterTempValue
 .text.HAL_ProcessEvent
                0x0000000000002bba       0x7c ./HAL/MCU.o
                0x0000000000002bba                HAL_ProcessEvent
 .text.CH58X_BLEInit
                0x0000000000002c36      0x124 ./HAL/MCU.o
                0x0000000000002c36                CH58X_BLEInit
 .text.HAL_Init
                0x0000000000002d5a       0x34 ./HAL/MCU.o
                0x0000000000002d5a                HAL_Init
 .text.HAL_TimeInit
                0x0000000000002d8e       0x7e ./HAL/RTC.o
                0x0000000000002d8e                HAL_TimeInit
 .text.startup.main
                0x0000000000002e0c       0x8e ./APP/multiCentPeri_main.o
                0x0000000000002e0c                main
 .text.centralHciMTUChangeCB
                0x0000000000002e9a        0x2 ./APP/multiCentral.o
 .text.centralRssiCB
                0x0000000000002e9c       0x12 ./APP/multiCentral.o
 .text.centralPasscodeCB
                0x0000000000002eae       0x3e ./APP/multiCentral.o
 .text.connect_ProcessEvent
                0x0000000000002eec      0x1f6 ./APP/multiCentral.o
 .text.centralPairStateCB
                0x00000000000030e2       0x60 ./APP/multiCentral.o
 .text.centralAddDeviceInfo.part.2
                0x0000000000003142       0xb0 ./APP/multiCentral.o
 .text.Central_ProcessEvent
                0x00000000000031f2      0x3b8 ./APP/multiCentral.o
                0x00000000000031f2                Central_ProcessEvent
 .text.centralEventCB
                0x00000000000035aa      0x34e ./APP/multiCentral.o
 .text.Central_Init
                0x00000000000038f8      0x10a ./APP/multiCentral.o
                0x00000000000038f8                Central_Init
 .text.peripheralRssiCB
                0x0000000000003a02       0x12 ./APP/multiPeripheral.o
 .text.peripheralParamUpdateCB
                0x0000000000003a14       0x94 ./APP/multiPeripheral.o
 .text.Peripheral_LinkTerminated
                0x0000000000003aa8       0x94 ./APP/multiPeripheral.o
 .text.peripheralStateNotificationCB
                0x0000000000003b3c      0x236 ./APP/multiPeripheral.o
 .text.simpleProfileChangeCB
                0x0000000000003d72       0x4a ./APP/multiPeripheral.o
 .text.performPeriodicTask
                0x0000000000003dbc       0x64 ./APP/multiPeripheral.o
 .text.Peripheral_ProcessEvent
                0x0000000000003e20      0x288 ./APP/multiPeripheral.o
                0x0000000000003e20                Peripheral_ProcessEvent
 .text.Peripheral_Init
                0x00000000000040a8      0x1bc ./APP/multiPeripheral.o
                0x00000000000040a8                Peripheral_Init
 .text.tmos_msg_enqueue
                0x0000000000004264       0x1e C:\Users\Astap\Desktop\CH583EVT\EVT\EXAM\BLE\LIB\libCH58xBLE.a(message.o)
                0x0000000000004264                tmos_msg_enqueue
 .text.tmos_msg_deallocate
                0x0000000000004282       0x2c C:\Users\Astap\Desktop\CH583EVT\EVT\EXAM\BLE\LIB\libCH58xBLE.a(message.o)
                0x0000000000004282                tmos_msg_deallocate
 .text.tmos_msg_allocate
                0x00000000000042ae       0x46 C:\Users\Astap\Desktop\CH583EVT\EVT\EXAM\BLE\LIB\libCH58xBLE.a(message.o)
                0x00000000000042ae                tmos_msg_allocate
 .text.tmos_msg_receive
                0x00000000000042f4       0x68 C:\Users\Astap\Desktop\CH583EVT\EVT\EXAM\BLE\LIB\libCH58xBLE.a(message.o)
                0x00000000000042f4                tmos_msg_receive
 .text.tmos_msg_send
                0x000000000000435c       0x5c C:\Users\Astap\Desktop\CH583EVT\EVT\EXAM\BLE\LIB\libCH58xBLE.a(message.o)
                0x000000000000435c                tmos_msg_send
 .text.tmos_msg_init
                0x00000000000043b8        0x6 C:\Users\Astap\Desktop\CH583EVT\EVT\EXAM\BLE\LIB\libCH58xBLE.a(message.o)
                0x00000000000043b8                tmos_msg_init
 .text.tmosFindTask
                0x00000000000043be       0x20 C:\Users\Astap\Desktop\CH583EVT\EVT\EXAM\BLE\LIB\libCH58xBLE.a(tmos.o)
 .text.TMOS_CB_PeriodicProcessEvent
                0x00000000000043de       0x82 C:\Users\Astap\Desktop\CH583EVT\EVT\EXAM\BLE\LIB\libCH58xBLE.a(tmos.o)
                0x00000000000043de                TMOS_CB_PeriodicProcessEvent
 .text.TMOS_CB_ProcessEvent
                0x0000000000004460       0x7c C:\Users\Astap\Desktop\CH583EVT\EVT\EXAM\BLE\LIB\libCH58xBLE.a(tmos.o)
                0x0000000000004460                TMOS_CB_ProcessEvent
 .text.tmos_rand
                0x00000000000044dc       0x4e C:\Users\Astap\Desktop\CH583EVT\EVT\EXAM\BLE\LIB\libCH58xBLE.a(tmos.o)
                0x00000000000044dc                tmos_rand
 .text.tmos_start_periodic_callback_task
                0x000000000000452a       0xda C:\Users\Astap\Desktop\CH583EVT\EVT\EXAM\BLE\LIB\libCH58xBLE.a(tmos.o)
                0x000000000000452a                tmos_start_periodic_callback_task
 .text.tmos_set_event
                0x0000000000004604       0x2a C:\Users\Astap\Desktop\CH583EVT\EVT\EXAM\BLE\LIB\libCH58xBLE.a(tmos.o)
                0x0000000000004604                tmos_set_event
 .text.tmos_clear_event
                0x000000000000462e       0x2e C:\Users\Astap\Desktop\CH583EVT\EVT\EXAM\BLE\LIB\libCH58xBLE.a(tmos.o)
                0x000000000000462e                tmos_clear_event
 .text.tmos_update_callback_timer
                0x000000000000465c       0xba C:\Users\Astap\Desktop\CH583EVT\EVT\EXAM\BLE\LIB\libCH58xBLE.a(tmos.o)
                0x000000000000465c                tmos_update_callback_timer
 .text.tmos_update_periodic_callback_timer
                0x0000000000004716       0x5a C:\Users\Astap\Desktop\CH583EVT\EVT\EXAM\BLE\LIB\libCH58xBLE.a(tmos.o)
                0x0000000000004716                tmos_update_periodic_callback_timer
 .text.tmos_start_task
                0x0000000000004770      0x126 C:\Users\Astap\Desktop\CH583EVT\EVT\EXAM\BLE\LIB\libCH58xBLE.a(tmos.o)
                0x0000000000004770                tmos_start_task
 .text.tmos_start_callback_task
                0x0000000000004896       0x96 C:\Users\Astap\Desktop\CH583EVT\EVT\EXAM\BLE\LIB\libCH58xBLE.a(tmos.o)
                0x0000000000004896                tmos_start_callback_task
 .text.tmos_start_reload_task
                0x000000000000492c       0x56 C:\Users\Astap\Desktop\CH583EVT\EVT\EXAM\BLE\LIB\libCH58xBLE.a(tmos.o)
                0x000000000000492c                tmos_start_reload_task
 .text.tmos_stop_task
                0x0000000000004982       0x48 C:\Users\Astap\Desktop\CH583EVT\EVT\EXAM\BLE\LIB\libCH58xBLE.a(tmos.o)
                0x0000000000004982                tmos_stop_task
 .text.tmos_stop_callback_task
                0x00000000000049ca       0x56 C:\Users\Astap\Desktop\CH583EVT\EVT\EXAM\BLE\LIB\libCH58xBLE.a(tmos.o)
                0x00000000000049ca                tmos_stop_callback_task
 .text.tmos_get_task_timer
                0x0000000000004a20       0x5e C:\Users\Astap\Desktop\CH583EVT\EVT\EXAM\BLE\LIB\libCH58xBLE.a(tmos.o)
                0x0000000000004a20                tmos_get_task_timer
 .text.tmos_proces_sleep
                0x0000000000004a7e       0xc4 C:\Users\Astap\Desktop\CH583EVT\EVT\EXAM\BLE\LIB\libCH58xBLE.a(tmos.o)
                0x0000000000004a7e                tmos_proces_sleep
 .text.TMOS_TimerRegister
                0x0000000000004b42       0x1a C:\Users\Astap\Desktop\CH583EVT\EVT\EXAM\BLE\LIB\libCH58xBLE.a(tmos.o)
                0x0000000000004b42                TMOS_TimerRegister
 .text.TMOS_ProcessRegister
                0x0000000000004b5c       0x16 C:\Users\Astap\Desktop\CH583EVT\EVT\EXAM\BLE\LIB\libCH58xBLE.a(tmos.o)
                0x0000000000004b5c                TMOS_ProcessRegister
 .text.TMOS_Init
                0x0000000000004b72      0x10e C:\Users\Astap\Desktop\CH583EVT\EVT\EXAM\BLE\LIB\libCH58xBLE.a(tmos.o)
                0x0000000000004b72                TMOS_Init
 .text.TMOS_ProcessEventRegister
                0x0000000000004c80       0x38 C:\Users\Astap\Desktop\CH583EVT\EVT\EXAM\BLE\LIB\libCH58xBLE.a(tmos.o)
                0x0000000000004c80                TMOS_ProcessEventRegister
 .text.BLE_LibInit
                0x0000000000004cb8      0x178 C:\Users\Astap\Desktop\CH583EVT\EVT\EXAM\BLE\LIB\libCH58xBLE.a(tmos.o)
                0x0000000000004cb8                BLE_LibInit
 .text.clockGetTickValve
                0x0000000000004e30       0x7e C:\Users\Astap\Desktop\CH583EVT\EVT\EXAM\BLE\LIB\libCH58xBLE.a(tmos_hw.o)
 .text.ll_get_sca_divisor
                0x0000000000004eae       0x40 C:\Users\Astap\Desktop\CH583EVT\EVT\EXAM\BLE\LIB\libCH58xBLE.a(tmos_hw.o)
                0x0000000000004eae                ll_get_sca_divisor
 .text.ll_get_sca_own
                0x0000000000004eee       0x46 C:\Users\Astap\Desktop\CH583EVT\EVT\EXAM\BLE\LIB\libCH58xBLE.a(tmos_hw.o)
                0x0000000000004eee                ll_get_sca_own
 .text.ble_ll_common_rand8
                0x0000000000004f34       0x24 C:\Users\Astap\Desktop\CH583EVT\EVT\EXAM\BLE\LIB\libCH58xBLE.a(tmos_hw.o)
                0x0000000000004f34                ble_ll_common_rand8
 .text.ble_ll_common_rand16
                0x0000000000004f58       0x24 C:\Users\Astap\Desktop\CH583EVT\EVT\EXAM\BLE\LIB\libCH58xBLE.a(tmos_hw.o)
                0x0000000000004f58                ble_ll_common_rand16
 .text.ble_ll_common_rand32
                0x0000000000004f7c       0x20 C:\Users\Astap\Desktop\CH583EVT\EVT\EXAM\BLE\LIB\libCH58xBLE.a(tmos_hw.o)
                0x0000000000004f7c                ble_ll_common_rand32
 .text.TMOS_TempSample
                0x0000000000004f9c       0x62 C:\Users\Astap\Desktop\CH583EVT\EVT\EXAM\BLE\LIB\libCH58xBLE.a(tmos_hw.o)
                0x0000000000004f9c                TMOS_TempSample
 .text.TMOS_TimerInit
                0x0000000000004ffe      0x14e C:\Users\Astap\Desktop\CH583EVT\EVT\EXAM\BLE\LIB\libCH58xBLE.a(tmos_hw.o)
                0x0000000000004ffe                TMOS_TimerInit
 .text.tmos_snv_init
                0x000000000000514c       0xc0 C:\Users\Astap\Desktop\CH583EVT\EVT\EXAM\BLE\LIB\libCH58xBLE.a(tmos_snv.o)
                0x000000000000514c                tmos_snv_init
 .text.tmos_snv_read
                0x000000000000520c      0x292 C:\Users\Astap\Desktop\CH583EVT\EVT\EXAM\BLE\LIB\libCH58xBLE.a(tmos_snv.o)
                0x000000000000520c                tmos_snv_read
 .text.tmos_snv_notify
                0x000000000000549e       0x5a C:\Users\Astap\Desktop\CH583EVT\EVT\EXAM\BLE\LIB\libCH58xBLE.a(tmos_snv.o)
                0x000000000000549e                tmos_snv_notify
 .text.tmos_snv_write
                0x00000000000054f8      0x2ce C:\Users\Astap\Desktop\CH583EVT\EVT\EXAM\BLE\LIB\libCH58xBLE.a(tmos_snv.o)
                0x00000000000054f8                tmos_snv_write
 .text.tmos_snv_compact
                0x00000000000057c6        0x4 C:\Users\Astap\Desktop\CH583EVT\EVT\EXAM\BLE\LIB\libCH58xBLE.a(tmos_snv.o)
                0x00000000000057c6                tmos_snv_compact
 .text.disconnectNext
                0x00000000000057ca       0x22 C:\Users\Astap\Desktop\CH583EVT\EVT\EXAM\BLE\LIB\libCH58xBLE.a(gap.o)
 .text.GAP_ParamInit
                0x00000000000057ec       0xec C:\Users\Astap\Desktop\CH583EVT\EVT\EXAM\BLE\LIB\libCH58xBLE.a(gap.o)
                0x00000000000057ec                GAP_ParamInit
 .text.sendTerminateEvent
                0x00000000000058d8       0x58 C:\Users\Astap\Desktop\CH583EVT\EVT\EXAM\BLE\LIB\libCH58xBLE.a(gap.o)
                0x00000000000058d8                sendTerminateEvent
 .text.gapRegisterCentral
                0x0000000000005930        0x6 C:\Users\Astap\Desktop\CH583EVT\EVT\EXAM\BLE\LIB\libCH58xBLE.a(gap.o)
                0x0000000000005930                gapRegisterCentral
 .text.gapRegisterCentralConn
                0x0000000000005936        0x6 C:\Users\Astap\Desktop\CH583EVT\EVT\EXAM\BLE\LIB\libCH58xBLE.a(gap.o)
                0x0000000000005936                gapRegisterCentralConn
 .text.gapRegisterPeripheral
                0x000000000000593c        0x6 C:\Users\Astap\Desktop\CH583EVT\EVT\EXAM\BLE\LIB\libCH58xBLE.a(gap.o)
                0x000000000000593c                gapRegisterPeripheral
 .text.gapRegisterPeripheralConn
                0x0000000000005942        0x6 C:\Users\Astap\Desktop\CH583EVT\EVT\EXAM\BLE\LIB\libCH58xBLE.a(gap.o)
                0x0000000000005942                gapRegisterPeripheralConn
 .text.smGenerateRandBuf
                0x0000000000005948       0x56 C:\Users\Astap\Desktop\CH583EVT\EVT\EXAM\BLE\LIB\libCH58xBLE.a(gap.o)
                0x0000000000005948                smGenerateRandBuf
 .text.gapL2capConnParamUpdateReq
                0x000000000000599e       0x36 C:\Users\Astap\Desktop\CH583EVT\EVT\EXAM\BLE\LIB\libCH58xBLE.a(gap.o)
                0x000000000000599e                gapL2capConnParamUpdateReq
 .text.gapValidADType
                0x00000000000059d4       0x16 C:\Users\Astap\Desktop\CH583EVT\EVT\EXAM\BLE\LIB\libCH58xBLE.a(gap.o)
                0x00000000000059d4                gapValidADType
 .text.gapFindADType
                0x00000000000059ea       0x92 C:\Users\Astap\Desktop\CH583EVT\EVT\EXAM\BLE\LIB\libCH58xBLE.a(gap.o)
                0x00000000000059ea                gapFindADType
 .text.GAP_SecParamsInit
                0x0000000000005a7c       0xaa C:\Users\Astap\Desktop\CH583EVT\EVT\EXAM\BLE\LIB\libCH58xBLE.a(gap.o)
                0x0000000000005a7c                GAP_SecParamsInit
 .text.GAP_ParamsInit
                0x0000000000005b26       0x50 C:\Users\Astap\Desktop\CH583EVT\EVT\EXAM\BLE\LIB\libCH58xBLE.a(gap.o)
                0x0000000000005b26                GAP_ParamsInit
 .text.gapAddAddrAdj
                0x0000000000005b76       0x48 C:\Users\Astap\Desktop\CH583EVT\EVT\EXAM\BLE\LIB\libCH58xBLE.a(gap.o)
                0x0000000000005b76                gapAddAddrAdj
 .text.gapDetermineAddrType
                0x0000000000005bbe       0x28 C:\Users\Astap\Desktop\CH583EVT\EVT\EXAM\BLE\LIB\libCH58xBLE.a(gap.o)
                0x0000000000005bbe                gapDetermineAddrType
 .text.gapFreeAuthLink
                0x0000000000005be6       0x4a C:\Users\Astap\Desktop\CH583EVT\EVT\EXAM\BLE\LIB\libCH58xBLE.a(gap.o)
                0x0000000000005be6                gapFreeAuthLink
 .text.gapGetDevAddress
                0x0000000000005c30       0x24 C:\Users\Astap\Desktop\CH583EVT\EVT\EXAM\BLE\LIB\libCH58xBLE.a(gap.o)
                0x0000000000005c30                gapGetDevAddress
 .text.gapGetDevAddressMode
                0x0000000000005c54        0xa C:\Users\Astap\Desktop\CH583EVT\EVT\EXAM\BLE\LIB\libCH58xBLE.a(gap.o)
                0x0000000000005c54                gapGetDevAddressMode
 .text.gapGetIRK
                0x0000000000005c5e        0xc C:\Users\Astap\Desktop\CH583EVT\EVT\EXAM\BLE\LIB\libCH58xBLE.a(gap.o)
                0x0000000000005c5e                gapGetIRK
 .text.gapGetSRK
                0x0000000000005c6a        0xc C:\Users\Astap\Desktop\CH583EVT\EVT\EXAM\BLE\LIB\libCH58xBLE.a(gap.o)
                0x0000000000005c6a                gapGetSRK
 .text.gapGetSignCounter
                0x0000000000005c76        0xe C:\Users\Astap\Desktop\CH583EVT\EVT\EXAM\BLE\LIB\libCH58xBLE.a(gap.o)
                0x0000000000005c76                gapGetSignCounter
 .text.gapIncSignCounter
                0x0000000000005c84       0x28 C:\Users\Astap\Desktop\CH583EVT\EVT\EXAM\BLE\LIB\libCH58xBLE.a(gap.o)
                0x0000000000005c84                gapIncSignCounter
 .text.gapProcessConnEvt
                0x0000000000005cac       0x48 C:\Users\Astap\Desktop\CH583EVT\EVT\EXAM\BLE\LIB\libCH58xBLE.a(gap.o)
                0x0000000000005cac                gapProcessConnEvt
 .text.gapProcessDisconnectCompleteEvt
                0x0000000000005cf4       0xa8 C:\Users\Astap\Desktop\CH583EVT\EVT\EXAM\BLE\LIB\libCH58xBLE.a(gap.o)
                0x0000000000005cf4                gapProcessDisconnectCompleteEvt
 .text.sendAuthEvent
                0x0000000000005d9c      0x11e C:\Users\Astap\Desktop\CH583EVT\EVT\EXAM\BLE\LIB\libCH58xBLE.a(gap.o)
                0x0000000000005d9c                sendAuthEvent
 .text.gapSendBondCompleteEvent
                0x0000000000005eba       0x74 C:\Users\Astap\Desktop\CH583EVT\EVT\EXAM\BLE\LIB\libCH58xBLE.a(gap.o)
                0x0000000000005eba                gapSendBondCompleteEvent
 .text.gapSendPairingReqEvent
                0x0000000000005f2e       0x96 C:\Users\Astap\Desktop\CH583EVT\EVT\EXAM\BLE\LIB\libCH58xBLE.a(gap.o)
                0x0000000000005f2e                gapSendPairingReqEvent
 .text.gapSendSlaveSecurityReqEvent
                0x0000000000005fc4       0x68 C:\Users\Astap\Desktop\CH583EVT\EVT\EXAM\BLE\LIB\libCH58xBLE.a(gap.o)
                0x0000000000005fc4                gapSendSlaveSecurityReqEvent
 .text.gapSendDeviceInitDoneEvent
                0x000000000000602c       0x88 C:\Users\Astap\Desktop\CH583EVT\EVT\EXAM\BLE\LIB\libCH58xBLE.a(gap.o)
                0x000000000000602c                gapSendDeviceInitDoneEvent
 .text.gapSendLinkUpdateEvent
                0x00000000000060b4       0xb2 C:\Users\Astap\Desktop\CH583EVT\EVT\EXAM\BLE\LIB\libCH58xBLE.a(gap.o)
                0x00000000000060b4                gapSendLinkUpdateEvent
 .text.gapSendPhyUpdateEvent
                0x0000000000006166       0x58 C:\Users\Astap\Desktop\CH583EVT\EVT\EXAM\BLE\LIB\libCH58xBLE.a(gap.o)
                0x0000000000006166                gapSendPhyUpdateEvent
 .text.gapSendEstLinkEvent
                0x00000000000061be       0xbc C:\Users\Astap\Desktop\CH583EVT\EVT\EXAM\BLE\LIB\libCH58xBLE.a(gap.o)
                0x00000000000061be                gapSendEstLinkEvent
 .text.gapProcessNewAddr
                0x000000000000627a       0x3e C:\Users\Astap\Desktop\CH583EVT\EVT\EXAM\BLE\LIB\libCH58xBLE.a(gap.o)
                0x000000000000627a                gapProcessNewAddr
 .text.gapProcessRandomAddrComplete
                0x00000000000062b8       0xb6 C:\Users\Astap\Desktop\CH583EVT\EVT\EXAM\BLE\LIB\libCH58xBLE.a(gap.o)
                0x00000000000062b8                gapProcessRandomAddrComplete
 .text.GAP_Authenticate
                0x000000000000636e       0xde C:\Users\Astap\Desktop\CH583EVT\EVT\EXAM\BLE\LIB\libCH58xBLE.a(gap.o)
                0x000000000000636e                GAP_Authenticate
 .text.GAP_Bond
                0x000000000000644c       0xaa C:\Users\Astap\Desktop\CH583EVT\EVT\EXAM\BLE\LIB\libCH58xBLE.a(gap.o)
                0x000000000000644c                GAP_Bond
 .text.GAP_GetParamValue
                0x00000000000064f6       0x20 C:\Users\Astap\Desktop\CH583EVT\EVT\EXAM\BLE\LIB\libCH58xBLE.a(gap.o)
                0x00000000000064f6                GAP_GetParamValue
 .text.GAP_PasscodeUpdate
                0x0000000000006516       0x54 C:\Users\Astap\Desktop\CH583EVT\EVT\EXAM\BLE\LIB\libCH58xBLE.a(gap.o)
                0x0000000000006516                GAP_PasscodeUpdate
 .text.GAP_RegisterForMsgs
                0x000000000000656a        0xa C:\Users\Astap\Desktop\CH583EVT\EVT\EXAM\BLE\LIB\libCH58xBLE.a(gap.o)
                0x000000000000656a                GAP_RegisterForMsgs
 .text.GAP_ResolvePrivateAddr
                0x0000000000006574        0x4 C:\Users\Astap\Desktop\CH583EVT\EVT\EXAM\BLE\LIB\libCH58xBLE.a(gap.o)
                0x0000000000006574                GAP_ResolvePrivateAddr
 .text.gapPairingCompleteCB
                0x0000000000006578      0x18c C:\Users\Astap\Desktop\CH583EVT\EVT\EXAM\BLE\LIB\libCH58xBLE.a(gap.o)
                0x0000000000006578                gapPairingCompleteCB
 .text.gapPasskeyNeededCB
                0x0000000000006704       0x8e C:\Users\Astap\Desktop\CH583EVT\EVT\EXAM\BLE\LIB\libCH58xBLE.a(gap.o)
                0x0000000000006704                gapPasskeyNeededCB
 .text.gapOobNeededCB
                0x0000000000006792       0xa6 C:\Users\Astap\Desktop\CH583EVT\EVT\EXAM\BLE\LIB\libCH58xBLE.a(gap.o)
                0x0000000000006792                gapOobNeededCB
 .text.gapFreeEstLink
                0x0000000000006838       0x20 C:\Users\Astap\Desktop\CH583EVT\EVT\EXAM\BLE\LIB\libCH58xBLE.a(gap.o)
                0x0000000000006838                gapFreeEstLink
 .text.gapUpdateConnSignCounter
                0x0000000000006858       0x7a C:\Users\Astap\Desktop\CH583EVT\EVT\EXAM\BLE\LIB\libCH58xBLE.a(gap.o)
                0x0000000000006858                gapUpdateConnSignCounter
 .text.GAP_SendSlaveSecurityRequest
                0x00000000000068d2       0x4a C:\Users\Astap\Desktop\CH583EVT\EVT\EXAM\BLE\LIB\libCH58xBLE.a(gap.o)
                0x00000000000068d2                GAP_SendSlaveSecurityRequest
 .text.GAP_Signable
                0x000000000000691c       0x6a C:\Users\Astap\Desktop\CH583EVT\EVT\EXAM\BLE\LIB\libCH58xBLE.a(gap.o)
                0x000000000000691c                GAP_Signable
 .text.GAP_TerminateAuth
                0x0000000000006986       0x2a C:\Users\Astap\Desktop\CH583EVT\EVT\EXAM\BLE\LIB\libCH58xBLE.a(gap.o)
                0x0000000000006986                GAP_TerminateAuth
 .text.GAP_NumActiveConnections
                0x00000000000069b0        0x4 C:\Users\Astap\Desktop\CH583EVT\EVT\EXAM\BLE\LIB\libCH58xBLE.a(gap.o)
                0x00000000000069b0                GAP_NumActiveConnections
 .text.GAP_TerminateLinkReq
                0x00000000000069b4       0x8e C:\Users\Astap\Desktop\CH583EVT\EVT\EXAM\BLE\LIB\libCH58xBLE.a(gap.o)
                0x00000000000069b4                GAP_TerminateLinkReq
 .text.GAP_SetParamValue
                0x0000000000006a42       0x6c C:\Users\Astap\Desktop\CH583EVT\EVT\EXAM\BLE\LIB\libCH58xBLE.a(gap.o)
                0x0000000000006a42                GAP_SetParamValue
 .text.GAP_Init
                0x0000000000006aae       0x48 C:\Users\Astap\Desktop\CH583EVT\EVT\EXAM\BLE\LIB\libCH58xBLE.a(gap.o)
                0x0000000000006aae                GAP_Init
 .text.GAP_ProcessEvent
                0x0000000000006af6      0x66a C:\Users\Astap\Desktop\CH583EVT\EVT\EXAM\BLE\LIB\libCH58xBLE.a(gap.o)
                0x0000000000006af6                GAP_ProcessEvent
 .text.gapSendScanEnable
                0x0000000000007160       0x3a C:\Users\Astap\Desktop\CH583EVT\EVT\EXAM\BLE\LIB\libCH58xBLE.a(gap_central.o)
 .text.gapCentProcessConnEvt
                0x000000000000719a      0x168 C:\Users\Astap\Desktop\CH583EVT\EVT\EXAM\BLE\LIB\libCH58xBLE.a(gap_central.o)
                0x000000000000719a                gapCentProcessConnEvt
 .text.gapProcessScanningPeriodicAdvEvt
                0x0000000000007302       0xa0 C:\Users\Astap\Desktop\CH583EVT\EVT\EXAM\BLE\LIB\libCH58xBLE.a(gap_central.o)
                0x0000000000007302                gapProcessScanningPeriodicAdvEvt
 .text.gapCancelLinkReq
                0x00000000000073a2       0x38 C:\Users\Astap\Desktop\CH583EVT\EVT\EXAM\BLE\LIB\libCH58xBLE.a(gap_central.o)
                0x00000000000073a2                gapCancelLinkReq
 .text.gapProcessAdvertDevInfo
                0x00000000000073da      0x242 C:\Users\Astap\Desktop\CH583EVT\EVT\EXAM\BLE\LIB\libCH58xBLE.a(gap_central.o)
                0x00000000000073da                gapProcessAdvertDevInfo
 .text.gapProcessExtAdvertDevInfo
                0x000000000000761c      0x260 C:\Users\Astap\Desktop\CH583EVT\EVT\EXAM\BLE\LIB\libCH58xBLE.a(gap_central.o)
                0x000000000000761c                gapProcessExtAdvertDevInfo
 .text.gapProcessPeriodicAdvertisingSyncEstablishedEvt
                0x000000000000787c       0xae C:\Users\Astap\Desktop\CH583EVT\EVT\EXAM\BLE\LIB\libCH58xBLE.a(gap_central.o)
                0x000000000000787c                gapProcessPeriodicAdvertisingSyncEstablishedEvt
 .text.gapProcessPeriodicAdvertisingSyncLostEvt
                0x000000000000792a       0x56 C:\Users\Astap\Desktop\CH583EVT\EVT\EXAM\BLE\LIB\libCH58xBLE.a(gap_central.o)
                0x000000000000792a                gapProcessPeriodicAdvertisingSyncLostEvt
 .text.gapFreeScanRecs
                0x0000000000007980       0xa6 C:\Users\Astap\Desktop\CH583EVT\EVT\EXAM\BLE\LIB\libCH58xBLE.a(gap_central.o)
                0x0000000000007980                gapFreeScanRecs
 .text.gapSendDevDiscEvent
                0x0000000000007a26      0x124 C:\Users\Astap\Desktop\CH583EVT\EVT\EXAM\BLE\LIB\libCH58xBLE.a(gap_central.o)
                0x0000000000007a26                gapSendDevDiscEvent
 .text.gapSetScanParamStatus
                0x0000000000007b4a       0x56 C:\Users\Astap\Desktop\CH583EVT\EVT\EXAM\BLE\LIB\libCH58xBLE.a(gap_central.o)
 .text.gapCentProcessHCICmdEvt
                0x0000000000007ba0       0x3c C:\Users\Astap\Desktop\CH583EVT\EVT\EXAM\BLE\LIB\libCH58xBLE.a(gap_central.o)
                0x0000000000007ba0                gapCentProcessHCICmdEvt
 .text.gapProcessScanningEvt
                0x0000000000007bdc      0x110 C:\Users\Astap\Desktop\CH583EVT\EVT\EXAM\BLE\LIB\libCH58xBLE.a(gap_central.o)
                0x0000000000007bdc                gapProcessScanningEvt
 .text.gapProcessScanningDirectEvt
                0x0000000000007cec       0xfe C:\Users\Astap\Desktop\CH583EVT\EVT\EXAM\BLE\LIB\libCH58xBLE.a(gap_central.o)
                0x0000000000007cec                gapProcessScanningDirectEvt
 .text.gapProcessScanningExtAdvEvt
                0x0000000000007dea      0x2c4 C:\Users\Astap\Desktop\CH583EVT\EVT\EXAM\BLE\LIB\libCH58xBLE.a(gap_central.o)
                0x0000000000007dea                gapProcessScanningExtAdvEvt
 .text.GAP_DeviceDiscoveryRequest
                0x00000000000080ae      0x120 C:\Users\Astap\Desktop\CH583EVT\EVT\EXAM\BLE\LIB\libCH58xBLE.a(gap_central.o)
                0x00000000000080ae                GAP_DeviceDiscoveryRequest
 .text.GAP_EstablishLinkReq
                0x00000000000081ce      0x28c C:\Users\Astap\Desktop\CH583EVT\EVT\EXAM\BLE\LIB\libCH58xBLE.a(gap_central.o)
                0x00000000000081ce                GAP_EstablishLinkReq
 .text.GAP_CentConnRegister
                0x000000000000845a       0x16 C:\Users\Astap\Desktop\CH583EVT\EVT\EXAM\BLE\LIB\libCH58xBLE.a(gap_central.o)
                0x000000000000845a                GAP_CentConnRegister
 .text.GAP_CentralParamInit
                0x0000000000008470       0x6a C:\Users\Astap\Desktop\CH583EVT\EVT\EXAM\BLE\LIB\libCH58xBLE.a(gap_central.o)
                0x0000000000008470                GAP_CentralParamInit
 .text.GAP_CentDevMgrInit
                0x00000000000084da       0x9c C:\Users\Astap\Desktop\CH583EVT\EVT\EXAM\BLE\LIB\libCH58xBLE.a(gap_central.o)
                0x00000000000084da                GAP_CentDevMgrInit
 .text.gapFreeAdvertState
                0x0000000000008576       0x20 C:\Users\Astap\Desktop\CH583EVT\EVT\EXAM\BLE\LIB\libCH58xBLE.a(gap_peripheral.o)
 .text.gapSetPeriodicAdvParams
                0x0000000000008596       0x30 C:\Users\Astap\Desktop\CH583EVT\EVT\EXAM\BLE\LIB\libCH58xBLE.a(gap_peripheral.o)
 .text.gapSetConnectionlessCTEParams
                0x00000000000085c6       0x54 C:\Users\Astap\Desktop\CH583EVT\EVT\EXAM\BLE\LIB\libCH58xBLE.a(gap_peripheral.o)
 .text.gapSetAdvParams
                0x000000000000861a      0x126 C:\Users\Astap\Desktop\CH583EVT\EVT\EXAM\BLE\LIB\libCH58xBLE.a(gap_peripheral.o)
 .text.gapPeriProcessConnEvt
                0x0000000000008740       0xd0 C:\Users\Astap\Desktop\CH583EVT\EVT\EXAM\BLE\LIB\libCH58xBLE.a(gap_peripheral.o)
 .text.gapWriteAdvDataStatus
                0x0000000000008810       0x8a C:\Users\Astap\Desktop\CH583EVT\EVT\EXAM\BLE\LIB\libCH58xBLE.a(gap_peripheral.o)
 .text.GAP_MakeDiscoverable
                0x000000000000889a      0x174 C:\Users\Astap\Desktop\CH583EVT\EVT\EXAM\BLE\LIB\libCH58xBLE.a(gap_peripheral.o)
                0x000000000000889a                GAP_MakeDiscoverable
 .text.GAP_EndDiscoverable
                0x0000000000008a0e       0x66 C:\Users\Astap\Desktop\CH583EVT\EVT\EXAM\BLE\LIB\libCH58xBLE.a(gap_peripheral.o)
                0x0000000000008a0e                GAP_EndDiscoverable
 .text.gapProcessAdvertisingEvt
                0x0000000000008a74      0x118 C:\Users\Astap\Desktop\CH583EVT\EVT\EXAM\BLE\LIB\libCH58xBLE.a(gap_peripheral.o)
 .text.GAP_MakePeriodic
                0x0000000000008b8c       0x26 C:\Users\Astap\Desktop\CH583EVT\EVT\EXAM\BLE\LIB\libCH58xBLE.a(gap_peripheral.o)
                0x0000000000008b8c                GAP_MakePeriodic
 .text.GAP_EndPeriodic
                0x0000000000008bb2        0xc C:\Users\Astap\Desktop\CH583EVT\EVT\EXAM\BLE\LIB\libCH58xBLE.a(gap_peripheral.o)
                0x0000000000008bb2                GAP_EndPeriodic
 .text.GAP_MakeConnecttionlessCTE
                0x0000000000008bbe       0x1a C:\Users\Astap\Desktop\CH583EVT\EVT\EXAM\BLE\LIB\libCH58xBLE.a(gap_peripheral.o)
                0x0000000000008bbe                GAP_MakeConnecttionlessCTE
 .text.GAP_EndConnecttionlessCTE
                0x0000000000008bd8        0xc C:\Users\Astap\Desktop\CH583EVT\EVT\EXAM\BLE\LIB\libCH58xBLE.a(gap_peripheral.o)
                0x0000000000008bd8                GAP_EndConnecttionlessCTE
 .text.GAP_SetAdvertisingAdvData
                0x0000000000008be4      0x102 C:\Users\Astap\Desktop\CH583EVT\EVT\EXAM\BLE\LIB\libCH58xBLE.a(gap_peripheral.o)
                0x0000000000008be4                GAP_SetAdvertisingAdvData
 .text.GAP_SetAdvertisingRspData
                0x0000000000008ce6      0x102 C:\Users\Astap\Desktop\CH583EVT\EVT\EXAM\BLE\LIB\libCH58xBLE.a(gap_peripheral.o)
                0x0000000000008ce6                GAP_SetAdvertisingRspData
 .text.GAP_SetPeriodicAdvertisingData
                0x0000000000008de8       0xc6 C:\Users\Astap\Desktop\CH583EVT\EVT\EXAM\BLE\LIB\libCH58xBLE.a(gap_peripheral.o)
                0x0000000000008de8                GAP_SetPeriodicAdvertisingData
 .text.GAP_GetAdvertisingAdvData
                0x0000000000008eae       0x26 C:\Users\Astap\Desktop\CH583EVT\EVT\EXAM\BLE\LIB\libCH58xBLE.a(gap_peripheral.o)
                0x0000000000008eae                GAP_GetAdvertisingAdvData
 .text.GAP_GetAdvertisingRspData
                0x0000000000008ed4       0x34 C:\Users\Astap\Desktop\CH583EVT\EVT\EXAM\BLE\LIB\libCH58xBLE.a(gap_peripheral.o)
                0x0000000000008ed4                GAP_GetAdvertisingRspData
 .text.GAP_GetPeriodicAdvertisingData
                0x0000000000008f08       0x34 C:\Users\Astap\Desktop\CH583EVT\EVT\EXAM\BLE\LIB\libCH58xBLE.a(gap_peripheral.o)
                0x0000000000008f08                GAP_GetPeriodicAdvertisingData
 .text.GAP_PeriConnRegister
                0x0000000000008f3c       0x2e C:\Users\Astap\Desktop\CH583EVT\EVT\EXAM\BLE\LIB\libCH58xBLE.a(gap_peripheral.o)
                0x0000000000008f3c                GAP_PeriConnRegister
 .text.GAP_PeripheralParamInit
                0x0000000000008f6a       0x6c C:\Users\Astap\Desktop\CH583EVT\EVT\EXAM\BLE\LIB\libCH58xBLE.a(gap_peripheral.o)
                0x0000000000008f6a                GAP_PeripheralParamInit
 .text.gapSendMakeDiscEvent
                0x0000000000008fd6       0x50 C:\Users\Astap\Desktop\CH583EVT\EVT\EXAM\BLE\LIB\libCH58xBLE.a(gap_peripheral.o)
                0x0000000000008fd6                gapSendMakeDiscEvent
 .text.gapWriteAdvEnableStatus
                0x0000000000009026      0x110 C:\Users\Astap\Desktop\CH583EVT\EVT\EXAM\BLE\LIB\libCH58xBLE.a(gap_peripheral.o)
 .text.gapSendMakePeriodicEvent
                0x0000000000009136       0x3a C:\Users\Astap\Desktop\CH583EVT\EVT\EXAM\BLE\LIB\libCH58xBLE.a(gap_peripheral.o)
                0x0000000000009136                gapSendMakePeriodicEvent
 .text.gapSendMakeConnectionlessCTEEvent
                0x0000000000009170       0x3a C:\Users\Astap\Desktop\CH583EVT\EVT\EXAM\BLE\LIB\libCH58xBLE.a(gap_peripheral.o)
                0x0000000000009170                gapSendMakeConnectionlessCTEEvent
 .text.gapPeriProcessHCICmdCompleteEvt
                0x00000000000091aa      0x22e C:\Users\Astap\Desktop\CH583EVT\EVT\EXAM\BLE\LIB\libCH58xBLE.a(gap_peripheral.o)
 .text.GAP_PeriDevMgrInit
                0x00000000000093d8       0x2e C:\Users\Astap\Desktop\CH583EVT\EVT\EXAM\BLE\LIB\libCH58xBLE.a(gap_peripheral.o)
                0x00000000000093d8                GAP_PeriDevMgrInit
 .text.ggs_SetAttrWPermit
                0x0000000000009406       0x68 C:\Users\Astap\Desktop\CH583EVT\EVT\EXAM\BLE\LIB\libCH58xBLE.a(gapgattserver.o)
 .text.ggs_ReadAttrCB
                0x000000000000946e      0x156 C:\Users\Astap\Desktop\CH583EVT\EVT\EXAM\BLE\LIB\libCH58xBLE.a(gapgattserver.o)
 .text.ggs_WriteAttrCB
                0x00000000000095c4      0x162 C:\Users\Astap\Desktop\CH583EVT\EVT\EXAM\BLE\LIB\libCH58xBLE.a(gapgattserver.o)
 .text.GGS_ParamInit
                0x0000000000009726      0x15c C:\Users\Astap\Desktop\CH583EVT\EVT\EXAM\BLE\LIB\libCH58xBLE.a(gapgattserver.o)
                0x0000000000009726                GGS_ParamInit
 .text.GGS_SetParameter
                0x0000000000009882      0x116 C:\Users\Astap\Desktop\CH583EVT\EVT\EXAM\BLE\LIB\libCH58xBLE.a(gapgattserver.o)
                0x0000000000009882                GGS_SetParameter
 .text.GGS_AddService
                0x0000000000009998       0x2c C:\Users\Astap\Desktop\CH583EVT\EVT\EXAM\BLE\LIB\libCH58xBLE.a(gapgattserver.o)
                0x0000000000009998                GGS_AddService
 .text.GAP_DeviceInit
                0x00000000000099c4       0xd8 C:\Users\Astap\Desktop\CH583EVT\EVT\EXAM\BLE\LIB\libCH58xBLE.a(gapgattserver.o)
                0x00000000000099c4                GAP_DeviceInit
 .text.gattRead
                0x0000000000009a9c       0x4c C:\Users\Astap\Desktop\CH583EVT\EVT\EXAM\BLE\LIB\libCH58xBLE.a(gatt.o)
 .text.gattWrite.part.0
                0x0000000000009ae8       0x4c C:\Users\Astap\Desktop\CH583EVT\EVT\EXAM\BLE\LIB\libCH58xBLE.a(gatt.o)
 .text.gattReadByType
                0x0000000000009b34       0x8c C:\Users\Astap\Desktop\CH583EVT\EVT\EXAM\BLE\LIB\libCH58xBLE.a(gatt.o)
                0x0000000000009b34                gattReadByType
 .text.gattGetPayload
                0x0000000000009bc0       0x7e C:\Users\Astap\Desktop\CH583EVT\EVT\EXAM\BLE\LIB\libCH58xBLE.a(gatt.o)
                0x0000000000009bc0                gattGetPayload
 .text.gattNotifyEvent
                0x0000000000009c3e       0x84 C:\Users\Astap\Desktop\CH583EVT\EVT\EXAM\BLE\LIB\libCH58xBLE.a(gatt.o)
                0x0000000000009c3e                gattNotifyEvent
 .text.gattSendFlowCtrlEvt
                0x0000000000009cc2       0x52 C:\Users\Astap\Desktop\CH583EVT\EVT\EXAM\BLE\LIB\libCH58xBLE.a(gatt.o)
                0x0000000000009cc2                gattSendFlowCtrlEvt
 .text.gattStartTimer
                0x0000000000009d14        0xc C:\Users\Astap\Desktop\CH583EVT\EVT\EXAM\BLE\LIB\libCH58xBLE.a(gatt.o)
                0x0000000000009d14                gattStartTimer
 .text.gattStopTimer
                0x0000000000009d20       0x32 C:\Users\Astap\Desktop\CH583EVT\EVT\EXAM\BLE\LIB\libCH58xBLE.a(gatt.o)
                0x0000000000009d20                gattStopTimer
 .text.GATT_AppCompletedMsg
                0x0000000000009d52       0x30 C:\Users\Astap\Desktop\CH583EVT\EVT\EXAM\BLE\LIB\libCH58xBLE.a(gatt.o)
                0x0000000000009d52                GATT_AppCompletedMsg
 .text.GATT_NotifyEvent
                0x0000000000009d82       0x56 C:\Users\Astap\Desktop\CH583EVT\EVT\EXAM\BLE\LIB\libCH58xBLE.a(gatt.o)
                0x0000000000009d82                GATT_NotifyEvent
 .text.GATT_ReadCharValue
                0x0000000000009dd8        0x4 C:\Users\Astap\Desktop\CH583EVT\EVT\EXAM\BLE\LIB\libCH58xBLE.a(gatt.o)
                0x0000000000009dd8                GATT_ReadCharValue
 .text.GATT_ReadUsingCharUUID
                0x0000000000009ddc        0x8 C:\Users\Astap\Desktop\CH583EVT\EVT\EXAM\BLE\LIB\libCH58xBLE.a(gatt.o)
                0x0000000000009ddc                GATT_ReadUsingCharUUID
 .text.GATT_WriteCharValue
                0x0000000000009de4       0x12 C:\Users\Astap\Desktop\CH583EVT\EVT\EXAM\BLE\LIB\libCH58xBLE.a(gatt.o)
                0x0000000000009de4                GATT_WriteCharValue
 .text.gattRegisterClient
                0x0000000000009df6        0x6 C:\Users\Astap\Desktop\CH583EVT\EVT\EXAM\BLE\LIB\libCH58xBLE.a(gatt.o)
                0x0000000000009df6                gattRegisterClient
 .text.gattRegisterServer
                0x0000000000009dfc        0x6 C:\Users\Astap\Desktop\CH583EVT\EVT\EXAM\BLE\LIB\libCH58xBLE.a(gatt.o)
                0x0000000000009dfc                gattRegisterServer
 .text.GATT_UpdateMTU
                0x0000000000009e02       0x5a C:\Users\Astap\Desktop\CH583EVT\EVT\EXAM\BLE\LIB\libCH58xBLE.a(gatt.o)
                0x0000000000009e02                GATT_UpdateMTU
 .text.GATT_bm_alloc
                0x0000000000009e5c       0xe8 C:\Users\Astap\Desktop\CH583EVT\EVT\EXAM\BLE\LIB\libCH58xBLE.a(gatt.o)
                0x0000000000009e5c                GATT_bm_alloc
 .text.gattFindByTypeValue
                0x0000000000009f44       0x7c C:\Users\Astap\Desktop\CH583EVT\EVT\EXAM\BLE\LIB\libCH58xBLE.a(gatt.o)
                0x0000000000009f44                gattFindByTypeValue
 .text.GATT_DiscPrimaryServiceByUUID
                0x0000000000009fc0       0x78 C:\Users\Astap\Desktop\CH583EVT\EVT\EXAM\BLE\LIB\libCH58xBLE.a(gatt.o)
                0x0000000000009fc0                GATT_DiscPrimaryServiceByUUID
 .text.gattPrepareWriteReq
                0x000000000000a038       0x6e C:\Users\Astap\Desktop\CH583EVT\EVT\EXAM\BLE\LIB\libCH58xBLE.a(gatt.o)
                0x000000000000a038                gattPrepareWriteReq
 .text.gattProcessReliableWrites
                0x000000000000a0a6       0xd4 C:\Users\Astap\Desktop\CH583EVT\EVT\EXAM\BLE\LIB\libCH58xBLE.a(gatt.o)
                0x000000000000a0a6                gattProcessReliableWrites
 .text.gattProcessWriteLong
                0x000000000000a17a       0xc0 C:\Users\Astap\Desktop\CH583EVT\EVT\EXAM\BLE\LIB\libCH58xBLE.a(gatt.o)
                0x000000000000a17a                gattProcessWriteLong
 .text.GATT_ServiceChangedInd
                0x000000000000a23a       0x94 C:\Users\Astap\Desktop\CH583EVT\EVT\EXAM\BLE\LIB\libCH58xBLE.a(gatt.o)
                0x000000000000a23a                GATT_ServiceChangedInd
 .text.GATT_bm_free
                0x000000000000a2ce       0x1c C:\Users\Astap\Desktop\CH583EVT\EVT\EXAM\BLE\LIB\libCH58xBLE.a(gatt.o)
                0x000000000000a2ce                GATT_bm_free
 .text.GATT_Init
                0x000000000000a2ea       0x2a C:\Users\Astap\Desktop\CH583EVT\EVT\EXAM\BLE\LIB\libCH58xBLE.a(gatt.o)
                0x000000000000a2ea                GATT_Init
 .text.GATT_ProcessEvent
                0x000000000000a314      0x13a C:\Users\Astap\Desktop\CH583EVT\EVT\EXAM\BLE\LIB\libCH58xBLE.a(gatt.o)
                0x000000000000a314                GATT_ProcessEvent
 .text.gattProcessReadByType
                0x000000000000a44e      0x1d8 C:\Users\Astap\Desktop\CH583EVT\EVT\EXAM\BLE\LIB\libCH58xBLE.a(gattclientapp.o)
                0x000000000000a44e                gattProcessReadByType
 .text.gattFindClientInfo
                0x000000000000a626       0x30 C:\Users\Astap\Desktop\CH583EVT\EVT\EXAM\BLE\LIB\libCH58xBLE.a(gattclientapp.o)
                0x000000000000a626                gattFindClientInfo
 .text.gattClientNotifyTxCB
                0x000000000000a656       0x28 C:\Users\Astap\Desktop\CH583EVT\EVT\EXAM\BLE\LIB\libCH58xBLE.a(gattclientapp.o)
                0x000000000000a656                gattClientNotifyTxCB
 .text.gattGetClientStatus
                0x000000000000a67e       0x36 C:\Users\Astap\Desktop\CH583EVT\EVT\EXAM\BLE\LIB\libCH58xBLE.a(gattclientapp.o)
                0x000000000000a67e                gattGetClientStatus
 .text.gattResetClientInfo
                0x000000000000a6b4       0x8a C:\Users\Astap\Desktop\CH583EVT\EVT\EXAM\BLE\LIB\libCH58xBLE.a(gattclientapp.o)
                0x000000000000a6b4                gattResetClientInfo
 .text.gattClientHandleConnStatusCB
                0x000000000000a73e       0x9a C:\Users\Astap\Desktop\CH583EVT\EVT\EXAM\BLE\LIB\libCH58xBLE.a(gattclientapp.o)
                0x000000000000a73e                gattClientHandleConnStatusCB
 .text.gattClientHandleTimerCB
                0x000000000000a7d8       0x58 C:\Users\Astap\Desktop\CH583EVT\EVT\EXAM\BLE\LIB\libCH58xBLE.a(gattclientapp.o)
                0x000000000000a7d8                gattClientHandleTimerCB
 .text.gattStoreClientInfo
                0x000000000000a830       0x72 C:\Users\Astap\Desktop\CH583EVT\EVT\EXAM\BLE\LIB\libCH58xBLE.a(gattclientapp.o)
                0x000000000000a830                gattStoreClientInfo
 .text.GATT_RegisterForInd
                0x000000000000a8a2        0x6 C:\Users\Astap\Desktop\CH583EVT\EVT\EXAM\BLE\LIB\libCH58xBLE.a(gattclientapp.o)
                0x000000000000a8a2                GATT_RegisterForInd
 .text.gattProcessFindInfo
                0x000000000000a8a8       0x92 C:\Users\Astap\Desktop\CH583EVT\EVT\EXAM\BLE\LIB\libCH58xBLE.a(gattclientapp.o)
                0x000000000000a8a8                gattProcessFindInfo
 .text.gattProcessFindByTypeValue
                0x000000000000a93a       0x7e C:\Users\Astap\Desktop\CH583EVT\EVT\EXAM\BLE\LIB\libCH58xBLE.a(gattclientapp.o)
                0x000000000000a93a                gattProcessFindByTypeValue
 .text.gattProcessReadLong
                0x000000000000a9b8       0x78 C:\Users\Astap\Desktop\CH583EVT\EVT\EXAM\BLE\LIB\libCH58xBLE.a(gattclientapp.o)
                0x000000000000a9b8                gattProcessReadLong
 .text.gattProcessReadByGrpType
                0x000000000000aa30       0x92 C:\Users\Astap\Desktop\CH583EVT\EVT\EXAM\BLE\LIB\libCH58xBLE.a(gattclientapp.o)
                0x000000000000aa30                gattProcessReadByGrpType
 .text.gattProcessMultiReqs
                0x000000000000aac2      0x134 C:\Users\Astap\Desktop\CH583EVT\EVT\EXAM\BLE\LIB\libCH58xBLE.a(gattclientapp.o)
                0x000000000000aac2                gattProcessMultiReqs
 .text.gattClientProcessMsgCB
                0x000000000000abf6      0x1e6 C:\Users\Astap\Desktop\CH583EVT\EVT\EXAM\BLE\LIB\libCH58xBLE.a(gattclientapp.o)
                0x000000000000abf6                gattClientProcessMsgCB
 .text.GATT_InitClient
                0x000000000000addc       0xcc C:\Users\Astap\Desktop\CH583EVT\EVT\EXAM\BLE\LIB\libCH58xBLE.a(gattclientapp.o)
                0x000000000000addc                GATT_InitClient
 .text.gattProcessExchangeMTUReq
                0x000000000000aea8        0x4 C:\Users\Astap\Desktop\CH583EVT\EVT\EXAM\BLE\LIB\libCH58xBLE.a(gattservapp.o)
 .text.gattServApp_FindCharCfgItem
                0x000000000000aeac       0x24 C:\Users\Astap\Desktop\CH583EVT\EVT\EXAM\BLE\LIB\libCH58xBLE.a(gattservapp.o)
 .text.gattServerHandleTimerCB
                0x000000000000aed0       0x3c C:\Users\Astap\Desktop\CH583EVT\EVT\EXAM\BLE\LIB\libCH58xBLE.a(gattservapp.o)
 .text.GATTServApp_InitCharCfg.part.12
                0x000000000000af0c       0x20 C:\Users\Astap\Desktop\CH583EVT\EVT\EXAM\BLE\LIB\libCH58xBLE.a(gattservapp.o)
 .text.gattProcessExecuteWriteReq
                0x000000000000af2c        0x4 C:\Users\Astap\Desktop\CH583EVT\EVT\EXAM\BLE\LIB\libCH58xBLE.a(gattservapp.o)
 .text.GATTServApp_ParamInit
                0x000000000000af30       0xd6 C:\Users\Astap\Desktop\CH583EVT\EVT\EXAM\BLE\LIB\libCH58xBLE.a(gattservapp.o)
                0x000000000000af30                GATTServApp_ParamInit
 .text.GATTServApp_ReadCharCfg
                0x000000000000b006       0x18 C:\Users\Astap\Desktop\CH583EVT\EVT\EXAM\BLE\LIB\libCH58xBLE.a(gattservapp.o)
                0x000000000000b006                GATTServApp_ReadCharCfg
 .text.GATTServApp_WriteCharCfg
                0x000000000000b01e       0x3c C:\Users\Astap\Desktop\CH583EVT\EVT\EXAM\BLE\LIB\libCH58xBLE.a(gattservapp.o)
                0x000000000000b01e                GATTServApp_WriteCharCfg
 .text.GATTServApp_ProcessCCCWriteReq
                0x000000000000b05a       0x60 C:\Users\Astap\Desktop\CH583EVT\EVT\EXAM\BLE\LIB\libCH58xBLE.a(gattservapp.o)
                0x000000000000b05a                GATTServApp_ProcessCCCWriteReq
 .text.gattServApp_WriteAttrCB
                0x000000000000b0ba       0x34 C:\Users\Astap\Desktop\CH583EVT\EVT\EXAM\BLE\LIB\libCH58xBLE.a(gattservapp.o)
                0x000000000000b0ba                gattServApp_WriteAttrCB
 .text.GATTServApp_SendCCCUpdatedEvent
                0x000000000000b0ee       0x5e C:\Users\Astap\Desktop\CH583EVT\EVT\EXAM\BLE\LIB\libCH58xBLE.a(gattservapp.o)
                0x000000000000b0ee                GATTServApp_SendCCCUpdatedEvent
 .text.GATTServApp_SendServiceChangedInd
                0x000000000000b14c       0x36 C:\Users\Astap\Desktop\CH583EVT\EVT\EXAM\BLE\LIB\libCH58xBLE.a(gattservapp.o)
                0x000000000000b14c                GATTServApp_SendServiceChangedInd
 .text.gattServApp_ClearPrepareWriteQ
                0x000000000000b182       0x50 C:\Users\Astap\Desktop\CH583EVT\EVT\EXAM\BLE\LIB\libCH58xBLE.a(gattservapp.o)
                0x000000000000b182                gattServApp_ClearPrepareWriteQ
 .text.gattServApp_FindPrepareWriteQ
                0x000000000000b1d2       0x30 C:\Users\Astap\Desktop\CH583EVT\EVT\EXAM\BLE\LIB\libCH58xBLE.a(gattservapp.o)
                0x000000000000b1d2                gattServApp_FindPrepareWriteQ
 .text.gattServApp_FindServiceCBs
                0x000000000000b202       0x18 C:\Users\Astap\Desktop\CH583EVT\EVT\EXAM\BLE\LIB\libCH58xBLE.a(gattservapp.o)
                0x000000000000b202                gattServApp_FindServiceCBs
 .text.gattServApp_FindAuthorizeAttrCB
                0x000000000000b21a       0x16 C:\Users\Astap\Desktop\CH583EVT\EVT\EXAM\BLE\LIB\libCH58xBLE.a(gattservapp.o)
                0x000000000000b21a                gattServApp_FindAuthorizeAttrCB
 .text.gattServApp_IsWriteLong
                0x000000000000b230       0xea C:\Users\Astap\Desktop\CH583EVT\EVT\EXAM\BLE\LIB\libCH58xBLE.a(gattservapp.o)
                0x000000000000b230                gattServApp_IsWriteLong
 .text.gattFindService
                0x000000000000b31a       0x1c C:\Users\Astap\Desktop\CH583EVT\EVT\EXAM\BLE\LIB\libCH58xBLE.a(gattservapp.o)
                0x000000000000b31a                gattFindService
 .text.GATT_ServiceNumAttrs
                0x000000000000b336       0x18 C:\Users\Astap\Desktop\CH583EVT\EVT\EXAM\BLE\LIB\libCH58xBLE.a(gattservapp.o)
                0x000000000000b336                GATT_ServiceNumAttrs
 .text.GATT_ServiceEncKeySize
                0x000000000000b34e       0x18 C:\Users\Astap\Desktop\CH583EVT\EVT\EXAM\BLE\LIB\libCH58xBLE.a(gattservapp.o)
                0x000000000000b34e                GATT_ServiceEncKeySize
 .text.GATT_VerifyWritePermissions.part.7
                0x000000000000b366       0x2e C:\Users\Astap\Desktop\CH583EVT\EVT\EXAM\BLE\LIB\libCH58xBLE.a(gattservapp.o)
 .text.gattResetServerInfo
                0x000000000000b394       0x1c C:\Users\Astap\Desktop\CH583EVT\EVT\EXAM\BLE\LIB\libCH58xBLE.a(gattservapp.o)
                0x000000000000b394                gattResetServerInfo
 .text.gattFindServerInfo
                0x000000000000b3b0       0x2c C:\Users\Astap\Desktop\CH583EVT\EVT\EXAM\BLE\LIB\libCH58xBLE.a(gattservapp.o)
                0x000000000000b3b0                gattFindServerInfo
 .text.gattServerHandleConnStatusCB
                0x000000000000b3dc       0x98 C:\Users\Astap\Desktop\CH583EVT\EVT\EXAM\BLE\LIB\libCH58xBLE.a(gattservapp.o)
                0x000000000000b3dc                gattServerHandleConnStatusCB
 .text.gattServerProcessMsgCB
                0x000000000000b474      0x1c0 C:\Users\Astap\Desktop\CH583EVT\EVT\EXAM\BLE\LIB\libCH58xBLE.a(gattservapp.o)
                0x000000000000b474                gattServerProcessMsgCB
 .text.gattServerNotifyTxCB
                0x000000000000b634       0x28 C:\Users\Astap\Desktop\CH583EVT\EVT\EXAM\BLE\LIB\libCH58xBLE.a(gattservapp.o)
 .text.GATT_FindHandle
                0x000000000000b65c       0x4a C:\Users\Astap\Desktop\CH583EVT\EVT\EXAM\BLE\LIB\libCH58xBLE.a(gattservapp.o)
                0x000000000000b65c                GATT_FindHandle
 .text.GATTServApp_WriteAttr
                0x000000000000b6a6       0xa8 C:\Users\Astap\Desktop\CH583EVT\EVT\EXAM\BLE\LIB\libCH58xBLE.a(gattservapp.o)
                0x000000000000b6a6                GATTServApp_WriteAttr
 .text.gattServApp_ProcessExecuteWriteReq
                0x000000000000b74e      0x100 C:\Users\Astap\Desktop\CH583EVT\EVT\EXAM\BLE\LIB\libCH58xBLE.a(gattservapp.o)
                0x000000000000b74e                gattServApp_ProcessExecuteWriteReq
 .text.GATTServApp_UpdateCharCfg
                0x000000000000b84e       0x1e C:\Users\Astap\Desktop\CH583EVT\EVT\EXAM\BLE\LIB\libCH58xBLE.a(gattservapp.o)
                0x000000000000b84e                GATTServApp_UpdateCharCfg
 .text.gattServApp_ProcessPrepareWriteReq
                0x000000000000b86c      0x10e C:\Users\Astap\Desktop\CH583EVT\EVT\EXAM\BLE\LIB\libCH58xBLE.a(gattservapp.o)
                0x000000000000b86c                gattServApp_ProcessPrepareWriteReq
 .text.gattServApp_ProcessWriteReq
                0x000000000000b97a       0xb0 C:\Users\Astap\Desktop\CH583EVT\EVT\EXAM\BLE\LIB\libCH58xBLE.a(gattservapp.o)
                0x000000000000b97a                gattServApp_ProcessWriteReq
 .text.GATT_Indication
                0x000000000000ba2a       0xa4 C:\Users\Astap\Desktop\CH583EVT\EVT\EXAM\BLE\LIB\libCH58xBLE.a(gattservapp.o)
                0x000000000000ba2a                GATT_Indication
 .text.GATT_FindHandleUUID
                0x000000000000bace       0x94 C:\Users\Astap\Desktop\CH583EVT\EVT\EXAM\BLE\LIB\libCH58xBLE.a(gattservapp.o)
                0x000000000000bace                GATT_FindHandleUUID
 .text.gattProcessReadByGrpTypeReq
                0x000000000000bb62       0x60 C:\Users\Astap\Desktop\CH583EVT\EVT\EXAM\BLE\LIB\libCH58xBLE.a(gattservapp.o)
 .text.gattProcessReadByTypeReq
                0x000000000000bbc2       0x34 C:\Users\Astap\Desktop\CH583EVT\EVT\EXAM\BLE\LIB\libCH58xBLE.a(gattservapp.o)
 .text.gattProcessFindByTypeValueReq
                0x000000000000bbf6       0x34 C:\Users\Astap\Desktop\CH583EVT\EVT\EXAM\BLE\LIB\libCH58xBLE.a(gattservapp.o)
 .text.gattProcessFindInfoReq
                0x000000000000bc2a      0x1aa C:\Users\Astap\Desktop\CH583EVT\EVT\EXAM\BLE\LIB\libCH58xBLE.a(gattservapp.o)
 .text.GATT_Notification
                0x000000000000bdd4       0x70 C:\Users\Astap\Desktop\CH583EVT\EVT\EXAM\BLE\LIB\libCH58xBLE.a(gattservapp.o)
                0x000000000000bdd4                GATT_Notification
 .text.GATT_VerifyWritePermissions
                0x000000000000be44       0x6a C:\Users\Astap\Desktop\CH583EVT\EVT\EXAM\BLE\LIB\libCH58xBLE.a(gattservapp.o)
                0x000000000000be44                GATT_VerifyWritePermissions
 .text.gattProcessWriteReq
                0x000000000000beae       0x36 C:\Users\Astap\Desktop\CH583EVT\EVT\EXAM\BLE\LIB\libCH58xBLE.a(gattservapp.o)
 .text.GATT_VerifyPrepareWritePermissions
                0x000000000000bee4       0x56 C:\Users\Astap\Desktop\CH583EVT\EVT\EXAM\BLE\LIB\libCH58xBLE.a(gattservapp.o)
                0x000000000000bee4                GATT_VerifyPrepareWritePermissions
 .text.gattProcessPrepareWriteReq
                0x000000000000bf3a       0x36 C:\Users\Astap\Desktop\CH583EVT\EVT\EXAM\BLE\LIB\libCH58xBLE.a(gattservapp.o)
 .text.GATT_FindNextAttr
                0x000000000000bf70       0xc2 C:\Users\Astap\Desktop\CH583EVT\EVT\EXAM\BLE\LIB\libCH58xBLE.a(gattservapp.o)
                0x000000000000bf70                GATT_FindNextAttr
 .text.GATTServApp_ReadAttr
                0x000000000000c032      0x2ea C:\Users\Astap\Desktop\CH583EVT\EVT\EXAM\BLE\LIB\libCH58xBLE.a(gattservapp.o)
                0x000000000000c032                GATTServApp_ReadAttr
 .text.gattServApp_ProcessReadMultiReq
                0x000000000000c31c      0x16e C:\Users\Astap\Desktop\CH583EVT\EVT\EXAM\BLE\LIB\libCH58xBLE.a(gattservapp.o)
                0x000000000000c31c                gattServApp_ProcessReadMultiReq
 .text.gattServApp_ProcessFindByTypeValueReq
                0x000000000000c48a      0x1a0 C:\Users\Astap\Desktop\CH583EVT\EVT\EXAM\BLE\LIB\libCH58xBLE.a(gattservapp.o)
                0x000000000000c48a                gattServApp_ProcessFindByTypeValueReq
 .text.GATT_VerifyReadPermissions
                0x000000000000c62a       0x68 C:\Users\Astap\Desktop\CH583EVT\EVT\EXAM\BLE\LIB\libCH58xBLE.a(gattservapp.o)
                0x000000000000c62a                GATT_VerifyReadPermissions
 .text.gattProcessReadMultiReq
                0x000000000000c692       0xae C:\Users\Astap\Desktop\CH583EVT\EVT\EXAM\BLE\LIB\libCH58xBLE.a(gattservapp.o)
 .text.gattProcessReadReq
                0x000000000000c740       0x30 C:\Users\Astap\Desktop\CH583EVT\EVT\EXAM\BLE\LIB\libCH58xBLE.a(gattservapp.o)
 .text.gattServApp_ProcessReadByGrpTypeReq
                0x000000000000c770      0x21c C:\Users\Astap\Desktop\CH583EVT\EVT\EXAM\BLE\LIB\libCH58xBLE.a(gattservapp.o)
                0x000000000000c770                gattServApp_ProcessReadByGrpTypeReq
 .text.gattServApp_ProcessReadByTypeReq
                0x000000000000c98c      0x1ae C:\Users\Astap\Desktop\CH583EVT\EVT\EXAM\BLE\LIB\libCH58xBLE.a(gattservapp.o)
                0x000000000000c98c                gattServApp_ProcessReadByTypeReq
 .text.GATT_RegisterService
                0x000000000000cb3a      0x100 C:\Users\Astap\Desktop\CH583EVT\EVT\EXAM\BLE\LIB\libCH58xBLE.a(gattservapp.o)
                0x000000000000cb3a                GATT_RegisterService
 .text.GATTServApp_RegisterService
                0x000000000000cc3a       0x7c C:\Users\Astap\Desktop\CH583EVT\EVT\EXAM\BLE\LIB\libCH58xBLE.a(gattservapp.o)
                0x000000000000cc3a                GATTServApp_RegisterService
 .text.GATTServApp_AddService
                0x000000000000ccb6       0x2c C:\Users\Astap\Desktop\CH583EVT\EVT\EXAM\BLE\LIB\libCH58xBLE.a(gattservapp.o)
                0x000000000000ccb6                GATTServApp_AddService
 .text.GATTServApp_RegisterForMsg
                0x000000000000cce2        0x6 C:\Users\Astap\Desktop\CH583EVT\EVT\EXAM\BLE\LIB\libCH58xBLE.a(gattservapp.o)
                0x000000000000cce2                GATTServApp_RegisterForMsg
 .text.GATTServApp_InitCharCfg
                0x000000000000cce8       0x28 C:\Users\Astap\Desktop\CH583EVT\EVT\EXAM\BLE\LIB\libCH58xBLE.a(gattservapp.o)
                0x000000000000cce8                GATTServApp_InitCharCfg
 .text.gattServApp_HandleConnStatusCB
                0x000000000000cd10       0x74 C:\Users\Astap\Desktop\CH583EVT\EVT\EXAM\BLE\LIB\libCH58xBLE.a(gattservapp.o)
                0x000000000000cd10                gattServApp_HandleConnStatusCB
 .text.GATT_InitServer
                0x000000000000cd84       0xfa C:\Users\Astap\Desktop\CH583EVT\EVT\EXAM\BLE\LIB\libCH58xBLE.a(gattservapp.o)
                0x000000000000cd84                GATT_InitServer
 .text.GATTServApp_Init
                0x000000000000ce7e       0x34 C:\Users\Astap\Desktop\CH583EVT\EVT\EXAM\BLE\LIB\libCH58xBLE.a(gattservapp.o)
                0x000000000000ce7e                GATTServApp_Init
 .text.GATTServApp_ProcessEvent
                0x000000000000ceb2      0x36a C:\Users\Astap\Desktop\CH583EVT\EVT\EXAM\BLE\LIB\libCH58xBLE.a(gattservapp.o)
                0x000000000000ceb2                GATTServApp_ProcessEvent
 .text.l2capAllocConnChannel
                0x000000000000d21c       0xdc C:\Users\Astap\Desktop\CH583EVT\EVT\EXAM\BLE\LIB\libCH58xBLE.a(l2cap.o)
                0x000000000000d21c                l2capAllocConnChannel
 .text.l2capFindLocalCID
                0x000000000000d2f8       0x2c C:\Users\Astap\Desktop\CH583EVT\EVT\EXAM\BLE\LIB\libCH58xBLE.a(l2cap.o)
                0x000000000000d2f8                l2capFindLocalCID
 .text.l2capFindLocalId
                0x000000000000d324       0x30 C:\Users\Astap\Desktop\CH583EVT\EVT\EXAM\BLE\LIB\libCH58xBLE.a(l2cap.o)
                0x000000000000d324                l2capFindLocalId
 .text.l2capFindPsm
                0x000000000000d354       0x2c C:\Users\Astap\Desktop\CH583EVT\EVT\EXAM\BLE\LIB\libCH58xBLE.a(l2cap.o)
                0x000000000000d354                l2capFindPsm
 .text.l2capFindRemoteCID
                0x000000000000d380       0x3c C:\Users\Astap\Desktop\CH583EVT\EVT\EXAM\BLE\LIB\libCH58xBLE.a(l2cap.o)
                0x000000000000d380                l2capFindRemoteCID
 .text.l2capFreeChannel
                0x000000000000d3bc       0x4e C:\Users\Astap\Desktop\CH583EVT\EVT\EXAM\BLE\LIB\libCH58xBLE.a(l2cap.o)
                0x000000000000d3bc                l2capFreeChannel
 .text.l2capDisconnectChannel
                0x000000000000d40a       0x28 C:\Users\Astap\Desktop\CH583EVT\EVT\EXAM\BLE\LIB\libCH58xBLE.a(l2cap.o)
                0x000000000000d40a                l2capDisconnectChannel
 .text.l2capHandleTimerCB
                0x000000000000d432       0x2c C:\Users\Astap\Desktop\CH583EVT\EVT\EXAM\BLE\LIB\libCH58xBLE.a(l2cap.o)
                0x000000000000d432                l2capHandleTimerCB
 .text.l2capFreePendingPkt
                0x000000000000d45e       0x58 C:\Users\Astap\Desktop\CH583EVT\EVT\EXAM\BLE\LIB\libCH58xBLE.a(l2cap.o)
                0x000000000000d45e                l2capFreePendingPkt
 .text.l2capGetCoChannelInfo
                0x000000000000d4b6       0x82 C:\Users\Astap\Desktop\CH583EVT\EVT\EXAM\BLE\LIB\libCH58xBLE.a(l2cap.o)
                0x000000000000d4b6                l2capGetCoChannelInfo
 .text.l2capNumActiveChannnels
                0x000000000000d538       0x44 C:\Users\Astap\Desktop\CH583EVT\EVT\EXAM\BLE\LIB\libCH58xBLE.a(l2cap.o)
                0x000000000000d538                l2capNumActiveChannnels
 .text.l2capStartTimer
                0x000000000000d57c       0x1a C:\Users\Astap\Desktop\CH583EVT\EVT\EXAM\BLE\LIB\libCH58xBLE.a(l2cap.o)
                0x000000000000d57c                l2capStartTimer
 .text.l2capStopTimer
                0x000000000000d596       0x1e C:\Users\Astap\Desktop\CH583EVT\EVT\EXAM\BLE\LIB\libCH58xBLE.a(l2cap.o)
                0x000000000000d596                l2capStopTimer
 .text.l2capDisconnectAllChannels
                0x000000000000d5b4       0xdc C:\Users\Astap\Desktop\CH583EVT\EVT\EXAM\BLE\LIB\libCH58xBLE.a(l2cap.o)
                0x000000000000d5b4                l2capDisconnectAllChannels
 .text.l2capHandleConnStatusCB
                0x000000000000d690       0x3c C:\Users\Astap\Desktop\CH583EVT\EVT\EXAM\BLE\LIB\libCH58xBLE.a(l2cap.o)
                0x000000000000d690                l2capHandleConnStatusCB
 .text.l2capHandleRxError
                0x000000000000d6cc        0x6 C:\Users\Astap\Desktop\CH583EVT\EVT\EXAM\BLE\LIB\libCH58xBLE.a(l2cap.o)
                0x000000000000d6cc                l2capHandleRxError
 .text.L2CAP_GetMTU
                0x000000000000d6d2        0x6 C:\Users\Astap\Desktop\CH583EVT\EVT\EXAM\BLE\LIB\libCH58xBLE.a(l2cap.o)
                0x000000000000d6d2                L2CAP_GetMTU
 .text.L2CAP_HostNumCompletedPkts
                0x000000000000d6d8       0x28 C:\Users\Astap\Desktop\CH583EVT\EVT\EXAM\BLE\LIB\libCH58xBLE.a(l2cap.o)
                0x000000000000d6d8                L2CAP_HostNumCompletedPkts
 .text.L2CAP_ParseConnectReq
                0x000000000000d700       0x5e C:\Users\Astap\Desktop\CH583EVT\EVT\EXAM\BLE\LIB\libCH58xBLE.a(l2cap.o)
                0x000000000000d700                L2CAP_ParseConnectReq
 .text.L2CAP_ParseFlowCtrlCredit
                0x000000000000d75e       0x2e C:\Users\Astap\Desktop\CH583EVT\EVT\EXAM\BLE\LIB\libCH58xBLE.a(l2cap.o)
                0x000000000000d75e                L2CAP_ParseFlowCtrlCredit
 .text.L2CAP_RegisterApp
                0x000000000000d78c       0x30 C:\Users\Astap\Desktop\CH583EVT\EVT\EXAM\BLE\LIB\libCH58xBLE.a(l2cap.o)
                0x000000000000d78c                L2CAP_RegisterApp
 .text.L2CAP_SetBufSize
                0x000000000000d7bc       0x1e C:\Users\Astap\Desktop\CH583EVT\EVT\EXAM\BLE\LIB\libCH58xBLE.a(l2cap.o)
                0x000000000000d7bc                L2CAP_SetBufSize
 .text.L2CAP_bm_alloc
                0x000000000000d7da       0x2a C:\Users\Astap\Desktop\CH583EVT\EVT\EXAM\BLE\LIB\libCH58xBLE.a(l2cap.o)
                0x000000000000d7da                L2CAP_bm_alloc
 .text.L2CAP_Init
                0x000000000000d804      0x142 C:\Users\Astap\Desktop\CH583EVT\EVT\EXAM\BLE\LIB\libCH58xBLE.a(l2cap.o)
                0x000000000000d804                L2CAP_Init
 .text.L2CAP_ProcessEvent
                0x000000000000d946       0xc8 C:\Users\Astap\Desktop\CH583EVT\EVT\EXAM\BLE\LIB\libCH58xBLE.a(l2cap.o)
                0x000000000000d946                L2CAP_ProcessEvent
 .text.l2capParseCmdReject
                0x000000000000da0e       0x5e C:\Users\Astap\Desktop\CH583EVT\EVT\EXAM\BLE\LIB\libCH58xBLE.a(l2cap_input.o)
                0x000000000000da0e                l2capParseCmdReject
 .text.l2capParseDisconnectReq
                0x000000000000da6c       0x2e C:\Users\Astap\Desktop\CH583EVT\EVT\EXAM\BLE\LIB\libCH58xBLE.a(l2cap_input.o)
                0x000000000000da6c                l2capParseDisconnectReq
 .text.l2capParseDisconnectRsp
                0x000000000000da9a       0x2e C:\Users\Astap\Desktop\CH583EVT\EVT\EXAM\BLE\LIB\libCH58xBLE.a(l2cap_input.o)
                0x000000000000da9a                l2capParseDisconnectRsp
 .text.L2CAP_ParseParamUpdateReq
                0x000000000000dac8       0x4e C:\Users\Astap\Desktop\CH583EVT\EVT\EXAM\BLE\LIB\libCH58xBLE.a(l2cap_input.o)
                0x000000000000dac8                L2CAP_ParseParamUpdateReq
 .text.l2capParseParamUpdateRsp
                0x000000000000db16       0x1e C:\Users\Astap\Desktop\CH583EVT\EVT\EXAM\BLE\LIB\libCH58xBLE.a(l2cap_input.o)
                0x000000000000db16                l2capParseParamUpdateRsp
 .text.l2capProcessConnectReq
                0x000000000000db34       0xfc C:\Users\Astap\Desktop\CH583EVT\EVT\EXAM\BLE\LIB\libCH58xBLE.a(l2cap_input.o)
                0x000000000000db34                l2capProcessConnectReq
 .text.l2capParseConnectRsp
                0x000000000000dc30       0x5e C:\Users\Astap\Desktop\CH583EVT\EVT\EXAM\BLE\LIB\libCH58xBLE.a(l2cap_input.o)
                0x000000000000dc30                l2capParseConnectRsp
 .text.l2capParseSignalHdr
                0x000000000000dc8e       0x22 C:\Users\Astap\Desktop\CH583EVT\EVT\EXAM\BLE\LIB\libCH58xBLE.a(l2cap_input.o)
                0x000000000000dc8e                l2capParseSignalHdr
 .text.l2capParsePacket
                0x000000000000dcb0       0x8c C:\Users\Astap\Desktop\CH583EVT\EVT\EXAM\BLE\LIB\libCH58xBLE.a(l2cap_input.o)
                0x000000000000dcb0                l2capParsePacket
 .text.l2capProcessReq
                0x000000000000dd3c      0x15a C:\Users\Astap\Desktop\CH583EVT\EVT\EXAM\BLE\LIB\libCH58xBLE.a(l2cap_input.o)
                0x000000000000dd3c                l2capProcessReq
 .text.l2capProcessRsp
                0x000000000000de96      0x150 C:\Users\Astap\Desktop\CH583EVT\EVT\EXAM\BLE\LIB\libCH58xBLE.a(l2cap_input.o)
                0x000000000000de96                l2capProcessRsp
 .text.l2capProcessRxData
                0x000000000000dfe6       0xf8 C:\Users\Astap\Desktop\CH583EVT\EVT\EXAM\BLE\LIB\libCH58xBLE.a(l2cap_input.o)
                0x000000000000dfe6                l2capProcessRxData
 .text.l2capNotifyData
                0x000000000000e0de       0x5e C:\Users\Astap\Desktop\CH583EVT\EVT\EXAM\BLE\LIB\libCH58xBLE.a(l2cap_output.o)
                0x000000000000e0de                l2capNotifyData
 .text.l2capNotifySignal
                0x000000000000e13c       0x7a C:\Users\Astap\Desktop\CH583EVT\EVT\EXAM\BLE\LIB\libCH58xBLE.a(l2cap_output.o)
                0x000000000000e13c                l2capNotifySignal
 .text.l2capNotifyCreditEvt
                0x000000000000e1b6       0xa0 C:\Users\Astap\Desktop\CH583EVT\EVT\EXAM\BLE\LIB\libCH58xBLE.a(l2cap_output.o)
                0x000000000000e1b6                l2capNotifyCreditEvt
 .text.l2capNotifyChannelEstEvt
                0x000000000000e256       0x5c C:\Users\Astap\Desktop\CH583EVT\EVT\EXAM\BLE\LIB\libCH58xBLE.a(l2cap_output.o)
                0x000000000000e256                l2capNotifyChannelEstEvt
 .text.l2capNotifyChannelTermEvt
                0x000000000000e2b2       0x3e C:\Users\Astap\Desktop\CH583EVT\EVT\EXAM\BLE\LIB\libCH58xBLE.a(l2cap_output.o)
                0x000000000000e2b2                l2capNotifyChannelTermEvt
 .text.l2capNotifyEvent
                0x000000000000e2f0       0x66 C:\Users\Astap\Desktop\CH583EVT\EVT\EXAM\BLE\LIB\libCH58xBLE.a(l2cap_output.o)
                0x000000000000e2f0                l2capNotifyEvent
 .text.l2capStoreFCPkt
                0x000000000000e356       0x32 C:\Users\Astap\Desktop\CH583EVT\EVT\EXAM\BLE\LIB\libCH58xBLE.a(l2cap_output.o)
                0x000000000000e356                l2capStoreFCPkt
 .text.l2capFreeTxSDU
                0x000000000000e388       0x9e C:\Users\Astap\Desktop\CH583EVT\EVT\EXAM\BLE\LIB\libCH58xBLE.a(l2cap_output.o)
                0x000000000000e388                l2capFreeTxSDU
 .text.l2capReassembleSegment
                0x000000000000e426      0x174 C:\Users\Astap\Desktop\CH583EVT\EVT\EXAM\BLE\LIB\libCH58xBLE.a(l2cap_output.o)
                0x000000000000e426                l2capReassembleSegment
 .text.l2capEncapSendData
                0x000000000000e59a       0xec C:\Users\Astap\Desktop\CH583EVT\EVT\EXAM\BLE\LIB\libCH58xBLE.a(l2cap_output.o)
                0x000000000000e59a                l2capEncapSendData
 .text.l2capSendFCPkt.part.3
                0x000000000000e686       0x70 C:\Users\Astap\Desktop\CH583EVT\EVT\EXAM\BLE\LIB\libCH58xBLE.a(l2cap_output.o)
 .text.l2capSendSegment
                0x000000000000e6f6      0x108 C:\Users\Astap\Desktop\CH583EVT\EVT\EXAM\BLE\LIB\libCH58xBLE.a(l2cap_output.o)
                0x000000000000e6f6                l2capSendSegment
 .text.l2capSendNextSegment
                0x000000000000e7fe       0xb4 C:\Users\Astap\Desktop\CH583EVT\EVT\EXAM\BLE\LIB\libCH58xBLE.a(l2cap_output.o)
                0x000000000000e7fe                l2capSendNextSegment
 .text.l2capSendPkt
                0x000000000000e8b2       0x3a C:\Users\Astap\Desktop\CH583EVT\EVT\EXAM\BLE\LIB\libCH58xBLE.a(l2cap_output.o)
                0x000000000000e8b2                l2capSendPkt
 .text.L2CAP_SendData
                0x000000000000e8ec       0x82 C:\Users\Astap\Desktop\CH583EVT\EVT\EXAM\BLE\LIB\libCH58xBLE.a(l2cap_output.o)
                0x000000000000e8ec                L2CAP_SendData
 .text.l2capSendCmd
                0x000000000000e96e       0x8a C:\Users\Astap\Desktop\CH583EVT\EVT\EXAM\BLE\LIB\libCH58xBLE.a(l2cap_output.o)
                0x000000000000e96e                l2capSendCmd
 .text.l2capSendReq
                0x000000000000e9f8       0xbc C:\Users\Astap\Desktop\CH583EVT\EVT\EXAM\BLE\LIB\libCH58xBLE.a(l2cap_output.o)
                0x000000000000e9f8                l2capSendReq
 .text.l2capBuildDisconnectReq
                0x000000000000eab4       0x28 C:\Users\Astap\Desktop\CH583EVT\EVT\EXAM\BLE\LIB\libCH58xBLE.a(l2cap_sdu.o)
 .text.l2capBuildParamUpdateReq
                0x000000000000eadc       0x4c C:\Users\Astap\Desktop\CH583EVT\EVT\EXAM\BLE\LIB\libCH58xBLE.a(l2cap_sdu.o)
 .text.l2capBuildParamUpdateRsp
                0x000000000000eb28       0x16 C:\Users\Astap\Desktop\CH583EVT\EVT\EXAM\BLE\LIB\libCH58xBLE.a(l2cap_sdu.o)
 .text.l2capBuildConnectRsp
                0x000000000000eb3e       0x5e C:\Users\Astap\Desktop\CH583EVT\EVT\EXAM\BLE\LIB\libCH58xBLE.a(l2cap_sdu.o)
 .text.l2capBuildCmdReject
                0x000000000000eb9c       0x62 C:\Users\Astap\Desktop\CH583EVT\EVT\EXAM\BLE\LIB\libCH58xBLE.a(l2cap_sdu.o)
                0x000000000000eb9c                l2capBuildCmdReject
 .text.l2capBuildDisconnectRsp
                0x000000000000ebfe       0x28 C:\Users\Astap\Desktop\CH583EVT\EVT\EXAM\BLE\LIB\libCH58xBLE.a(l2cap_sdu.o)
                0x000000000000ebfe                l2capBuildDisconnectRsp
 .text.l2capSendConnectRsp
                0x000000000000ec26       0xa6 C:\Users\Astap\Desktop\CH583EVT\EVT\EXAM\BLE\LIB\libCH58xBLE.a(l2cap_sdu.o)
                0x000000000000ec26                l2capSendConnectRsp
 .text.L2CAP_CmdReject
                0x000000000000eccc       0x12 C:\Users\Astap\Desktop\CH583EVT\EVT\EXAM\BLE\LIB\libCH58xBLE.a(l2cap_sdu.o)
                0x000000000000eccc                L2CAP_CmdReject
 .text.L2CAP_DisconnectReq
                0x000000000000ecde       0x2a C:\Users\Astap\Desktop\CH583EVT\EVT\EXAM\BLE\LIB\libCH58xBLE.a(l2cap_sdu.o)
                0x000000000000ecde                L2CAP_DisconnectReq
 .text.L2CAP_ConnParamUpdateReq
                0x000000000000ed08       0x16 C:\Users\Astap\Desktop\CH583EVT\EVT\EXAM\BLE\LIB\libCH58xBLE.a(l2cap_sdu.o)
                0x000000000000ed08                L2CAP_ConnParamUpdateReq
 .text.L2CAP_ConnParamUpdateRsp
                0x000000000000ed1e       0x12 C:\Users\Astap\Desktop\CH583EVT\EVT\EXAM\BLE\LIB\libCH58xBLE.a(l2cap_sdu.o)
                0x000000000000ed1e                L2CAP_ConnParamUpdateRsp
 .text.reportStatusChange
                0x000000000000ed30       0x3e C:\Users\Astap\Desktop\CH583EVT\EVT\EXAM\BLE\LIB\libCH58xBLE.a(linkdb.o)
 .text.linkDB_Init
                0x000000000000ed6e       0xa0 C:\Users\Astap\Desktop\CH583EVT\EVT\EXAM\BLE\LIB\libCH58xBLE.a(linkdb.o)
                0x000000000000ed6e                linkDB_Init
 .text.linkDB_Find
                0x000000000000ee0e       0x30 C:\Users\Astap\Desktop\CH583EVT\EVT\EXAM\BLE\LIB\libCH58xBLE.a(linkdb.o)
                0x000000000000ee0e                linkDB_Find
 .text.linkDB_Authen
                0x000000000000ee3e       0x5c C:\Users\Astap\Desktop\CH583EVT\EVT\EXAM\BLE\LIB\libCH58xBLE.a(linkdb.o)
                0x000000000000ee3e                linkDB_Authen
 .text.linkDB_FindByAddr
                0x000000000000ee9a       0x7e C:\Users\Astap\Desktop\CH583EVT\EVT\EXAM\BLE\LIB\libCH58xBLE.a(linkdb.o)
                0x000000000000ee9a                linkDB_FindByAddr
 .text.linkDB_FindFirst
                0x000000000000ef18       0x3c C:\Users\Astap\Desktop\CH583EVT\EVT\EXAM\BLE\LIB\libCH58xBLE.a(linkdb.o)
                0x000000000000ef18                linkDB_FindFirst
 .text.linkDB_MTU
                0x000000000000ef54       0x18 C:\Users\Astap\Desktop\CH583EVT\EVT\EXAM\BLE\LIB\libCH58xBLE.a(linkdb.o)
                0x000000000000ef54                linkDB_MTU
 .text.linkDB_NumActive
                0x000000000000ef6c       0x32 C:\Users\Astap\Desktop\CH583EVT\EVT\EXAM\BLE\LIB\libCH58xBLE.a(linkdb.o)
                0x000000000000ef6c                linkDB_NumActive
 .text.linkDB_NumConns
                0x000000000000ef9e        0xa C:\Users\Astap\Desktop\CH583EVT\EVT\EXAM\BLE\LIB\libCH58xBLE.a(linkdb.o)
                0x000000000000ef9e                linkDB_NumConns
 .text.linkDB_Register
                0x000000000000efa8       0x28 C:\Users\Astap\Desktop\CH583EVT\EVT\EXAM\BLE\LIB\libCH58xBLE.a(linkdb.o)
                0x000000000000efa8                linkDB_Register
 .text.linkDB_Remove
                0x000000000000efd0       0x4c C:\Users\Astap\Desktop\CH583EVT\EVT\EXAM\BLE\LIB\libCH58xBLE.a(linkdb.o)
                0x000000000000efd0                linkDB_Remove
 .text.linkDB_Role
                0x000000000000f01c       0x18 C:\Users\Astap\Desktop\CH583EVT\EVT\EXAM\BLE\LIB\libCH58xBLE.a(linkdb.o)
                0x000000000000f01c                linkDB_Role
 .text.linkDB_State
                0x000000000000f034       0x30 C:\Users\Astap\Desktop\CH583EVT\EVT\EXAM\BLE\LIB\libCH58xBLE.a(linkdb.o)
                0x000000000000f034                linkDB_State
 .text.linkDB_UpdateMTU
                0x000000000000f064       0x28 C:\Users\Astap\Desktop\CH583EVT\EVT\EXAM\BLE\LIB\libCH58xBLE.a(linkdb.o)
                0x000000000000f064                linkDB_UpdateMTU
 .text.linkDB_PerformFunc
                0x000000000000f08c       0x56 C:\Users\Astap\Desktop\CH583EVT\EVT\EXAM\BLE\LIB\libCH58xBLE.a(linkdb.o)
                0x000000000000f08c                linkDB_PerformFunc
 .text.linkDB_PeripheralLinkNum
                0x000000000000f0e2       0x42 C:\Users\Astap\Desktop\CH583EVT\EVT\EXAM\BLE\LIB\libCH58xBLE.a(linkdb.o)
                0x000000000000f0e2                linkDB_PeripheralLinkNum
 .text.linkDB_GetSMEvtID
                0x000000000000f124       0x5c C:\Users\Astap\Desktop\CH583EVT\EVT\EXAM\BLE\LIB\libCH58xBLE.a(linkdb.o)
                0x000000000000f124                linkDB_GetSMEvtID
 .text.linkDB_Add
                0x000000000000f180       0xb2 C:\Users\Astap\Desktop\CH583EVT\EVT\EXAM\BLE\LIB\libCH58xBLE.a(linkdb.o)
                0x000000000000f180                linkDB_Add
 .text.linkDB_GetHandleFromSMEvtID
                0x000000000000f232       0x36 C:\Users\Astap\Desktop\CH583EVT\EVT\EXAM\BLE\LIB\libCH58xBLE.a(linkdb.o)
                0x000000000000f232                linkDB_GetHandleFromSMEvtID
 .text.linkDB_GetPairingParam
                0x000000000000f268       0x72 C:\Users\Astap\Desktop\CH583EVT\EVT\EXAM\BLE\LIB\libCH58xBLE.a(linkdb.o)
                0x000000000000f268                linkDB_GetPairingParam
 .text.linkDB_NeedSendKey
                0x000000000000f2da       0x48 C:\Users\Astap\Desktop\CH583EVT\EVT\EXAM\BLE\LIB\libCH58xBLE.a(linkdb.o)
                0x000000000000f2da                linkDB_NeedSendKey
 .text.smStartRspTimer
                0x000000000000f322       0x3a C:\Users\Astap\Desktop\CH583EVT\EVT\EXAM\BLE\LIB\libCH58xBLE.a(sm.o)
 .text.smStartEncryption
                0x000000000000f35c       0xa0 C:\Users\Astap\Desktop\CH583EVT\EVT\EXAM\BLE\LIB\libCH58xBLE.a(sm.o)
 .text.smFreePairingParams
                0x000000000000f3fc       0x7e C:\Users\Astap\Desktop\CH583EVT\EVT\EXAM\BLE\LIB\libCH58xBLE.a(sm.o)
                0x000000000000f3fc                smFreePairingParams
 .text.smEndPairing
                0x000000000000f47a       0x60 C:\Users\Astap\Desktop\CH583EVT\EVT\EXAM\BLE\LIB\libCH58xBLE.a(sm.o)
                0x000000000000f47a                smEndPairing
 .text.smLinkCheck
                0x000000000000f4da       0x34 C:\Users\Astap\Desktop\CH583EVT\EVT\EXAM\BLE\LIB\libCH58xBLE.a(sm.o)
                0x000000000000f4da                smLinkCheck
 .text.smNextPairingState
                0x000000000000f50e       0x58 C:\Users\Astap\Desktop\CH583EVT\EVT\EXAM\BLE\LIB\libCH58xBLE.a(sm.o)
                0x000000000000f50e                smNextPairingState
 .text.smProcessEncryptChange
                0x000000000000f566       0xf0 C:\Users\Astap\Desktop\CH583EVT\EVT\EXAM\BLE\LIB\libCH58xBLE.a(sm.o)
                0x000000000000f566                smProcessEncryptChange
 .text.smSendSMMsg
                0x000000000000f656       0x5c C:\Users\Astap\Desktop\CH583EVT\EVT\EXAM\BLE\LIB\libCH58xBLE.a(sm.o)
                0x000000000000f656                smSendSMMsg
 .text.smSendFailAndEnd
                0x000000000000f6b2       0x38 C:\Users\Astap\Desktop\CH583EVT\EVT\EXAM\BLE\LIB\libCH58xBLE.a(sm.o)
                0x000000000000f6b2                smSendFailAndEnd
 .text.smProcessPairingReq
                0x000000000000f6ea       0x3c C:\Users\Astap\Desktop\CH583EVT\EVT\EXAM\BLE\LIB\libCH58xBLE.a(sm.o)
                0x000000000000f6ea                smProcessPairingReq
 .text.smSetPairingReqRsp
                0x000000000000f726       0x3c C:\Users\Astap\Desktop\CH583EVT\EVT\EXAM\BLE\LIB\libCH58xBLE.a(sm.o)
                0x000000000000f726                smSetPairingReqRsp
 .text.SM_StartEncryption
                0x000000000000f762       0x16 C:\Users\Astap\Desktop\CH583EVT\EVT\EXAM\BLE\LIB\libCH58xBLE.a(sm.o)
                0x000000000000f762                SM_StartEncryption
 .text.sm_dhkey
                0x000000000000f778       0x3a C:\Users\Astap\Desktop\CH583EVT\EVT\EXAM\BLE\LIB\libCH58xBLE.a(sm.o)
                0x000000000000f778                sm_dhkey
 .text.sm_c1    0x000000000000f7b2       0xb4 C:\Users\Astap\Desktop\CH583EVT\EVT\EXAM\BLE\LIB\libCH58xBLE.a(sm.o)
                0x000000000000f7b2                sm_c1
 .text.smDetermineKeySize
                0x000000000000f866       0x20 C:\Users\Astap\Desktop\CH583EVT\EVT\EXAM\BLE\LIB\libCH58xBLE.a(sm.o)
                0x000000000000f866                smDetermineKeySize
 .text.smpParsePairingReq
                0x000000000000f886      0x118 C:\Users\Astap\Desktop\CH583EVT\EVT\EXAM\BLE\LIB\libCH58xBLE.a(sm.o)
                0x000000000000f886                smpParsePairingReq
 .text.smpParseEncInfo
                0x000000000000f99e       0x2a C:\Users\Astap\Desktop\CH583EVT\EVT\EXAM\BLE\LIB\libCH58xBLE.a(sm.o)
                0x000000000000f99e                smpParseEncInfo
 .text.smpParseIdentityAddrInfo
                0x000000000000f9c8       0x34 C:\Users\Astap\Desktop\CH583EVT\EVT\EXAM\BLE\LIB\libCH58xBLE.a(sm.o)
                0x000000000000f9c8                smpParseIdentityAddrInfo
 .text.smpParseIdentityInfo
                0x000000000000f9fc       0x2a C:\Users\Astap\Desktop\CH583EVT\EVT\EXAM\BLE\LIB\libCH58xBLE.a(sm.o)
                0x000000000000f9fc                smpParseIdentityInfo
 .text.smpParseMasterID
                0x000000000000fa26       0x3c C:\Users\Astap\Desktop\CH583EVT\EVT\EXAM\BLE\LIB\libCH58xBLE.a(sm.o)
                0x000000000000fa26                smpParseMasterID
 .text.smpParsePairingConfirm
                0x000000000000fa62       0x2a C:\Users\Astap\Desktop\CH583EVT\EVT\EXAM\BLE\LIB\libCH58xBLE.a(sm.o)
                0x000000000000fa62                smpParsePairingConfirm
 .text.smpParsePairingFailed
                0x000000000000fa8c       0x1c C:\Users\Astap\Desktop\CH583EVT\EVT\EXAM\BLE\LIB\libCH58xBLE.a(sm.o)
                0x000000000000fa8c                smpParsePairingFailed
 .text.smpParsePairingRandom
                0x000000000000faa8       0x2a C:\Users\Astap\Desktop\CH583EVT\EVT\EXAM\BLE\LIB\libCH58xBLE.a(sm.o)
                0x000000000000faa8                smpParsePairingRandom
 .text.smpParseSigningInfo
                0x000000000000fad2       0x2a C:\Users\Astap\Desktop\CH583EVT\EVT\EXAM\BLE\LIB\libCH58xBLE.a(sm.o)
                0x000000000000fad2                smpParseSigningInfo
 .text.smpParsePairingPublicKey
                0x000000000000fafc       0x2c C:\Users\Astap\Desktop\CH583EVT\EVT\EXAM\BLE\LIB\libCH58xBLE.a(sm.o)
                0x000000000000fafc                smpParsePairingPublicKey
 .text.smpParsePairingDHKeyCheck
                0x000000000000fb28       0x2a C:\Users\Astap\Desktop\CH583EVT\EVT\EXAM\BLE\LIB\libCH58xBLE.a(sm.o)
                0x000000000000fb28                smpParsePairingDHKeyCheck
 .text.smProcessDataMsg
                0x000000000000fb52       0xfc C:\Users\Astap\Desktop\CH583EVT\EVT\EXAM\BLE\LIB\libCH58xBLE.a(sm.o)
                0x000000000000fb52                smProcessDataMsg
 .text.smProcessTMOSMsg
                0x000000000000fc4e      0x164 C:\Users\Astap\Desktop\CH583EVT\EVT\EXAM\BLE\LIB\libCH58xBLE.a(sm.o)
                0x000000000000fc4e                smProcessTMOSMsg