Archive member included to satisfy reference by file (symbol)

C:\Users\Astap\Desktop\CH583EVT\EVT\EXAM\SRC\StdPeriphDriver\libISP583.a(ISP583.o)
                              ./StdPeriphDriver/CH58x_flash.o (FLASH_EEPROM_CMD)
C:\Users\Astap\Desktop\CH583EVT\EVT\EXAM\BLE\LIB\libCH58xBLE.a(message.o)
                              ./src/ancs.o (tmos_msg_deallocate)
C:\Users\Astap\Desktop\CH583EVT\EVT\EXAM\BLE\LIB\libCH58xBLE.a(tmos.o)
                              ./src/ancs.o (tmos_rand)
C:\Users\Astap\Desktop\CH583EVT\EVT\EXAM\BLE\LIB\libCH58xBLE.a(tmos_hw.o)
                              ./HAL/RTC.o (TMOS_TimerInit)
C:\Users\Astap\Desktop\CH583EVT\EVT\EXAM\BLE\LIB\libCH58xBLE.a(tmos_snv.o)
                              C:\Users\Astap\Desktop\CH583EVT\EVT\EXAM\BLE\LIB\libCH58xBLE.a(tmos.o) (tmos_snv_init)
C:\Users\Astap\Desktop\CH583EVT\EVT\EXAM\BLE\LIB\libCH58xBLE.a(gap.o)
                              ./src/ancs.o (GAP_SetParamValue)
C:\Users\Astap\Desktop\CH583EVT\EVT\EXAM\BLE\LIB\libCH58xBLE.a(gap_central.o)
                              C:\Users\Astap\Desktop\CH583EVT\EVT\EXAM\BLE\LIB\libCH58xBLE.a(gap.o) (gapProcessPeriodicAdvertisingSyncEstablishedEvt)
C:\Users\Astap\Desktop\CH583EVT\EVT\EXAM\BLE\LIB\libCH58xBLE.a(gap_peripheral.o)
                              C:\Users\Astap\Desktop\CH583EVT\EVT\EXAM\BLE\LIB\libCH58xBLE.a(gap.o) (GAP_PeripheralParamInit)
C:\Users\Astap\Desktop\CH583EVT\EVT\EXAM\BLE\LIB\libCH58xBLE.a(gapgattserver.o)
                              ./src/ancs.o (GGS_SetParameter)
C:\Users\Astap\Desktop\CH583EVT\EVT\EXAM\BLE\LIB\libCH58xBLE.a(gatt.o)
                              ./src/ancs.o (GATT_DiscAllCharDescs)
C:\Users\Astap\Desktop\CH583EVT\EVT\EXAM\BLE\LIB\libCH58xBLE.a(gatt_uuid.o)
                              C:\Users\Astap\Desktop\CH583EVT\EVT\EXAM\BLE\LIB\libCH58xBLE.a(gatt.o) (serviceChangedUUID)
C:\Users\Astap\Desktop\CH583EVT\EVT\EXAM\BLE\LIB\libCH58xBLE.a(gattclientapp.o)
                              C:\Users\Astap\Desktop\CH583EVT\EVT\EXAM\BLE\LIB\libCH58xBLE.a(gatt.o) (gattGetClientStatus)
C:\Users\Astap\Desktop\CH583EVT\EVT\EXAM\BLE\LIB\libCH58xBLE.a(gattservapp.o)
                              C:\Users\Astap\Desktop\CH583EVT\EVT\EXAM\BLE\LIB\libCH58xBLE.a(gapgattserver.o) (GATTServApp_DeregisterService)
C:\Users\Astap\Desktop\CH583EVT\EVT\EXAM\BLE\LIB\libCH58xBLE.a(l2cap.o)
                              C:\Users\Astap\Desktop\CH583EVT\EVT\EXAM\BLE\LIB\libCH58xBLE.a(gatt.o) (L2CAP_GetMTU)
C:\Users\Astap\Desktop\CH583EVT\EVT\EXAM\BLE\LIB\libCH58xBLE.a(l2cap_input.o)
                              C:\Users\Astap\Desktop\CH583EVT\EVT\EXAM\BLE\LIB\libCH58xBLE.a(l2cap.o) (l2capProcessRxData)
C:\Users\Astap\Desktop\CH583EVT\EVT\EXAM\BLE\LIB\libCH58xBLE.a(l2cap_output.o)
                              C:\Users\Astap\Desktop\CH583EVT\EVT\EXAM\BLE\LIB\libCH58xBLE.a(l2cap_input.o) (l2capNotifyData)
C:\Users\Astap\Desktop\CH583EVT\EVT\EXAM\BLE\LIB\libCH58xBLE.a(l2cap_sdu.o)
                              C:\Users\Astap\Desktop\CH583EVT\EVT\EXAM\BLE\LIB\libCH58xBLE.a(l2cap_input.o) (l2capBuildDisconnectRsp)
C:\Users\Astap\Desktop\CH583EVT\EVT\EXAM\BLE\LIB\libCH58xBLE.a(linkdb.o)
                              C:\Users\Astap\Desktop\CH583EVT\EVT\EXAM\BLE\LIB\libCH58xBLE.a(l2cap.o) (linkDB_Init)
C:\Users\Astap\Desktop\CH583EVT\EVT\EXAM\BLE\LIB\libCH58xBLE.a(sm.o)
                              C:\Users\Astap\Desktop\CH583EVT\EVT\EXAM\BLE\LIB\libCH58xBLE.a(gap.o) (smFreePairingParams)
C:\Users\Astap\Desktop\CH583EVT\EVT\EXAM\BLE\LIB\libCH58xBLE.a(sm_initiator.o)
                              C:\Users\Astap\Desktop\CH583EVT\EVT\EXAM\BLE\LIB\libCH58xBLE.a(sm.o) (smInitiatorSendNextKeyInfo)
C:\Users\Astap\Desktop\CH583EVT\EVT\EXAM\BLE\LIB\libCH58xBLE.a(sm_pdu.o)
                              C:\Users\Astap\Desktop\CH583EVT\EVT\EXAM\BLE\LIB\libCH58xBLE.a(sm.o) (smpBuildPairingReq)
C:\Users\Astap\Desktop\CH583EVT\EVT\EXAM\BLE\LIB\libCH58xBLE.a(sm_responding.o)
                              C:\Users\Astap\Desktop\CH583EVT\EVT\EXAM\BLE\LIB\libCH58xBLE.a(sm.o) (smResponderSendNextKeyInfo)
C:\Users\Astap\Desktop\CH583EVT\EVT\EXAM\BLE\LIB\libCH58xBLE.a(sm_toolbox.o)
                              C:\Users\Astap\Desktop\CH583EVT\EVT\EXAM\BLE\LIB\libCH58xBLE.a(sm.o) (sm_ah)
C:\Users\Astap\Desktop\CH583EVT\EVT\EXAM\BLE\LIB\libCH58xBLE.a(host_input.o)
                              C:\Users\Astap\Desktop\CH583EVT\EVT\EXAM\BLE\LIB\libCH58xBLE.a(gap.o) (gBleHostPara)
C:\Users\Astap\Desktop\CH583EVT\EVT\EXAM\BLE\LIB\libCH58xBLE.a(host_output.o)
                              C:\Users\Astap\Desktop\CH583EVT\EVT\EXAM\BLE\LIB\libCH58xBLE.a(gap.o) (HCI_DisconnectCmd)
C:\Users\Astap\Desktop\CH583EVT\EVT\EXAM\BLE\LIB\libCH58xBLE.a(ll_master.o)
                              C:\Users\Astap\Desktop\CH583EVT\EVT\EXAM\BLE\LIB\libCH58xBLE.a(gap_central.o) (LL_SetDataSendPriority)
C:\Users\Astap\Desktop\CH583EVT\EVT\EXAM\BLE\LIB\libCH58xBLE.a(ll_pdu.o)
[...]
Memory Configuration

Name             Origin             Length             Attributes
FLASH            0x0000000000000000 0x0000000000070000 xr
RAM              0x0000000020000000 0x0000000000008000 xrw
*default*        0x0000000000000000 0xffffffffffffffff

Linker script and memory map

LOAD ./src/ancs.o
LOAD ./src/main.o
LOAD ./services/ancs_app_attr_get.o
LOAD ./services/ancs_attr_parser.o
LOAD ./services/ancs_client.o
LOAD ./services/devinfoservice.o
LOAD ./StdPeriphDriver/CH58x_adc.o
LOAD ./StdPeriphDriver/CH58x_clk.o
LOAD ./StdPeriphDriver/CH58x_flash.o
LOAD ./StdPeriphDriver/CH58x_gpio.o
LOAD ./StdPeriphDriver/CH58x_i2c.o
LOAD ./StdPeriphDriver/CH58x_pwm.o
LOAD ./StdPeriphDriver/CH58x_pwr.o
LOAD ./StdPeriphDriver/CH58x_spi0.o
LOAD ./StdPeriphDriver/CH58x_spi1.o
LOAD ./StdPeriphDriver/CH58x_sys.o
LOAD ./StdPeriphDriver/CH58x_timer0.o
LOAD ./StdPeriphDriver/CH58x_timer1.o
LOAD ./StdPeriphDriver/CH58x_timer2.o
LOAD ./StdPeriphDriver/CH58x_timer3.o
LOAD ./StdPeriphDriver/CH58x_uart0.o
LOAD ./StdPeriphDriver/CH58x_uart1.o
LOAD ./StdPeriphDriver/CH58x_uart2.o
LOAD ./StdPeriphDriver/CH58x_uart3.o
LOAD ./StdPeriphDriver/CH58x_usb2dev.o
LOAD ./StdPeriphDriver/CH58x_usb2hostBase.o
LOAD ./StdPeriphDriver/CH58x_usb2hostClass.o
LOAD ./StdPeriphDriver/CH58x_usbdev.o
LOAD ./StdPeriphDriver/CH58x_usbhostBase.o
LOAD ./StdPeriphDriver/CH58x_usbhostClass.o
LOAD ./Startup/startup_CH583.o
LOAD ./RVMSIS/core_riscv.o
LOAD ./HAL/KEY.o
LOAD ./HAL/LED.o
LOAD ./HAL/MCU.o
LOAD ./HAL/RTC.o
LOAD ./HAL/SLEEP.o
LOAD C:\Users\Astap\Desktop\CH583EVT\EVT\EXAM\SRC\StdPeriphDriver\libISP583.a
LOAD C:\Users\Astap\Desktop\CH583EVT\EVT\EXAM\BLE\LIB\libCH58xBLE.a
LOAD c:/mounriver/mounriver_studio/toolchain/risc-v embedded gcc/bin/../lib/gcc/riscv-none-embed/8.2.0/rv32imac/ilp32\libgcc.a
LOAD c:/mounriver/mounriver_studio/toolchain/risc-v embedded gcc/bin/../lib/gcc/riscv-none-embed/8.2.0/../../../../riscv-none-embed/lib/rv32imac/ilp32\libg_nano.a
LOAD c:/mounriver/mounriver_studio/toolchain/risc-v embedded gcc/bin/../lib/gcc/riscv-none-embed/8.2.0/../../../../riscv-none-embed/lib/rv32imac/ilp32\libc_nano.a
LOAD c:/mounriver/mounriver_studio/toolchain/risc-v embedded gcc/bin/../lib/gcc/riscv-none-embed/8.2.0/rv32imac/ilp32\libgcc.a
START GROUP
LOAD c:/mounriver/mounriver_studio/toolchain/risc-v embedded gcc/bin/../lib/gcc/riscv-none-embed/8.2.0/rv32imac/ilp32\libgcc.a
LOAD c:/mounriver/mounriver_studio/toolchain/risc-v embedded gcc/bin/../lib/gcc/riscv-none-embed/8.2.0/../../../../riscv-none-embed/lib/rv32imac/ilp32\libc_nano.a
LOAD c:/mounriver/mounriver_studio/toolchain/risc-v embedded gcc/bin/../lib/gcc/riscv-none-embed/8.2.0/../../../../riscv-none-embed/lib/rv32imac/ilp32\libnosys.a
END GROUP
START GROUP
LOAD c:/mounriver/mounriver_studio/toolchain/risc-v embedded gcc/bin/../lib/gcc/riscv-none-embed/8.2.0/rv32imac/ilp32\libgcc.a
LOAD c:/mounriver/mounriver_studio/toolchain/risc-v embedded gcc/bin/../lib/gcc/riscv-none-embed/8.2.0/../../../../riscv-none-embed/lib/rv32imac/ilp32\libc_nano.a
LOAD c:/mounriver/mounriver_studio/toolchain/risc-v embedded gcc/bin/../lib/gcc/riscv-none-embed/8.2.0/../../../../riscv-none-embed/lib/rv32imac/ilp32\libnosys.a
END GROUP
                0x0000000000000200                __stack_size = 0x200
                [!provide]                        PROVIDE (_stack_size = __stack_size)

.init           0x0000000000000000        0x4
                0x0000000000000000                _sinit = .
                0x0000000000000000                . = ALIGN (0x4)
 *(SORT_NONE(.init))
 .init          0x0000000000000000        0x4 ./Startup/startup_CH583.o
                0x0000000000000000                _start
                0x0000000000000004                . = ALIGN (0x4)
                0x0000000000000004                _einit = .

.highcodelalign
                0x0000000000000004        0x0
                0x0000000000000004                . = ALIGN (0x4)
                0x0000000000000004                PROVIDE (_highcode_lma = .)

.highcode       0x0000000020000000     0x1ff8 load address 0x0000000000000004
                0x0000000020000000                . = ALIGN (0x4)
                0x0000000020000000                PROVIDE (_highcode_vma_start = .)
 *(.vector)
 .vector        0x0000000020000000       0x90 ./Startup/startup_CH583.o
 *(SORT_NONE(.vector_handler))
 .vector_handler
                0x0000000020000090        0x2 ./Startup/startup_CH583.o
                0x0000000020000090                GPIOB_IRQHandler
                0x0000000020000090                GPIOA_IRQHandler
                0x0000000020000090                SysTick_Handler
                0x0000000020000090                NMI_Handler
                0x0000000020000090                UART1_IRQHandler
                0x0000000020000090                UART0_IRQHandler
                0x0000000020000090                BB_IRQHandler
                0x0000000020000090                Break_Point_Handler
                0x0000000020000090                TMR0_IRQHandler
                0x0000000020000090                Ecall_M_Mode_Handler
                0x0000000020000090                UART2_IRQHandler
                0x0000000020000090                PWMX_IRQHandler
                0x0000000020000090                ADC_IRQHandler
                0x0000000020000090                TMR2_IRQHandler
                0x0000000020000090                USB_IRQHandler
                0x0000000020000090                I2C_IRQHandler
                0x0000000020000090                USB2_IRQHandler
                0x0000000020000090                LLE_IRQHandler
                0x0000000020000090                WDOG_BAT_IRQHandler
                0x0000000020000090                Ecall_U_Mode_Handler
                0x0000000020000090                TMR3_IRQHandler
                0x0000000020000090                SW_Handler
                0x0000000020000090                SPI0_IRQHandler
                0x0000000020000090                UART3_IRQHandler
                0x0000000020000090                TMR1_IRQHandler
 *(.highcode)
 .highcode      0x0000000020000092        0xa ./src/main.o
                0x0000000020000092                Main_Circulation
 .highcode      0x000000002000009c      0x4ec ./StdPeriphDriver/CH58x_sys.o
                0x000000002000009c                SetSysClock
                0x0000000020000422                SYS_ResetExecute
                0x0000000020000494                HardFault_Handler
                0x0000000020000552                mDelayuS
                0x0000000020000560                mDelaymS
 .highcode      0x0000000020000588       0x16 ./HAL/RTC.o
                0x0000000020000588                RTC_IRQHandler
 .highcode      0x000000002000059e      0x426 C:\Users\Astap\Desktop\CH583EVT\EVT\EXAM\SRC\StdPeriphDriver\libISP583.a(ISP583.o)
                0x000000002000059e                FLASH_ROM_BEG
                0x00000000200005b0                FLASH_ROM_END
                0x00000000200005be                FLASH_ROM_IN
                0x00000000200005cc                FLASH_ROM_OUT
                0x00000000200005da                FLASH_ROM_ADDR
                0x0000000020000622                FLASH_ROM_WAIT
                0x000000002000065a                FLASH_EEPROM_CMD
 .highcode      0x00000000200009c4      0x40c C:\Users\Astap\Desktop\CH583EVT\EVT\EXAM\BLE\LIB\libCH58xBLE.a(tmos.o)
                0x00000000200009c4                tmos_memcpy
                0x00000000200009e4                tmos_memcpy_word
                0x00000000200009fc                tmos_memset
                0x0000000020000a0e                tmos_strlen
                0x0000000020000a22                tmos_memdup
                0x0000000020000a54                tmos_memcmp
                0x0000000020000a82                tmos_revmemcpy
                0x0000000020000a9e                tmos_isbufset
                0x0000000020000ac0                tmos_proces_system_time
                0x0000000020000bf4                TMOS_SystemProcess
 .highcode      0x0000000020000dd0       0x50 C:\Users\Astap\Desktop\CH583EVT\EVT\EXAM\BLE\LIB\libCH58xBLE.a(tmos_hw.o)
                0x0000000020000e1a                TMOS_TimerIRQHandler
 .highcode      0x0000000020000e20       0x4e C:\Users\Astap\Desktop\CH583EVT\EVT\EXAM\BLE\LIB\libCH58xBLE.a(ll_whitelist.o)
                0x0000000020000e20                LL_WhitelistLookup
 .highcode      0x0000000020000e6e      0x1b2 C:\Users\Astap\Desktop\CH583EVT\EVT\EXAM\BLE\LIB\libCH58xBLE.a(aes.o)
                0x0000000020000e6e                AES_DevAESEnc
 .highcode      0x0000000020001020      0x14a C:\Users\Astap\Desktop\CH583EVT\EVT\EXAM\BLE\LIB\libCH58xBLE.a(bb.o)
                0x0000000020001020                BB_IRQLibHandler
                0x0000000020001120                BB_IRQLibFunction
 .highcode      0x000000002000116a      0x368 C:\Users\Astap\Desktop\CH583EVT\EVT\EXAM\BLE\LIB\libCH58xBLE.a(ip.o)
                0x000000002000116a                ll_rx_wait_finish
                0x00000000200011a4                ble_ll_chkcrc
                0x0000000020001242                ll_tx_wait_finish
                0x000000002000133a                BLE_CheckHoppingMap
 .highcode      0x00000000200014d2      0x234 C:\Users\Astap\Desktop\CH583EVT\EVT\EXAM\BLE\LIB\libCH58xBLE.a(lle.o)
                0x00000000200014d2                LLE_IRQLibHandler
                0x00000000200016bc                LLE_IRQLibFunction
 .highcode      0x0000000020001706       0x32 C:\Users\Astap\Desktop\CH583EVT\EVT\EXAM\BLE\LIB\libCH58xBLE.a(rfend.o)
                0x0000000020001706                RFEND_WaitTune
 .highcode      0x0000000020001738      0x19e C:\Users\Astap\Desktop\CH583EVT\EVT\EXAM\BLE\LIB\libCH58xBLE.a(memory.o)
                0x0000000020001738                tmos_memory_allocate
                0x00000000200017fe                tmos_memory_free
 .highcode      0x00000000200018d6      0x2da C:\Users\Astap\Desktop\CH583EVT\EVT\EXAM\BLE\LIB\libCH58xBLE.a(ll_connect.o)
                0x00000000200018d6                ll_connect_send_data
                0x0000000020001a02                ll_connect_recv_data
                0x0000000020001ade                ll_connect_event_continue
                0x0000000020001ba4                ll_wait_connect_event
 .highcode      0x0000000020001bb0      0x310 C:\Users\Astap\Desktop\CH583EVT\EVT\EXAM\BLE\LIB\libCH58xBLE.a(ll_hop.o)
                0x0000000020001bb0                LL_HopGetChannel
                0x0000000020001c56                LL_HopGetChannel2
 .highcode      0x0000000020001ec0      0x138 C:\Users\Astap\Desktop\CH583EVT\EVT\EXAM\BLE\LIB\libCH58xBLE.a(ll_resolvinglist.o)
                0x0000000020001ec0                ll_resolvinglist_checkRPA
                0x0000000020001f2c                LL_ResolvinglistPeerIdentifyAddressGetIrk
                0x0000000020001f80                LL_ResolvinglistPeerRpaAddressGetIrk
                0x0000000020001fbc                LL_ResolvinglistLocalRpaAddressGetIrk
 *(.highcode.*)
                0x0000000020001ff8                . = ALIGN (0x4)
                0x0000000020001ff8                PROVIDE (_highcode_vma_end = .)

.text           0x0000000000002000    0x24c00
                0x0000000000002000                . = ALIGN (0x4)
 *(SORT_NONE(.handle_reset))
 .handle_reset  0x0000000000002000       0xae ./Startup/startup_CH583.o
                0x0000000000002000                handle_reset
 *(.text)
 .text          0x00000000000020ae       0xa8 c:/mounriver/mounriver_studio/toolchain/risc-v embedded gcc/bin/../lib/gcc/riscv-none-embed/8.2.0/../../../../riscv-none-embed/lib/rv32imac/ilp32\libg_nano.a(lib_a-memset.o)
                0x00000000000020ae                memset
 *(.text.*)
 .text.AncsPasscodeCB
                0x0000000000002156       0x3e ./src/ancs.o
 .text.AncsParamUpdateCB
                0x0000000000002194       0x3c ./src/ancs.o
 .text.AncsPairStateCB
                0x00000000000021d0       0x78 ./src/ancs.o
 .text.Peripheral_LinkTerminated
                0x0000000000002248       0x54 ./src/ancs.o
 .text.AncsApp_discoverService
                0x000000000000229c      0x330 ./src/ancs.o
 .text.ANCS_ProcessEvent
                0x00000000000025cc      0x1d4 ./src/ancs.o
                0x00000000000025cc                ANCS_ProcessEvent
 .text.AncsStateNotificationCB
                0x00000000000027a0      0x17c ./src/ancs.o
 .text.ancs_subscribe_cb_register
                0x000000000000291c        0x6 ./src/ancs.o
                0x000000000000291c                ancs_subscribe_cb_register
 .text.peripheral_ancs_client_init
                0x0000000000002922      0x12c ./src/ancs.o
                0x0000000000002922                peripheral_ancs_client_init
 .text.bt_ancs_write_response_handler
                0x0000000000002a4e       0x4e ./src/main.o
 .text.bt_ancs_data_source_handler
                0x0000000000002a9c       0xb8 ./src/main.o
 .text.bt_ancs_notification_source_handler
                0x0000000000002b54      0x106 ./src/main.o
 .text.button_changed
                0x0000000000002c5a      0x14e ./src/main.o
                0x0000000000002c5a                button_changed
 .text.startup.main
                0x0000000000002da8      0x180 ./src/main.o
                0x0000000000002da8                main
 .text.bt_ancs_app_attr_request
                0x0000000000002f28       0xe6 ./services/ancs_app_attr_get.o
                0x0000000000002f28                bt_ancs_app_attr_request
 .text.bt_ancs_do_ds_notif_cb
                0x000000000000300e        0xc ./services/ancs_attr_parser.o
 .text.bt_ancs_parse_get_attrs_response
                0x000000000000301a      0x292 ./services/ancs_attr_parser.o
                0x000000000000301a                bt_ancs_parse_get_attrs_response
 .text.atomic_test_and_set_bit
                0x00000000000032ac       0x16 ./services/ancs_client.o
 .text.atomic_clear_bit
                0x00000000000032c2       0x14 ./services/ancs_client.o
 .text.bt_ancs_client_init
                0x00000000000032d6       0x1c ./services/ancs_client.o
                0x00000000000032d6                bt_ancs_client_init
 .text.ancs_reinit
                0x00000000000032f2       0x16 ./services/ancs_client.o
                0x00000000000032f2                ancs_reinit
 .text.bt_ancs_subscribe_notification_source
                0x0000000000003308       0xb4 ./services/ancs_client.o
                0x0000000000003308                bt_ancs_subscribe_notification_source
 .text.bt_ancs_subscribe_data_source
                0x00000000000033bc       0xb4 ./services/ancs_client.o
                0x00000000000033bc                bt_ancs_subscribe_data_source
 .text.bt_ancs_cp_write
                0x0000000000003470       0x92 ./services/ancs_client.o
                0x0000000000003470                bt_ancs_cp_write
 .text.bt_ancs_notification_action
                0x0000000000003502       0x5e ./services/ancs_client.o
                0x0000000000003502                bt_ancs_notification_action
 .text.bt_ancs_request_attrs
                0x0000000000003560       0xca ./services/ancs_client.o
                0x0000000000003560                bt_ancs_request_attrs
 .text.bt_ancs_register_attr
                0x000000000000362a       0x32 ./services/ancs_client.o
                0x000000000000362a                bt_ancs_register_attr
 .text.bt_ancs_register_app_attr
                0x000000000000365c       0x2a ./services/ancs_client.o
                0x000000000000365c                bt_ancs_register_app_attr
 .text.bt_ancs_request_app_attr
                0x0000000000003686        0x4 ./services/ancs_client.o
                0x0000000000003686                bt_ancs_request_app_attr
 .text.Ancs_handleNotification
                0x000000000000368a       0xe6 ./services/ancs_client.o
                0x000000000000368a                Ancs_handleNotification
 .text.devInfo_ReadAttrCB
                0x0000000000003770      0x196 ./services/devinfoservice.o
 .text.DevInfo_AddService
                0x0000000000003906       0x18 ./services/devinfoservice.o
                0x0000000000003906                DevInfo_AddService
 .text.ADC_InterTSSampInit
                0x000000000000391e       0x28 ./StdPeriphDriver/CH58x_adc.o
                0x000000000000391e                ADC_InterTSSampInit
 .text.RTC_InitTime
                0x0000000000003946      0x204 ./StdPeriphDriver/CH58x_clk.o
                0x0000000000003946                RTC_InitTime
 .text.RTC_GetCycle32k
                0x0000000000003b4a       0x18 ./StdPeriphDriver/CH58x_clk.o
                0x0000000000003b4a                RTC_GetCycle32k
 .text.GPIOA_ModeCfg
                0x0000000000003b62       0xa6 ./StdPeriphDriver/CH58x_gpio.o
                0x0000000000003b62                GPIOA_ModeCfg
 .text.GPIOB_ModeCfg
                0x0000000000003c08       0xa6 ./StdPeriphDriver/CH58x_gpio.o
                0x0000000000003c08                GPIOB_ModeCfg
 .text.GPIOPinRemap
                0x0000000000003cae       0x1a ./StdPeriphDriver/CH58x_gpio.o
                0x0000000000003cae                GPIOPinRemap
 .text.GetSysClock
                0x0000000000003cc8       0x42 ./StdPeriphDriver/CH58x_sys.o
                0x0000000000003cc8                GetSysClock
 .text.SYS_GetSysTickCnt
                0x0000000000003d0a        0xa ./StdPeriphDriver/CH58x_sys.o
                0x0000000000003d0a                SYS_GetSysTickCnt
 .text._write   0x0000000000003d14       0x28 ./StdPeriphDriver/CH58x_sys.o
                0x0000000000003d14                _write
 .text._sbrk    0x0000000000003d3c       0x2c ./StdPeriphDriver/CH58x_sys.o
                0x0000000000003d3c                _sbrk
 .text.UART1_BaudRateCfg
                0x0000000000003d68       0x30 ./StdPeriphDriver/CH58x_uart1.o
                0x0000000000003d68                UART1_BaudRateCfg
 .text.UART1_DefInit
                0x0000000000003d98       0x32 ./StdPeriphDriver/CH58x_uart1.o
                0x0000000000003d98                UART1_DefInit
 .text.HAL_KeyInit
                0x0000000000003dca       0x42 ./HAL/KEY.o
                0x0000000000003dca                HAL_KeyInit
 .text.HalKeyConfig
                0x0000000000003e0c       0x12 ./HAL/KEY.o
                0x0000000000003e0c                HalKeyConfig
 .text.HAL_KeyPoll
                0x0000000000003e1e       0x3a ./HAL/KEY.o
                0x0000000000003e1e                HAL_KeyPoll
 .text.Lib_Read_Flash
                0x0000000000003e58       0x1c ./HAL/MCU.o
                0x0000000000003e58                Lib_Read_Flash
 .text.Lib_Write_Flash
                0x0000000000003e74       0x40 ./HAL/MCU.o
                0x0000000000003e74                Lib_Write_Flash
 .text.HAL_GetInterTempValue
                0x0000000000003eb4       0x72 ./HAL/MCU.o
                0x0000000000003eb4                HAL_GetInterTempValue
 .text.HAL_ProcessEvent
                0x0000000000003f26       0x92 ./HAL/MCU.o
                0x0000000000003f26                HAL_ProcessEvent
 .text.CH58X_BLEInit
                0x0000000000003fb8      0x122 ./HAL/MCU.o
                0x0000000000003fb8                CH58X_BLEInit
 .text.HAL_Init
                0x00000000000040da       0x34 ./HAL/MCU.o
                0x00000000000040da                HAL_Init
 .text.HAL_TimeInit
                0x000000000000410e       0x7e ./HAL/RTC.o
                0x000000000000410e                HAL_TimeInit
 .text.tmos_msg_enqueue
                0x000000000000418c       0x1e C:\Users\Astap\Desktop\CH583EVT\EVT\EXAM\BLE\LIB\libCH58xBLE.a(message.o)
                0x000000000000418c                tmos_msg_enqueue
 .text.tmos_msg_deallocate
                0x00000000000041aa       0x2c C:\Users\Astap\Desktop\CH583EVT\EVT\EXAM\BLE\LIB\libCH58xBLE.a(message.o)
                0x00000000000041aa                tmos_msg_deallocate
 .text.tmos_msg_allocate
                0x00000000000041d6       0x46 C:\Users\Astap\Desktop\CH583EVT\EVT\EXAM\BLE\LIB\libCH58xBLE.a(message.o)
                0x00000000000041d6                tmos_msg_allocate
 .text.tmos_msg_receive
                0x000000000000421c       0x68 C:\Users\Astap\Desktop\CH583EVT\EVT\EXAM\BLE\LIB\libCH58xBLE.a(message.o)
                0x000000000000421c                tmos_msg_receive
 .text.tmos_msg_send
                0x0000000000004284       0x5c C:\Users\Astap\Desktop\CH583EVT\EVT\EXAM\BLE\LIB\libCH58xBLE.a(message.o)
                0x0000000000004284                tmos_msg_send
 .text.tmos_msg_init
                0x00000000000042e0        0x6 C:\Users\Astap\Desktop\CH583EVT\EVT\EXAM\BLE\LIB\libCH58xBLE.a(message.o)
                0x00000000000042e0                tmos_msg_init
 .text.tmosFindTask
                0x00000000000042e6       0x20 C:\Users\Astap\Desktop\CH583EVT\EVT\EXAM\BLE\LIB\libCH58xBLE.a(tmos.o)
 .text.TMOS_CB_PeriodicProcessEvent
                0x0000000000004306       0x82 C:\Users\Astap\Desktop\CH583EVT\EVT\EXAM\BLE\LIB\libCH58xBLE.a(tmos.o)
                0x0000000000004306                TMOS_CB_PeriodicProcessEvent
 .text.TMOS_CB_ProcessEvent
                0x0000000000004388       0x7c C:\Users\Astap\Desktop\CH583EVT\EVT\EXAM\BLE\LIB\libCH58xBLE.a(tmos.o)
                0x0000000000004388                TMOS_CB_ProcessEvent
 .text.tmos_rand
                0x0000000000004404       0x4e C:\Users\Astap\Desktop\CH583EVT\EVT\EXAM\BLE\LIB\libCH58xBLE.a(tmos.o)
                0x0000000000004404                tmos_rand
 .text.tmos_start_periodic_callback_task
                0x0000000000004452       0xda C:\Users\Astap\Desktop\CH583EVT\EVT\EXAM\BLE\LIB\libCH58xBLE.a(tmos.o)
                0x0000000000004452                tmos_start_periodic_callback_task
 .text.tmos_set_event
                0x000000000000452c       0x2a C:\Users\Astap\Desktop\CH583EVT\EVT\EXAM\BLE\LIB\libCH58xBLE.a(tmos.o)
                0x000000000000452c                tmos_set_event
 .text.tmos_clear_event
                0x0000000000004556       0x2e C:\Users\Astap\Desktop\CH583EVT\EVT\EXAM\BLE\LIB\libCH58xBLE.a(tmos.o)
                0x0000000000004556                tmos_clear_event
 .text.tmos_update_callback_timer
                0x0000000000004584       0xba C:\Users\Astap\Desktop\CH583EVT\EVT\EXAM\BLE\LIB\libCH58xBLE.a(tmos.o)
                0x0000000000004584                tmos_update_callback_timer
 .text.tmos_update_periodic_callback_timer
                0x000000000000463e       0x5a C:\Users\Astap\Desktop\CH583EVT\EVT\EXAM\BLE\LIB\libCH58xBLE.a(tmos.o)
                0x000000000000463e                tmos_update_periodic_callback_timer
 .text.tmos_start_task
                0x0000000000004698      0x126 C:\Users\Astap\Desktop\CH583EVT\EVT\EXAM\BLE\LIB\libCH58xBLE.a(tmos.o)
                0x0000000000004698                tmos_start_task
 .text.tmos_start_callback_task
                0x00000000000047be       0x96 C:\Users\Astap\Desktop\CH583EVT\EVT\EXAM\BLE\LIB\libCH58xBLE.a(tmos.o)
                0x00000000000047be                tmos_start_callback_task
 .text.tmos_start_reload_task
                0x0000000000004854       0x56 C:\Users\Astap\Desktop\CH583EVT\EVT\EXAM\BLE\LIB\libCH58xBLE.a(tmos.o)
                0x0000000000004854                tmos_start_reload_task
 .text.tmos_stop_task
                0x00000000000048aa       0x48 C:\Users\Astap\Desktop\CH583EVT\EVT\EXAM\BLE\LIB\libCH58xBLE.a(tmos.o)
                0x00000000000048aa                tmos_stop_task
 .text.tmos_stop_callback_task
                0x00000000000048f2       0x56 C:\Users\Astap\Desktop\CH583EVT\EVT\EXAM\BLE\LIB\libCH58xBLE.a(tmos.o)
                0x00000000000048f2                tmos_stop_callback_task
 .text.tmos_get_task_timer
                0x0000000000004948       0x5e C:\Users\Astap\Desktop\CH583EVT\EVT\EXAM\BLE\LIB\libCH58xBLE.a(tmos.o)
                0x0000000000004948                tmos_get_task_timer
 .text.tmos_proces_sleep
                0x00000000000049a6       0xc4 C:\Users\Astap\Desktop\CH583EVT\EVT\EXAM\BLE\LIB\libCH58xBLE.a(tmos.o)
                0x00000000000049a6                tmos_proces_sleep
 .text.TMOS_TimerRegister
                0x0000000000004a6a       0x1a C:\Users\Astap\Desktop\CH583EVT\EVT\EXAM\BLE\LIB\libCH58xBLE.a(tmos.o)
                0x0000000000004a6a                TMOS_TimerRegister
 .text.TMOS_ProcessRegister
                0x0000000000004a84       0x16 C:\Users\Astap\Desktop\CH583EVT\EVT\EXAM\BLE\LIB\libCH58xBLE.a(tmos.o)
                0x0000000000004a84                TMOS_ProcessRegister
 .text.TMOS_Init
                0x0000000000004a9a      0x10e C:\Users\Astap\Desktop\CH583EVT\EVT\EXAM\BLE\LIB\libCH58xBLE.a(tmos.o)
                0x0000000000004a9a                TMOS_Init
 .text.TMOS_ProcessEventRegister
                0x0000000000004ba8       0x38 C:\Users\Astap\Desktop\CH583EVT\EVT\EXAM\BLE\LIB\libCH58xBLE.a(tmos.o)
                0x0000000000004ba8                TMOS_ProcessEventRegister
 .text.BLE_LibInit
                0x0000000000004be0      0x178 C:\Users\Astap\Desktop\CH583EVT\EVT\EXAM\BLE\LIB\libCH58xBLE.a(tmos.o)
                0x0000000000004be0                BLE_LibInit
 .text.clockGetTickValve
                0x0000000000004d58       0x7e C:\Users\Astap\Desktop\CH583EVT\EVT\EXAM\BLE\LIB\libCH58xBLE.a(tmos_hw.o)
 .text.ll_get_sca_divisor
                0x0000000000004dd6       0x40 C:\Users\Astap\Desktop\CH583EVT\EVT\EXAM\BLE\LIB\libCH58xBLE.a(tmos_hw.o)
                0x0000000000004dd6                ll_get_sca_divisor
 .text.ll_get_sca_own
                0x0000000000004e16       0x46 C:\Users\Astap\Desktop\CH583EVT\EVT\EXAM\BLE\LIB\libCH58xBLE.a(tmos_hw.o)
                0x0000000000004e16                ll_get_sca_own
 .text.ble_ll_common_rand8
                0x0000000000004e5c       0x24 C:\Users\Astap\Desktop\CH583EVT\EVT\EXAM\BLE\LIB\libCH58xBLE.a(tmos_hw.o)
                0x0000000000004e5c                ble_ll_common_rand8
 .text.ble_ll_common_rand16
                0x0000000000004e80       0x24 C:\Users\Astap\Desktop\CH583EVT\EVT\EXAM\BLE\LIB\libCH58xBLE.a(tmos_hw.o)
                0x0000000000004e80                ble_ll_common_rand16
 .text.ble_ll_common_rand32
                0x0000000000004ea4       0x20 C:\Users\Astap\Desktop\CH583EVT\EVT\EXAM\BLE\LIB\libCH58xBLE.a(tmos_hw.o)
                0x0000000000004ea4                ble_ll_common_rand32
 .text.TMOS_TempSample
                0x0000000000004ec4       0x62 C:\Users\Astap\Desktop\CH583EVT\EVT\EXAM\BLE\LIB\libCH58xBLE.a(tmos_hw.o)
                0x0000000000004ec4                TMOS_TempSample
 .text.TMOS_TimerInit
                0x0000000000004f26      0x14e C:\Users\Astap\Desktop\CH583EVT\EVT\EXAM\BLE\LIB\libCH58xBLE.a(tmos_hw.o)
                0x0000000000004f26                TMOS_TimerInit
 .text.tmos_snv_init
                0x0000000000005074       0xc0 C:\Users\Astap\Desktop\CH583EVT\EVT\EXAM\BLE\LIB\libCH58xBLE.a(tmos_snv.o)
                0x0000000000005074                tmos_snv_init
 .text.tmos_snv_read
                0x0000000000005134      0x292 C:\Users\Astap\Desktop\CH583EVT\EVT\EXAM\BLE\LIB\libCH58xBLE.a(tmos_snv.o)
                0x0000000000005134                tmos_snv_read
 .text.tmos_snv_notify
                0x00000000000053c6       0x5a C:\Users\Astap\Desktop\CH583EVT\EVT\EXAM\BLE\LIB\libCH58xBLE.a(tmos_snv.o)
                0x00000000000053c6                tmos_snv_notify
 .text.tmos_snv_write
                0x0000000000005420      0x2ce C:\Users\Astap\Desktop\CH583EVT\EVT\EXAM\BLE\LIB\libCH58xBLE.a(tmos_snv.o)
                0x0000000000005420                tmos_snv_write
 .text.tmos_snv_compact
                0x00000000000056ee        0x4 C:\Users\Astap\Desktop\CH583EVT\EVT\EXAM\BLE\LIB\libCH58xBLE.a(tmos_snv.o)
                0x00000000000056ee                tmos_snv_compact
 .text.disconnectNext
                0x00000000000056f2       0x22 C:\Users\Astap\Desktop\CH583EVT\EVT\EXAM\BLE\LIB\libCH58xBLE.a(gap.o)
 .text.GAP_ParamInit
                0x0000000000005714       0xec C:\Users\Astap\Desktop\CH583EVT\EVT\EXAM\BLE\LIB\libCH58xBLE.a(gap.o)
                0x0000000000005714                GAP_ParamInit
 .text.sendTerminateEvent
                0x0000000000005800       0x58 C:\Users\Astap\Desktop\CH583EVT\EVT\EXAM\BLE\LIB\libCH58xBLE.a(gap.o)
                0x0000000000005800                sendTerminateEvent
 .text.gapRegisterCentral
                0x0000000000005858        0x6 C:\Users\Astap\Desktop\CH583EVT\EVT\EXAM\BLE\LIB\libCH58xBLE.a(gap.o)
                0x0000000000005858                gapRegisterCentral
 .text.gapRegisterCentralConn
                0x000000000000585e        0x6 C:\Users\Astap\Desktop\CH583EVT\EVT\EXAM\BLE\LIB\libCH58xBLE.a(gap.o)
                0x000000000000585e                gapRegisterCentralConn
 .text.gapRegisterPeripheral
                0x0000000000005864        0x6 C:\Users\Astap\Desktop\CH583EVT\EVT\EXAM\BLE\LIB\libCH58xBLE.a(gap.o)
                0x0000000000005864                gapRegisterPeripheral
 .text.gapRegisterPeripheralConn
                0x000000000000586a        0x6 C:\Users\Astap\Desktop\CH583EVT\EVT\EXAM\BLE\LIB\libCH58xBLE.a(gap.o)
                0x000000000000586a                gapRegisterPeripheralConn
 .text.smGenerateRandBuf
                0x0000000000005870       0x56 C:\Users\Astap\Desktop\CH583EVT\EVT\EXAM\BLE\LIB\libCH58xBLE.a(gap.o)
                0x0000000000005870                smGenerateRandBuf
 .text.gapL2capConnParamUpdateReq
                0x00000000000058c6       0x36 C:\Users\Astap\Desktop\CH583EVT\EVT\EXAM\BLE\LIB\libCH58xBLE.a(gap.o)
                0x00000000000058c6                gapL2capConnParamUpdateReq
 .text.gapValidADType
                0x00000000000058fc       0x16 C:\Users\Astap\Desktop\CH583EVT\EVT\EXAM\BLE\LIB\libCH58xBLE.a(gap.o)
                0x00000000000058fc                gapValidADType
 .text.gapFindADType
                0x0000000000005912       0x92 C:\Users\Astap\Desktop\CH583EVT\EVT\EXAM\BLE\LIB\libCH58xBLE.a(gap.o)
                0x0000000000005912                gapFindADType
 .text.GAP_SecParamsInit
                0x00000000000059a4       0xaa C:\Users\Astap\Desktop\CH583EVT\EVT\EXAM\BLE\LIB\libCH58xBLE.a(gap.o)
                0x00000000000059a4                GAP_SecParamsInit
 .text.GAP_ParamsInit
                0x0000000000005a4e       0x50 C:\Users\Astap\Desktop\CH583EVT\EVT\EXAM\BLE\LIB\libCH58xBLE.a(gap.o)
                0x0000000000005a4e                GAP_ParamsInit
 .text.gapAddAddrAdj
                0x0000000000005a9e       0x48 C:\Users\Astap\Desktop\CH583EVT\EVT\EXAM\BLE\LIB\libCH58xBLE.a(gap.o)
                0x0000000000005a9e                gapAddAddrAdj
 .text.gapDetermineAddrType
                0x0000000000005ae6       0x28 C:\Users\Astap\Desktop\CH583EVT\EVT\EXAM\BLE\LIB\libCH58xBLE.a(gap.o)
                0x0000000000005ae6                gapDetermineAddrType
 .text.gapFreeAuthLink
                0x0000000000005b0e       0x4a C:\Users\Astap\Desktop\CH583EVT\EVT\EXAM\BLE\LIB\libCH58xBLE.a(gap.o)
                0x0000000000005b0e                gapFreeAuthLink
 .text.gapGetDevAddress
                0x0000000000005b58       0x24 C:\Users\Astap\Desktop\CH583EVT\EVT\EXAM\BLE\LIB\libCH58xBLE.a(gap.o)
                0x0000000000005b58                gapGetDevAddress
 .text.gapGetDevAddressMode
                0x0000000000005b7c        0xa C:\Users\Astap\Desktop\CH583EVT\EVT\EXAM\BLE\LIB\libCH58xBLE.a(gap.o)
                0x0000000000005b7c                gapGetDevAddressMode
 .text.gapGetIRK
                0x0000000000005b86        0xc C:\Users\Astap\Desktop\CH583EVT\EVT\EXAM\BLE\LIB\libCH58xBLE.a(gap.o)
                0x0000000000005b86                gapGetIRK
 .text.gapGetSRK
                0x0000000000005b92        0xc C:\Users\Astap\Desktop\CH583EVT\EVT\EXAM\BLE\LIB\libCH58xBLE.a(gap.o)
                0x0000000000005b92                gapGetSRK
 .text.gapGetSignCounter
                0x0000000000005b9e        0xe C:\Users\Astap\Desktop\CH583EVT\EVT\EXAM\BLE\LIB\libCH58xBLE.a(gap.o)
                0x0000000000005b9e                gapGetSignCounter
 .text.gapIncSignCounter
                0x0000000000005bac       0x28 C:\Users\Astap\Desktop\CH583EVT\EVT\EXAM\BLE\LIB\libCH58xBLE.a(gap.o)
                0x0000000000005bac                gapIncSignCounter
 .text.gapProcessConnEvt
                0x0000000000005bd4       0x48 C:\Users\Astap\Desktop\CH583EVT\EVT\EXAM\BLE\LIB\libCH58xBLE.a(gap.o)
                0x0000000000005bd4                gapProcessConnEvt
 .text.gapProcessDisconnectCompleteEvt
                0x0000000000005c1c       0xa8 C:\Users\Astap\Desktop\CH583EVT\EVT\EXAM\BLE\LIB\libCH58xBLE.a(gap.o)
                0x0000000000005c1c                gapProcessDisconnectCompleteEvt
 .text.sendAuthEvent
                0x0000000000005cc4      0x11e C:\Users\Astap\Desktop\CH583EVT\EVT\EXAM\BLE\LIB\libCH58xBLE.a(gap.o)
                0x0000000000005cc4                sendAuthEvent
 .text.gapSendBondCompleteEvent
                0x0000000000005de2       0x74 C:\Users\Astap\Desktop\CH583EVT\EVT\EXAM\BLE\LIB\libCH58xBLE.a(gap.o)
                0x0000000000005de2                gapSendBondCompleteEvent
 .text.gapSendPairingReqEvent
                0x0000000000005e56       0x96 C:\Users\Astap\Desktop\CH583EVT\EVT\EXAM\BLE\LIB\libCH58xBLE.a(gap.o)
                0x0000000000005e56                gapSendPairingReqEvent
 .text.gapSendSlaveSecurityReqEvent
                0x0000000000005eec       0x68 C:\Users\Astap\Desktop\CH583EVT\EVT\EXAM\BLE\LIB\libCH58xBLE.a(gap.o)
                0x0000000000005eec                gapSendSlaveSecurityReqEvent
 .text.gapSendDeviceInitDoneEvent
                0x0000000000005f54       0x88 C:\Users\Astap\Desktop\CH583EVT\EVT\EXAM\BLE\LIB\libCH58xBLE.a(gap.o)
                0x0000000000005f54                gapSendDeviceInitDoneEvent
 .text.gapSendLinkUpdateEvent
                0x0000000000005fdc       0xb2 C:\Users\Astap\Desktop\CH583EVT\EVT\EXAM\BLE\LIB\libCH58xBLE.a(gap.o)
                0x0000000000005fdc                gapSendLinkUpdateEvent
 .text.gapSendPhyUpdateEvent
                0x000000000000608e       0x58 C:\Users\Astap\Desktop\CH583EVT\EVT\EXAM\BLE\LIB\libCH58xBLE.a(gap.o)
                0x000000000000608e                gapSendPhyUpdateEvent
 .text.gapSendEstLinkEvent
                0x00000000000060e6       0xbc C:\Users\Astap\Desktop\CH583EVT\EVT\EXAM\BLE\LIB\libCH58xBLE.a(gap.o)
                0x00000000000060e6                gapSendEstLinkEvent
 .text.gapProcessNewAddr
                0x00000000000061a2       0x3e C:\Users\Astap\Desktop\CH583EVT\EVT\EXAM\BLE\LIB\libCH58xBLE.a(gap.o)
                0x00000000000061a2                gapProcessNewAddr
 .text.gapProcessRandomAddrComplete
                0x00000000000061e0       0xb6 C:\Users\Astap\Desktop\CH583EVT\EVT\EXAM\BLE\LIB\libCH58xBLE.a(gap.o)
                0x00000000000061e0                gapProcessRandomAddrComplete
 .text.GAP_Authenticate
                0x0000000000006296       0xde C:\Users\Astap\Desktop\CH583EVT\EVT\EXAM\BLE\LIB\libCH58xBLE.a(gap.o)
                0x0000000000006296                GAP_Authenticate
 .text.GAP_Bond
                0x0000000000006374       0xaa C:\Users\Astap\Desktop\CH583EVT\EVT\EXAM\BLE\LIB\libCH58xBLE.a(gap.o)
                0x0000000000006374                GAP_Bond
 .text.GAP_GetParamValue
                0x000000000000641e       0x20 C:\Users\Astap\Desktop\CH583EVT\EVT\EXAM\BLE\LIB\libCH58xBLE.a(gap.o)
                0x000000000000641e                GAP_GetParamValue
 .text.GAP_PasscodeUpdate
                0x000000000000643e       0x54 C:\Users\Astap\Desktop\CH583EVT\EVT\EXAM\BLE\LIB\libCH58xBLE.a(gap.o)
                0x000000000000643e                GAP_PasscodeUpdate
 .text.GAP_RegisterForMsgs
                0x0000000000006492        0xa C:\Users\Astap\Desktop\CH583EVT\EVT\EXAM\BLE\LIB\libCH58xBLE.a(gap.o)
                0x0000000000006492                GAP_RegisterForMsgs
 .text.GAP_ResolvePrivateAddr
                0x000000000000649c        0x4 C:\Users\Astap\Desktop\CH583EVT\EVT\EXAM\BLE\LIB\libCH58xBLE.a(gap.o)
                0x000000000000649c                GAP_ResolvePrivateAddr
 .text.gapPairingCompleteCB
                0x00000000000064a0      0x18c C:\Users\Astap\Desktop\CH583EVT\EVT\EXAM\BLE\LIB\libCH58xBLE.a(gap.o)
                0x00000000000064a0                gapPairingCompleteCB
 .text.gapPasskeyNeededCB
                0x000000000000662c       0x8e C:\Users\Astap\Desktop\CH583EVT\EVT\EXAM\BLE\LIB\libCH58xBLE.a(gap.o)
                0x000000000000662c                gapPasskeyNeededCB
 .text.gapOobNeededCB
                0x00000000000066ba       0xa6 C:\Users\Astap\Desktop\CH583EVT\EVT\EXAM\BLE\LIB\libCH58xBLE.a(gap.o)
                0x00000000000066ba                gapOobNeededCB
 .text.gapFreeEstLink
                0x0000000000006760       0x20 C:\Users\Astap\Desktop\CH583EVT\EVT\EXAM\BLE\LIB\libCH58xBLE.a(gap.o)
                0x0000000000006760                gapFreeEstLink
 .text.gapUpdateConnSignCounter
                0x0000000000006780       0x7a C:\Users\Astap\Desktop\CH583EVT\EVT\EXAM\BLE\LIB\libCH58xBLE.a(gap.o)
                0x0000000000006780                gapUpdateConnSignCounter
 .text.GAP_SendSlaveSecurityRequest
                0x00000000000067fa       0x4a C:\Users\Astap\Desktop\CH583EVT\EVT\EXAM\BLE\LIB\libCH58xBLE.a(gap.o)
                0x00000000000067fa                GAP_SendSlaveSecurityRequest
 .text.GAP_Signable
                0x0000000000006844       0x6a C:\Users\Astap\Desktop\CH583EVT\EVT\EXAM\BLE\LIB\libCH58xBLE.a(gap.o)
                0x0000000000006844                GAP_Signable
 .text.GAP_TerminateAuth
                0x00000000000068ae       0x2a C:\Users\Astap\Desktop\CH583EVT\EVT\EXAM\BLE\LIB\libCH58xBLE.a(gap.o)
                0x00000000000068ae                GAP_TerminateAuth
 .text.GAP_NumActiveConnections
                0x00000000000068d8        0x4 C:\Users\Astap\Desktop\CH583EVT\EVT\EXAM\BLE\LIB\libCH58xBLE.a(gap.o)
                0x00000000000068d8                GAP_NumActiveConnections
 .text.GAP_TerminateLinkReq
                0x00000000000068dc       0x8e C:\Users\Astap\Desktop\CH583EVT\EVT\EXAM\BLE\LIB\libCH58xBLE.a(gap.o)
                0x00000000000068dc                GAP_TerminateLinkReq
 .text.GAP_SetParamValue
                0x000000000000696a       0x6c C:\Users\Astap\Desktop\CH583EVT\EVT\EXAM\BLE\LIB\libCH58xBLE.a(gap.o)
                0x000000000000696a                GAP_SetParamValue
 .text.GAP_Init
                0x00000000000069d6       0x48 C:\Users\Astap\Desktop\CH583EVT\EVT\EXAM\BLE\LIB\libCH58xBLE.a(gap.o)
                0x00000000000069d6                GAP_Init
 .text.GAP_ProcessEvent
                0x0000000000006a1e      0x66a C:\Users\Astap\Desktop\CH583EVT\EVT\EXAM\BLE\LIB\libCH58xBLE.a(gap.o)
                0x0000000000006a1e                GAP_ProcessEvent
 .text.gapSendScanEnable
                0x0000000000007088       0x3a C:\Users\Astap\Desktop\CH583EVT\EVT\EXAM\BLE\LIB\libCH58xBLE.a(gap_central.o)
 .text.gapCentProcessConnEvt
                0x00000000000070c2      0x168 C:\Users\Astap\Desktop\CH583EVT\EVT\EXAM\BLE\LIB\libCH58xBLE.a(gap_central.o)
                0x00000000000070c2                gapCentProcessConnEvt
 .text.gapProcessScanningPeriodicAdvEvt
                0x000000000000722a       0xa0 C:\Users\Astap\Desktop\CH583EVT\EVT\EXAM\BLE\LIB\libCH58xBLE.a(gap_central.o)
                0x000000000000722a                gapProcessScanningPeriodicAdvEvt
 .text.gapCancelLinkReq
                0x00000000000072ca       0x38 C:\Users\Astap\Desktop\CH583EVT\EVT\EXAM\BLE\LIB\libCH58xBLE.a(gap_central.o)
                0x00000000000072ca                gapCancelLinkReq
 .text.gapProcessAdvertDevInfo
                0x0000000000007302      0x242 C:\Users\Astap\Desktop\CH583EVT\EVT\EXAM\BLE\LIB\libCH58xBLE.a(gap_central.o)
                0x0000000000007302                gapProcessAdvertDevInfo
 .text.gapProcessExtAdvertDevInfo
                0x0000000000007544      0x260 C:\Users\Astap\Desktop\CH583EVT\EVT\EXAM\BLE\LIB\libCH58xBLE.a(gap_central.o)
                0x0000000000007544                gapProcessExtAdvertDevInfo
 .text.gapProcessPeriodicAdvertisingSyncEstablishedEvt
                0x00000000000077a4       0xae C:\Users\Astap\Desktop\CH583EVT\EVT\EXAM\BLE\LIB\libCH58xBLE.a(gap_central.o)
                0x00000000000077a4                gapProcessPeriodicAdvertisingSyncEstablishedEvt
 .text.gapProcessPeriodicAdvertisingSyncLostEvt
                0x0000000000007852       0x56 C:\Users\Astap\Desktop\CH583EVT\EVT\EXAM\BLE\LIB\libCH58xBLE.a(gap_central.o)
                0x0000000000007852                gapProcessPeriodicAdvertisingSyncLostEvt
 .text.gapFreeScanRecs
                0x00000000000078a8       0xa6 C:\Users\Astap\Desktop\CH583EVT\EVT\EXAM\BLE\LIB\libCH58xBLE.a(gap_central.o)
                0x00000000000078a8                gapFreeScanRecs
 .text.gapSendDevDiscEvent
                0x000000000000794e      0x124 C:\Users\Astap\Desktop\CH583EVT\EVT\EXAM\BLE\LIB\libCH58xBLE.a(gap_central.o)
                0x000000000000794e                gapSendDevDiscEvent
 .text.gapSetScanParamStatus
                0x0000000000007a72       0x56 C:\Users\Astap\Desktop\CH583EVT\EVT\EXAM\BLE\LIB\libCH58xBLE.a(gap_central.o)
 .text.gapCentProcessHCICmdEvt
                0x0000000000007ac8       0x3c C:\Users\Astap\Desktop\CH583EVT\EVT\EXAM\BLE\LIB\libCH58xBLE.a(gap_central.o)
                0x0000000000007ac8                gapCentProcessHCICmdEvt
 .text.gapProcessScanningEvt
                0x0000000000007b04      0x110 C:\Users\Astap\Desktop\CH583EVT\EVT\EXAM\BLE\LIB\libCH58xBLE.a(gap_central.o)
                0x0000000000007b04                gapProcessScanningEvt
 .text.gapProcessScanningDirectEvt
                0x0000000000007c14       0xfe C:\Users\Astap\Desktop\CH583EVT\EVT\EXAM\BLE\LIB\libCH58xBLE.a(gap_central.o)
                0x0000000000007c14                gapProcessScanningDirectEvt
 .text.gapProcessScanningExtAdvEvt
                0x0000000000007d12      0x2c4 C:\Users\Astap\Desktop\CH583EVT\EVT\EXAM\BLE\LIB\libCH58xBLE.a(gap_central.o)
                0x0000000000007d12                gapProcessScanningExtAdvEvt
 .text.GAP_CentConnRegister
                0x0000000000007fd6       0x16 C:\Users\Astap\Desktop\CH583EVT\EVT\EXAM\BLE\LIB\libCH58xBLE.a(gap_central.o)
                0x0000000000007fd6                GAP_CentConnRegister
 .text.GAP_CentralParamInit
                0x0000000000007fec       0x6a C:\Users\Astap\Desktop\CH583EVT\EVT\EXAM\BLE\LIB\libCH58xBLE.a(gap_central.o)
                0x0000000000007fec                GAP_CentralParamInit
 .text.GAP_CentDevMgrInit
                0x0000000000008056       0x9c C:\Users\Astap\Desktop\CH583EVT\EVT\EXAM\BLE\LIB\libCH58xBLE.a(gap_central.o)
                0x0000000000008056                GAP_CentDevMgrInit
 .text.gapFreeAdvertState
                0x00000000000080f2       0x20 C:\Users\Astap\Desktop\CH583EVT\EVT\EXAM\BLE\LIB\libCH58xBLE.a(gap_peripheral.o)
 .text.gapSetPeriodicAdvParams
                0x0000000000008112       0x30 C:\Users\Astap\Desktop\CH583EVT\EVT\EXAM\BLE\LIB\libCH58xBLE.a(gap_peripheral.o)
 .text.gapSetConnectionlessCTEParams
                0x0000000000008142       0x54 C:\Users\Astap\Desktop\CH583EVT\EVT\EXAM\BLE\LIB\libCH58xBLE.a(gap_peripheral.o)
 .text.gapSetAdvParams
                0x0000000000008196      0x126 C:\Users\Astap\Desktop\CH583EVT\EVT\EXAM\BLE\LIB\libCH58xBLE.a(gap_peripheral.o)
 .text.gapPeriProcessConnEvt
                0x00000000000082bc       0xd0 C:\Users\Astap\Desktop\CH583EVT\EVT\EXAM\BLE\LIB\libCH58xBLE.a(gap_peripheral.o)
 .text.gapWriteAdvDataStatus
                0x000000000000838c       0x8a C:\Users\Astap\Desktop\CH583EVT\EVT\EXAM\BLE\LIB\libCH58xBLE.a(gap_peripheral.o)
 .text.GAP_MakeDiscoverable
                0x0000000000008416      0x174 C:\Users\Astap\Desktop\CH583EVT\EVT\EXAM\BLE\LIB\libCH58xBLE.a(gap_peripheral.o)
                0x0000000000008416                GAP_MakeDiscoverable
 .text.GAP_EndDiscoverable
                0x000000000000858a       0x66 C:\Users\Astap\Desktop\CH583EVT\EVT\EXAM\BLE\LIB\libCH58xBLE.a(gap_peripheral.o)
                0x000000000000858a                GAP_EndDiscoverable
 .text.gapProcessAdvertisingEvt
                0x00000000000085f0      0x118 C:\Users\Astap\Desktop\CH583EVT\EVT\EXAM\BLE\LIB\libCH58xBLE.a(gap_peripheral.o)
 .text.GAP_MakePeriodic
                0x0000000000008708       0x26 C:\Users\Astap\Desktop\CH583EVT\EVT\EXAM\BLE\LIB\libCH58xBLE.a(gap_peripheral.o)
                0x0000000000008708                GAP_MakePeriodic
 .text.GAP_EndPeriodic
                0x000000000000872e        0xc C:\Users\Astap\Desktop\CH583EVT\EVT\EXAM\BLE\LIB\libCH58xBLE.a(gap_peripheral.o)
                0x000000000000872e                GAP_EndPeriodic
 .text.GAP_MakeConnecttionlessCTE
                0x000000000000873a       0x1a C:\Users\Astap\Desktop\CH583EVT\EVT\EXAM\BLE\LIB\libCH58xBLE.a(gap_peripheral.o)
                0x000000000000873a                GAP_MakeConnecttionlessCTE
 .text.GAP_EndConnecttionlessCTE
                0x0000000000008754        0xc C:\Users\Astap\Desktop\CH583EVT\EVT\EXAM\BLE\LIB\libCH58xBLE.a(gap_peripheral.o)
                0x0000000000008754                GAP_EndConnecttionlessCTE
 .text.GAP_SetAdvertisingAdvData
                0x0000000000008760      0x102 C:\Users\Astap\Desktop\CH583EVT\EVT\EXAM\BLE\LIB\libCH58xBLE.a(gap_peripheral.o)
                0x0000000000008760                GAP_SetAdvertisingAdvData
 .text.GAP_SetAdvertisingRspData
                0x0000000000008862      0x102 C:\Users\Astap\Desktop\CH583EVT\EVT\EXAM\BLE\LIB\libCH58xBLE.a(gap_peripheral.o)
                0x0000000000008862                GAP_SetAdvertisingRspData
 .text.GAP_SetPeriodicAdvertisingData
                0x0000000000008964       0xc6 C:\Users\Astap\Desktop\CH583EVT\EVT\EXAM\BLE\LIB\libCH58xBLE.a(gap_peripheral.o)
                0x0000000000008964                GAP_SetPeriodicAdvertisingData
 .text.GAP_GetAdvertisingAdvData
                0x0000000000008a2a       0x26 C:\Users\Astap\Desktop\CH583EVT\EVT\EXAM\BLE\LIB\libCH58xBLE.a(gap_peripheral.o)
                0x0000000000008a2a                GAP_GetAdvertisingAdvData
 .text.GAP_GetAdvertisingRspData
                0x0000000000008a50       0x34 C:\Users\Astap\Desktop\CH583EVT\EVT\EXAM\BLE\LIB\libCH58xBLE.a(gap_peripheral.o)
                0x0000000000008a50                GAP_GetAdvertisingRspData
 .text.GAP_GetPeriodicAdvertisingData
                0x0000000000008a84       0x34 C:\Users\Astap\Desktop\CH583EVT\EVT\EXAM\BLE\LIB\libCH58xBLE.a(gap_peripheral.o)
                0x0000000000008a84                GAP_GetPeriodicAdvertisingData
 .text.GAP_PeriConnRegister
                0x0000000000008ab8       0x2e C:\Users\Astap\Desktop\CH583EVT\EVT\EXAM\BLE\LIB\libCH58xBLE.a(gap_peripheral.o)
                0x0000000000008ab8                GAP_PeriConnRegister
 .text.GAP_PeripheralParamInit
                0x0000000000008ae6       0x6c C:\Users\Astap\Desktop\CH583EVT\EVT\EXAM\BLE\LIB\libCH58xBLE.a(gap_peripheral.o)
                0x0000000000008ae6                GAP_PeripheralParamInit
 .text.gapSendMakeDiscEvent
                0x0000000000008b52       0x50 C:\Users\Astap\Desktop\CH583EVT\EVT\EXAM\BLE\LIB\libCH58xBLE.a(gap_peripheral.o)
                0x0000000000008b52                gapSendMakeDiscEvent
 .text.gapWriteAdvEnableStatus
                0x0000000000008ba2      0x110 C:\Users\Astap\Desktop\CH583EVT\EVT\EXAM\BLE\LIB\libCH58xBLE.a(gap_peripheral.o)
 .text.gapSendMakePeriodicEvent
                0x0000000000008cb2       0x3a C:\Users\Astap\Desktop\CH583EVT\EVT\EXAM\BLE\LIB\libCH58xBLE.a(gap_peripheral.o)
                0x0000000000008cb2                gapSendMakePeriodicEvent
 .text.gapSendMakeConnectionlessCTEEvent
                0x0000000000008cec       0x3a C:\Users\Astap\Desktop\CH583EVT\EVT\EXAM\BLE\LIB\libCH58xBLE.a(gap_peripheral.o)
                0x0000000000008cec                gapSendMakeConnectionlessCTEEvent
 .text.gapPeriProcessHCICmdCompleteEvt
                0x0000000000008d26      0x22e C:\Users\Astap\Desktop\CH583EVT\EVT\EXAM\BLE\LIB\libCH58xBLE.a(gap_peripheral.o)
 .text.GAP_PeriDevMgrInit
                0x0000000000008f54       0x2e C:\Users\Astap\Desktop\CH583EVT\EVT\EXAM\BLE\LIB\libCH58xBLE.a(gap_peripheral.o)
                0x0000000000008f54                GAP_PeriDevMgrInit
 .text.ggs_SetAttrWPermit
                0x0000000000008f82       0x68 C:\Users\Astap\Desktop\CH583EVT\EVT\EXAM\BLE\LIB\libCH58xBLE.a(gapgattserver.o)
 .text.ggs_ReadAttrCB
                0x0000000000008fea      0x156 C:\Users\Astap\Desktop\CH583EVT\EVT\EXAM\BLE\LIB\libCH58xBLE.a(gapgattserver.o)
 .text.ggs_WriteAttrCB
                0x0000000000009140      0x162 C:\Users\Astap\Desktop\CH583EVT\EVT\EXAM\BLE\LIB\libCH58xBLE.a(gapgattserver.o)
 .text.GGS_ParamInit
                0x00000000000092a2      0x15c C:\Users\Astap\Desktop\CH583EVT\EVT\EXAM\BLE\LIB\libCH58xBLE.a(gapgattserver.o)
                0x00000000000092a2                GGS_ParamInit
 .text.GGS_SetParameter
                0x00000000000093fe      0x116 C:\Users\Astap\Desktop\CH583EVT\EVT\EXAM\BLE\LIB\libCH58xBLE.a(gapgattserver.o)
                0x00000000000093fe                GGS_SetParameter
 .text.GGS_AddService
                0x0000000000009514       0x2c C:\Users\Astap\Desktop\CH583EVT\EVT\EXAM\BLE\LIB\libCH58xBLE.a(gapgattserver.o)
                0x0000000000009514                GGS_AddService
 .text.GAP_DeviceInit
                0x0000000000009540       0xd8 C:\Users\Astap\Desktop\CH583EVT\EVT\EXAM\BLE\LIB\libCH58xBLE.a(gapgattserver.o)
                0x0000000000009540                GAP_DeviceInit
 .text.gattWrite.part.0
                0x0000000000009618       0x4c C:\Users\Astap\Desktop\CH583EVT\EVT\EXAM\BLE\LIB\libCH58xBLE.a(gatt.o)
 .text.gattReadByType
                0x0000000000009664       0x8c C:\Users\Astap\Desktop\CH583EVT\EVT\EXAM\BLE\LIB\libCH58xBLE.a(gatt.o)
                0x0000000000009664                gattReadByType
 .text.gattGetPayload
                0x00000000000096f0       0x7e C:\Users\Astap\Desktop\CH583EVT\EVT\EXAM\BLE\LIB\libCH58xBLE.a(gatt.o)
                0x00000000000096f0                gattGetPayload
 .text.gattNotifyEvent
                0x000000000000976e       0x84 C:\Users\Astap\Desktop\CH583EVT\EVT\EXAM\BLE\LIB\libCH58xBLE.a(gatt.o)
                0x000000000000976e                gattNotifyEvent
 .text.gattSendFlowCtrlEvt
                0x00000000000097f2       0x52 C:\Users\Astap\Desktop\CH583EVT\EVT\EXAM\BLE\LIB\libCH58xBLE.a(gatt.o)
                0x00000000000097f2                gattSendFlowCtrlEvt
 .text.gattStartTimer
                0x0000000000009844        0xc C:\Users\Astap\Desktop\CH583EVT\EVT\EXAM\BLE\LIB\libCH58xBLE.a(gatt.o)
                0x0000000000009844                gattStartTimer
 .text.gattStopTimer
                0x0000000000009850       0x32 C:\Users\Astap\Desktop\CH583EVT\EVT\EXAM\BLE\LIB\libCH58xBLE.a(gatt.o)
                0x0000000000009850                gattStopTimer
 .text.GATT_AppCompletedMsg
                0x0000000000009882       0x30 C:\Users\Astap\Desktop\CH583EVT\EVT\EXAM\BLE\LIB\libCH58xBLE.a(gatt.o)
                0x0000000000009882                GATT_AppCompletedMsg
 .text.GATT_DiscAllCharDescs
                0x00000000000098b2       0x4e C:\Users\Astap\Desktop\CH583EVT\EVT\EXAM\BLE\LIB\libCH58xBLE.a(gatt.o)
                0x00000000000098b2                GATT_DiscAllCharDescs
 .text.GATT_DiscAllChars
                0x0000000000009900       0x2a C:\Users\Astap\Desktop\CH583EVT\EVT\EXAM\BLE\LIB\libCH58xBLE.a(gatt.o)
                0x0000000000009900                GATT_DiscAllChars
 .text.GATT_NotifyEvent
                0x000000000000992a       0x56 C:\Users\Astap\Desktop\CH583EVT\EVT\EXAM\BLE\LIB\libCH58xBLE.a(gatt.o)
                0x000000000000992a                GATT_NotifyEvent
 .text.GATT_WriteCharValue
                0x0000000000009980       0x12 C:\Users\Astap\Desktop\CH583EVT\EVT\EXAM\BLE\LIB\libCH58xBLE.a(gatt.o)
                0x0000000000009980                GATT_WriteCharValue
 .text.gattRegisterClient
                0x0000000000009992        0x6 C:\Users\Astap\Desktop\CH583EVT\EVT\EXAM\BLE\LIB\libCH58xBLE.a(gatt.o)
                0x0000000000009992                gattRegisterClient
 .text.gattRegisterServer
                0x0000000000009998        0x6 C:\Users\Astap\Desktop\CH583EVT\EVT\EXAM\BLE\LIB\libCH58xBLE.a(gatt.o)
                0x0000000000009998                gattRegisterServer
 .text.GATT_UpdateMTU
                0x000000000000999e       0x5a C:\Users\Astap\Desktop\CH583EVT\EVT\EXAM\BLE\LIB\libCH58xBLE.a(gatt.o)
                0x000000000000999e                GATT_UpdateMTU
 .text.GATT_bm_alloc
                0x00000000000099f8       0xe8 C:\Users\Astap\Desktop\CH583EVT\EVT\EXAM\BLE\LIB\libCH58xBLE.a(gatt.o)
                0x00000000000099f8                GATT_bm_alloc
 .text.gattFindByTypeValue
                0x0000000000009ae0       0x7c C:\Users\Astap\Desktop\CH583EVT\EVT\EXAM\BLE\LIB\libCH58xBLE.a(gatt.o)
                0x0000000000009ae0                gattFindByTypeValue
 .text.GATT_DiscPrimaryServiceByUUID
                0x0000000000009b5c       0x78 C:\Users\Astap\Desktop\CH583EVT\EVT\EXAM\BLE\LIB\libCH58xBLE.a(gatt.o)
                0x0000000000009b5c                GATT_DiscPrimaryServiceByUUID
 .text.gattPrepareWriteReq
                0x0000000000009bd4       0x6e C:\Users\Astap\Desktop\CH583EVT\EVT\EXAM\BLE\LIB\libCH58xBLE.a(gatt.o)
                0x0000000000009bd4                gattPrepareWriteReq
 .text.gattProcessReliableWrites
                0x0000000000009c42       0xd4 C:\Users\Astap\Desktop\CH583EVT\EVT\EXAM\BLE\LIB\libCH58xBLE.a(gatt.o)
                0x0000000000009c42                gattProcessReliableWrites
 .text.gattProcessWriteLong
                0x0000000000009d16       0xc0 C:\Users\Astap\Desktop\CH583EVT\EVT\EXAM\BLE\LIB\libCH58xBLE.a(gatt.o)
                0x0000000000009d16                gattProcessWriteLong
 .text.GATT_ServiceChangedInd
                0x0000000000009dd6       0x94 C:\Users\Astap\Desktop\CH583EVT\EVT\EXAM\BLE\LIB\libCH58xBLE.a(gatt.o)
                0x0000000000009dd6                GATT_ServiceChangedInd
 .text.GATT_bm_free
                0x0000000000009e6a       0x1c C:\Users\Astap\Desktop\CH583EVT\EVT\EXAM\BLE\LIB\libCH58xBLE.a(gatt.o)
                0x0000000000009e6a                GATT_bm_free
 .text.GATT_Init
                0x0000000000009e86       0x2a C:\Users\Astap\Desktop\CH583EVT\EVT\EXAM\BLE\LIB\libCH58xBLE.a(gatt.o)
                0x0000000000009e86                GATT_Init
 .text.GATT_ProcessEvent
                0x0000000000009eb0      0x13a C:\Users\Astap\Desktop\CH583EVT\EVT\EXAM\BLE\LIB\libCH58xBLE.a(gatt.o)
                0x0000000000009eb0                GATT_ProcessEvent
 .text.gattProcessReadByType
                0x0000000000009fea      0x1d8 C:\Users\Astap\Desktop\CH583EVT\EVT\EXAM\BLE\LIB\libCH58xBLE.a(gattclientapp.o)
                0x0000000000009fea                gattProcessReadByType
 .text.gattFindClientInfo
                0x000000000000a1c2       0x30 C:\Users\Astap\Desktop\CH583EVT\EVT\EXAM\BLE\LIB\libCH58xBLE.a(gattclientapp.o)
                0x000000000000a1c2                gattFindClientInfo
 .text.gattClientNotifyTxCB
                0x000000000000a1f2       0x28 C:\Users\Astap\Desktop\CH583EVT\EVT\EXAM\BLE\LIB\libCH58xBLE.a(gattclientapp.o)
                0x000000000000a1f2                gattClientNotifyTxCB
 .text.gattGetClientStatus
                0x000000000000a21a       0x36 C:\Users\Astap\Desktop\CH583EVT\EVT\EXAM\BLE\LIB\libCH58xBLE.a(gattclientapp.o)
                0x000000000000a21a                gattGetClientStatus
 .text.gattResetClientInfo
                0x000000000000a250       0x8a C:\Users\Astap\Desktop\CH583EVT\EVT\EXAM\BLE\LIB\libCH58xBLE.a(gattclientapp.o)
                0x000000000000a250                gattResetClientInfo
 .text.gattClientHandleConnStatusCB
                0x000000000000a2da       0x9a C:\Users\Astap\Desktop\CH583EVT\EVT\EXAM\BLE\LIB\libCH58xBLE.a(gattclientapp.o)
                0x000000000000a2da                gattClientHandleConnStatusCB
 .text.gattClientHandleTimerCB
                0x000000000000a374       0x58 C:\Users\Astap\Desktop\CH583EVT\EVT\EXAM\BLE\LIB\libCH58xBLE.a(gattclientapp.o)
                0x000000000000a374                gattClientHandleTimerCB
 .text.gattStoreClientInfo
                0x000000000000a3cc       0x72 C:\Users\Astap\Desktop\CH583EVT\EVT\EXAM\BLE\LIB\libCH58xBLE.a(gattclientapp.o)
                0x000000000000a3cc                gattStoreClientInfo
 .text.GATT_RegisterForInd
                0x000000000000a43e        0x6 C:\Users\Astap\Desktop\CH583EVT\EVT\EXAM\BLE\LIB\libCH58xBLE.a(gattclientapp.o)
                0x000000000000a43e                GATT_RegisterForInd
 .text.gattProcessFindInfo
                0x000000000000a444       0x92 C:\Users\Astap\Desktop\CH583EVT\EVT\EXAM\BLE\LIB\libCH58xBLE.a(gattclientapp.o)
                0x000000000000a444                gattProcessFindInfo
 .text.gattProcessFindByTypeValue
                0x000000000000a4d6       0x7e C:\Users\Astap\Desktop\CH583EVT\EVT\EXAM\BLE\LIB\libCH58xBLE.a(gattclientapp.o)
                0x000000000000a4d6                gattProcessFindByTypeValue
 .text.gattProcessReadLong
                0x000000000000a554       0x78 C:\Users\Astap\Desktop\CH583EVT\EVT\EXAM\BLE\LIB\libCH58xBLE.a(gattclientapp.o)
                0x000000000000a554                gattProcessReadLong
 .text.gattProcessReadByGrpType
                0x000000000000a5cc       0x92 C:\Users\Astap\Desktop\CH583EVT\EVT\EXAM\BLE\LIB\libCH58xBLE.a(gattclientapp.o)
                0x000000000000a5cc                gattProcessReadByGrpType
 .text.gattProcessMultiReqs
                0x000000000000a65e      0x134 C:\Users\Astap\Desktop\CH583EVT\EVT\EXAM\BLE\LIB\libCH58xBLE.a(gattclientapp.o)
                0x000000000000a65e                gattProcessMultiReqs
 .text.gattClientProcessMsgCB
                0x000000000000a792      0x1e6 C:\Users\Astap\Desktop\CH583EVT\EVT\EXAM\BLE\LIB\libCH58xBLE.a(gattclientapp.o)
                0x000000000000a792                gattClientProcessMsgCB
 .text.GATT_InitClient
                0x000000000000a978       0xcc C:\Users\Astap\Desktop\CH583EVT\EVT\EXAM\BLE\LIB\libCH58xBLE.a(gattclientapp.o)
                0x000000000000a978                GATT_InitClient
 .text.gattProcessExchangeMTUReq
                0x000000000000aa44        0x4 C:\Users\Astap\Desktop\CH583EVT\EVT\EXAM\BLE\LIB\libCH58xBLE.a(gattservapp.o)
 .text.gattServApp_FindCharCfgItem
                0x000000000000aa48       0x24 C:\Users\Astap\Desktop\CH583EVT\EVT\EXAM\BLE\LIB\libCH58xBLE.a(gattservapp.o)
 .text.gattServerHandleTimerCB
                0x000000000000aa6c       0x3c C:\Users\Astap\Desktop\CH583EVT\EVT\EXAM\BLE\LIB\libCH58xBLE.a(gattservapp.o)
 .text.GATTServApp_InitCharCfg.part.12
                0x000000000000aaa8       0x20 C:\Users\Astap\Desktop\CH583EVT\EVT\EXAM\BLE\LIB\libCH58xBLE.a(gattservapp.o)
 .text.gattProcessExecuteWriteReq
                0x000000000000aac8        0x4 C:\Users\Astap\Desktop\CH583EVT\EVT\EXAM\BLE\LIB\libCH58xBLE.a(gattservapp.o)
 .text.GATTServApp_ParamInit
                0x000000000000aacc       0xd6 C:\Users\Astap\Desktop\CH583EVT\EVT\EXAM\BLE\LIB\libCH58xBLE.a(gattservapp.o)
                0x000000000000aacc                GATTServApp_ParamInit
 .text.GATTServApp_ReadCharCfg
                0x000000000000aba2       0x18 C:\Users\Astap\Desktop\CH583EVT\EVT\EXAM\BLE\LIB\libCH58xBLE.a(gattservapp.o)
                0x000000000000aba2                GATTServApp_ReadCharCfg
 .text.GATTServApp_WriteCharCfg
                0x000000000000abba       0x3c C:\Users\Astap\Desktop\CH583EVT\EVT\EXAM\BLE\LIB\libCH58xBLE.a(gattservapp.o)
                0x000000000000abba                GATTServApp_WriteCharCfg
 .text.GATTServApp_ProcessCCCWriteReq
                0x000000000000abf6       0x60 C:\Users\Astap\Desktop\CH583EVT\EVT\EXAM\BLE\LIB\libCH58xBLE.a(gattservapp.o)
                0x000000000000abf6                GATTServApp_ProcessCCCWriteReq
 .text.gattServApp_WriteAttrCB
                0x000000000000ac56       0x34 C:\Users\Astap\Desktop\CH583EVT\EVT\EXAM\BLE\LIB\libCH58xBLE.a(gattservapp.o)
                0x000000000000ac56                gattServApp_WriteAttrCB
 .text.GATTServApp_SendCCCUpdatedEvent
                0x000000000000ac8a       0x5e C:\Users\Astap\Desktop\CH583EVT\EVT\EXAM\BLE\LIB\libCH58xBLE.a(gattservapp.o)
                0x000000000000ac8a                GATTServApp_SendCCCUpdatedEvent
 .text.GATTServApp_SendServiceChangedInd
                0x000000000000ace8       0x36 C:\Users\Astap\Desktop\CH583EVT\EVT\EXAM\BLE\LIB\libCH58xBLE.a(gattservapp.o)
                0x000000000000ace8                GATTServApp_SendServiceChangedInd
 .text.gattServApp_ClearPrepareWriteQ
                0x000000000000ad1e       0x50 C:\Users\Astap\Desktop\CH583EVT\EVT\EXAM\BLE\LIB\libCH58xBLE.a(gattservapp.o)
                0x000000000000ad1e                gattServApp_ClearPrepareWriteQ
 .text.gattServApp_FindPrepareWriteQ
                0x000000000000ad6e       0x30 C:\Users\Astap\Desktop\CH583EVT\EVT\EXAM\BLE\LIB\libCH58xBLE.a(gattservapp.o)
                0x000000000000ad6e                gattServApp_FindPrepareWriteQ
 .text.gattServApp_FindServiceCBs
                0x000000000000ad9e       0x18 C:\Users\Astap\Desktop\CH583EVT\EVT\EXAM\BLE\LIB\libCH58xBLE.a(gattservapp.o)
                0x000000000000ad9e                gattServApp_FindServiceCBs
 .text.gattServApp_FindAuthorizeAttrCB
                0x000000000000adb6       0x16 C:\Users\Astap\Desktop\CH583EVT\EVT\EXAM\BLE\LIB\libCH58xBLE.a(gattservapp.o)
                0x000000000000adb6                gattServApp_FindAuthorizeAttrCB
 .text.gattServApp_IsWriteLong
                0x000000000000adcc       0xea C:\Users\Astap\Desktop\CH583EVT\EVT\EXAM\BLE\LIB\libCH58xBLE.a(gattservapp.o)
                0x000000000000adcc                gattServApp_IsWriteLong
 .text.gattFindService
                0x000000000000aeb6       0x1c C:\Users\Astap\Desktop\CH583EVT\EVT\EXAM\BLE\LIB\libCH58xBLE.a(gattservapp.o)
                0x000000000000aeb6                gattFindService
 .text.GATT_ServiceNumAttrs
                0x000000000000aed2       0x18 C:\Users\Astap\Desktop\CH583EVT\EVT\EXAM\BLE\LIB\libCH58xBLE.a(gattservapp.o)
                0x000000000000aed2                GATT_ServiceNumAttrs
 .text.GATT_ServiceEncKeySize
                0x000000000000aeea       0x18 C:\Users\Astap\Desktop\CH583EVT\EVT\EXAM\BLE\LIB\libCH58xBLE.a(gattservapp.o)
                0x000000000000aeea                GATT_ServiceEncKeySize
 .text.GATT_VerifyWritePermissions.part.7
                0x000000000000af02       0x2e C:\Users\Astap\Desktop\CH583EVT\EVT\EXAM\BLE\LIB\libCH58xBLE.a(gattservapp.o)
 .text.gattResetServerInfo
                0x000000000000af30       0x1c C:\Users\Astap\Desktop\CH583EVT\EVT\EXAM\BLE\LIB\libCH58xBLE.a(gattservapp.o)
                0x000000000000af30                gattResetServerInfo
 .text.gattFindServerInfo
                0x000000000000af4c       0x2c C:\Users\Astap\Desktop\CH583EVT\EVT\EXAM\BLE\LIB\libCH58xBLE.a(gattservapp.o)
                0x000000000000af4c                gattFindServerInfo
 .text.gattServerHandleConnStatusCB
                0x000000000000af78       0x98 C:\Users\Astap\Desktop\CH583EVT\EVT\EXAM\BLE\LIB\libCH58xBLE.a(gattservapp.o)
                0x000000000000af78                gattServerHandleConnStatusCB
 .text.gattServerProcessMsgCB
                0x000000000000b010      0x1c0 C:\Users\Astap\Desktop\CH583EVT\EVT\EXAM\BLE\LIB\libCH58xBLE.a(gattservapp.o)
                0x000000000000b010                gattServerProcessMsgCB
 .text.gattServerNotifyTxCB
                0x000000000000b1d0       0x28 C:\Users\Astap\Desktop\CH583EVT\EVT\EXAM\BLE\LIB\libCH58xBLE.a(gattservapp.o)
 .text.GATT_FindHandle
                0x000000000000b1f8       0x4a C:\Users\Astap\Desktop\CH583EVT\EVT\EXAM\BLE\LIB\libCH58xBLE.a(gattservapp.o)
                0x000000000000b1f8                GATT_FindHandle
 .text.GATTServApp_WriteAttr
                0x000000000000b242       0xa8 C:\Users\Astap\Desktop\CH583EVT\EVT\EXAM\BLE\LIB\libCH58xBLE.a(gattservapp.o)
                0x000000000000b242                GATTServApp_WriteAttr
 .text.gattServApp_ProcessExecuteWriteReq
                0x000000000000b2ea      0x100 C:\Users\Astap\Desktop\CH583EVT\EVT\EXAM\BLE\LIB\libCH58xBLE.a(gattservapp.o)
                0x000000000000b2ea                gattServApp_ProcessExecuteWriteReq
 .text.GATTServApp_UpdateCharCfg
                0x000000000000b3ea       0x1e C:\Users\Astap\Desktop\CH583EVT\EVT\EXAM\BLE\LIB\libCH58xBLE.a(gattservapp.o)
                0x000000000000b3ea                GATTServApp_UpdateCharCfg
 .text.gattServApp_ProcessPrepareWriteReq
                0x000000000000b408      0x10e C:\Users\Astap\Desktop\CH583EVT\EVT\EXAM\BLE\LIB\libCH58xBLE.a(gattservapp.o)
                0x000000000000b408                gattServApp_ProcessPrepareWriteReq
 .text.gattServApp_ProcessWriteReq
                0x000000000000b516       0xb0 C:\Users\Astap\Desktop\CH583EVT\EVT\EXAM\BLE\LIB\libCH58xBLE.a(gattservapp.o)
                0x000000000000b516                gattServApp_ProcessWriteReq
 .text.GATT_Indication
                0x000000000000b5c6       0xa4 C:\Users\Astap\Desktop\CH583EVT\EVT\EXAM\BLE\LIB\libCH58xBLE.a(gattservapp.o)
                0x000000000000b5c6                GATT_Indication
 .text.GATT_FindHandleUUID
                0x000000000000b66a       0x94 C:\Users\Astap\Desktop\CH583EVT\EVT\EXAM\BLE\LIB\libCH58xBLE.a(gattservapp.o)
                0x000000000000b66a                GATT_FindHandleUUID
 .text.gattProcessReadByGrpTypeReq
                0x000000000000b6fe       0x60 C:\Users\Astap\Desktop\CH583EVT\EVT\EXAM\BLE\LIB\libCH58xBLE.a(gattservapp.o)
 .text.gattProcessReadByTypeReq
                0x000000000000b75e       0x34 C:\Users\Astap\Desktop\CH583EVT\EVT\EXAM\BLE\LIB\libCH58xBLE.a(gattservapp.o)
 .text.gattProcessFindByTypeValueReq
                0x000000000000b792       0x34 C:\Users\Astap\Desktop\CH583EVT\EVT\EXAM\BLE\LIB\libCH58xBLE.a(gattservapp.o)
 .text.gattProcessFindInfoReq
                0x000000000000b7c6      0x1aa C:\Users\Astap\Desktop\CH583EVT\EVT\EXAM\BLE\LIB\libCH58xBLE.a(gattservapp.o)
 .text.GATT_VerifyWritePermissions
                0x000000000000b970       0x6a C:\Users\Astap\Desktop\CH583EVT\EVT\EXAM\BLE\LIB\libCH58xBLE.a(gattservapp.o)
                0x000000000000b970                GATT_VerifyWritePermissions
 .text.gattProcessWriteReq
                0x000000000000b9da       0x36 C:\Users\Astap\Desktop\CH583EVT\EVT\EXAM\BLE\LIB\libCH58xBLE.a(gattservapp.o)
 .text.GATT_VerifyPrepareWritePermissions
                0x000000000000ba10       0x56 C:\Users\Astap\Desktop\CH583EVT\EVT\EXAM\BLE\LIB\libCH58xBLE.a(gattservapp.o)
                0x000000000000ba10                GATT_VerifyPrepareWritePermissions
 .text.gattProcessPrepareWriteReq
                0x000000000000ba66       0x36 C:\Users\Astap\Desktop\CH583EVT\EVT\EXAM\BLE\LIB\libCH58xBLE.a(gattservapp.o)
 .text.GATT_FindNextAttr
                0x000000000000ba9c       0xc2 C:\Users\Astap\Desktop\CH583EVT\EVT\EXAM\BLE\LIB\libCH58xBLE.a(gattservapp.o)
                0x000000000000ba9c                GATT_FindNextAttr
 .text.GATTServApp_ReadAttr
                0x000000000000bb5e      0x2ea C:\Users\Astap\Desktop\CH583EVT\EVT\EXAM\BLE\LIB\libCH58xBLE.a(gattservapp.o)
                0x000000000000bb5e                GATTServApp_ReadAttr
 .text.gattServApp_ProcessReadMultiReq
                0x000000000000be48      0x16e C:\Users\Astap\Desktop\CH583EVT\EVT\EXAM\BLE\LIB\libCH58xBLE.a(gattservapp.o)
                0x000000000000be48                gattServApp_ProcessReadMultiReq
 .text.gattServApp_ProcessFindByTypeValueReq
                0x000000000000bfb6      0x1a0 C:\Users\Astap\Desktop\CH583EVT\EVT\EXAM\BLE\LIB\libCH58xBLE.a(gattservapp.o)
                0x000000000000bfb6                gattServApp_ProcessFindByTypeValueReq
 .text.GATT_VerifyReadPermissions
                0x000000000000c156       0x68 C:\Users\Astap\Desktop\CH583EVT\EVT\EXAM\BLE\LIB\libCH58xBLE.a(gattservapp.o)
                0x000000000000c156                GATT_VerifyReadPermissions
 .text.gattProcessReadMultiReq
                0x000000000000c1be       0xae C:\Users\Astap\Desktop\CH583EVT\EVT\EXAM\BLE\LIB\libCH58xBLE.a(gattservapp.o)
 .text.gattProcessReadReq
                0x000000000000c26c       0x30 C:\Users\Astap\Desktop\CH583EVT\EVT\EXAM\BLE\LIB\libCH58xBLE.a(gattservapp.o)
 .text.gattServApp_ProcessReadByGrpTypeReq
                0x000000000000c29c      0x21c C:\Users\Astap\Desktop\CH583EVT\EVT\EXAM\BLE\LIB\libCH58xBLE.a(gattservapp.o)
                0x000000000000c29c                gattServApp_ProcessReadByGrpTypeReq
 .text.gattServApp_ProcessReadByTypeReq
                0x000000000000c4b8      0x1ae C:\Users\Astap\Desktop\CH583EVT\EVT\EXAM\BLE\LIB\libCH58xBLE.a(gattservapp.o)
                0x000000000000c4b8                gattServApp_ProcessReadByTypeReq
 .text.GATT_RegisterService
                0x000000000000c666      0x100 C:\Users\Astap\Desktop\CH583EVT\EVT\EXAM\BLE\LIB\libCH58xBLE.a(gattservapp.o)
                0x000000000000c666                GATT_RegisterService
 .text.GATTServApp_RegisterService
                0x000000000000c766       0x7c C:\Users\Astap\Desktop\CH583EVT\EVT\EXAM\BLE\LIB\libCH58xBLE.a(gattservapp.o)
                0x000000000000c766                GATTServApp_RegisterService
 .text.GATTServApp_AddService
                0x000000000000c7e2       0x2c C:\Users\Astap\Desktop\CH583EVT\EVT\EXAM\BLE\LIB\libCH58xBLE.a(gattservapp.o)
                0x000000000000c7e2                GATTServApp_AddService
 .text.GATTServApp_RegisterForMsg
                0x000000000000c80e        0x6 C:\Users\Astap\Desktop\CH583EVT\EVT\EXAM\BLE\LIB\libCH58xBLE.a(gattservapp.o)
                0x000000000000c80e                GATTServApp_RegisterForMsg
 .text.GATTServApp_InitCharCfg
                0x000000000000c814       0x28 C:\Users\Astap\Desktop\CH583EVT\EVT\EXAM\BLE\LIB\libCH58xBLE.a(gattservapp.o)
                0x000000000000c814                GATTServApp_InitCharCfg
 .text.gattServApp_HandleConnStatusCB
                0x000000000000c83c       0x74 C:\Users\Astap\Desktop\CH583EVT\EVT\EXAM\BLE\LIB\libCH58xBLE.a(gattservapp.o)
                0x000000000000c83c                gattServApp_HandleConnStatusCB
 .text.GATT_InitServer
                0x000000000000c8b0       0xfa C:\Users\Astap\Desktop\CH583EVT\EVT\EXAM\BLE\LIB\libCH58xBLE.a(gattservapp.o)
                0x000000000000c8b0                GATT_InitServer
 .text.GATTServApp_Init
                0x000000000000c9aa       0x34 C:\Users\Astap\Desktop\CH583EVT\EVT\EXAM\BLE\LIB\libCH58xBLE.a(gattservapp.o)
                0x000000000000c9aa                GATTServApp_Init
 .text.GATTServApp_ProcessEvent
                0x000000000000c9de      0x36a C:\Users\Astap\Desktop\CH583EVT\EVT\EXAM\BLE\LIB\libCH58xBLE.a(gattservapp.o)
                0x000000000000c9de                GATTServApp_ProcessEvent
 .text.l2capAllocConnChannel
                0x000000000000cd48       0xdc C:\Users\Astap\Desktop\CH583EVT\EVT\EXAM\BLE\LIB\libCH58xBLE.a(l2cap.o)
                0x000000000000cd48                l2capAllocConnChannel
 .text.l2capFindLocalCID
                0x000000000000ce24       0x2c C:\Users\Astap\Desktop\CH583EVT\EVT\EXAM\BLE\LIB\libCH58xBLE.a(l2cap.o)
                0x000000000000ce24                l2capFindLocalCID
 .text.l2capFindLocalId
                0x000000000000ce50       0x30 C:\Users\Astap\Desktop\CH583EVT\EVT\EXAM\BLE\LIB\libCH58xBLE.a(l2cap.o)
                0x000000000000ce50                l2capFindLocalId
 .text.l2capFindPsm
                0x000000000000ce80       0x2c C:\Users\Astap\Desktop\CH583EVT\EVT\EXAM\BLE\LIB\libCH58xBLE.a(l2cap.o)
                0x000000000000ce80                l2capFindPsm
 .text.l2capFindRemoteCID
                0x000000000000ceac       0x3c C:\Users\Astap\Desktop\CH583EVT\EVT\EXAM\BLE\LIB\libCH58xBLE.a(l2cap.o)
                0x000000000000ceac                l2capFindRemoteCID
 .text.l2capFreeChannel
                0x000000000000cee8       0x4e C:\Users\Astap\Desktop\CH583EVT\EVT\EXAM\BLE\LIB\libCH58xBLE.a(l2cap.o)
                0x000000000000cee8                l2capFreeChannel
 .text.l2capDisconnectChannel
                0x000000000000cf36       0x28 C:\Users\Astap\Desktop\CH583EVT\EVT\EXAM\BLE\LIB\libCH58xBLE.a(l2cap.o)
                0x000000000000cf36                l2capDisconnectChannel
 .text.l2capHandleTimerCB
                0x000000000000cf5e       0x2c C:\Users\Astap\Desktop\CH583EVT\EVT\EXAM\BLE\LIB\libCH58xBLE.a(l2cap.o)
                0x000000000000cf5e                l2capHandleTimerCB
 .text.l2capFreePendingPkt
                0x000000000000cf8a       0x58 C:\Users\Astap\Desktop\CH583EVT\EVT\EXAM\BLE\LIB\libCH58xBLE.a(l2cap.o)
                0x000000000000cf8a                l2capFreePendingPkt
 .text.l2capGetCoChannelInfo
                0x000000000000cfe2       0x82 C:\Users\Astap\Desktop\CH583EVT\EVT\EXAM\BLE\LIB\libCH58xBLE.a(l2cap.o)
                0x000000000000cfe2                l2capGetCoChannelInfo
 .text.l2capNumActiveChannnels
                0x000000000000d064       0x44 C:\Users\Astap\Desktop\CH583EVT\EVT\EXAM\BLE\LIB\libCH58xBLE.a(l2cap.o)
                0x000000000000d064                l2capNumActiveChannnels
 .text.l2capStartTimer
                0x000000000000d0a8       0x1a C:\Users\Astap\Desktop\CH583EVT\EVT\EXAM\BLE\LIB\libCH58xBLE.a(l2cap.o)
                0x000000000000d0a8                l2capStartTimer
 .text.l2capStopTimer
                0x000000000000d0c2       0x1e C:\Users\Astap\Desktop\CH583EVT\EVT\EXAM\BLE\LIB\libCH58xBLE.a(l2cap.o)
                0x000000000000d0c2                l2capStopTimer
 .text.l2capDisconnectAllChannels
                0x000000000000d0e0       0xdc C:\Users\Astap\Desktop\CH583EVT\EVT\EXAM\BLE\LIB\libCH58xBLE.a(l2cap.o)
                0x000000000000d0e0                l2capDisconnectAllChannels
 .text.l2capHandleConnStatusCB
                0x000000000000d1bc       0x3c C:\Users\Astap\Desktop\CH583EVT\EVT\EXAM\BLE\LIB\libCH58xBLE.a(l2cap.o)
                0x000000000000d1bc                l2capHandleConnStatusCB
 .text.l2capHandleRxError
                0x000000000000d1f8        0x6 C:\Users\Astap\Desktop\CH583EVT\EVT\EXAM\BLE\LIB\libCH58xBLE.a(l2cap.o)
                0x000000000000d1f8                l2capHandleRxError
 .text.L2CAP_GetMTU
                0x000000000000d1fe        0x6 C:\Users\Astap\Desktop\CH583EVT\EVT\EXAM\BLE\LIB\libCH58xBLE.a(l2cap.o)
                0x000000000000d1fe                L2CAP_GetMTU
 .text.L2CAP_HostNumCompletedPkts
                0x000000000000d204       0x28 C:\Users\Astap\Desktop\CH583EVT\EVT\EXAM\BLE\LIB\libCH58xBLE.a(l2cap.o)
                0x000000000000d204                L2CAP_HostNumCompletedPkts
 .text.L2CAP_ParseConnectReq
                0x000000000000d22c       0x5e C:\Users\Astap\Desktop\CH583EVT\EVT\EXAM\BLE\LIB\libCH58xBLE.a(l2cap.o)
                0x000000000000d22c                L2CAP_ParseConnectReq
 .text.L2CAP_ParseFlowCtrlCredit
                0x000000000000d28a       0x2e C:\Users\Astap\Desktop\CH583EVT\EVT\EXAM\BLE\LIB\libCH58xBLE.a(l2cap.o)
                0x000000000000d28a                L2CAP_ParseFlowCtrlCredit
 .text.L2CAP_RegisterApp
                0x000000000000d2b8       0x30 C:\Users\Astap\Desktop\CH583EVT\EVT\EXAM\BLE\LIB\libCH58xBLE.a(l2cap.o)
                0x000000000000d2b8                L2CAP_RegisterApp
 .text.L2CAP_SetBufSize
                0x000000000000d2e8       0x1e C:\Users\Astap\Desktop\CH583EVT\EVT\EXAM\BLE\LIB\libCH58xBLE.a(l2cap.o)
                0x000000000000d2e8                L2CAP_SetBufSize
 .text.L2CAP_bm_alloc
                0x000000000000d306       0x2a C:\Users\Astap\Desktop\CH583EVT\EVT\EXAM\BLE\LIB\libCH58xBLE.a(l2cap.o)
                0x000000000000d306                L2CAP_bm_alloc
 .text.L2CAP_Init
                0x000000000000d330      0x142 C:\Users\Astap\Desktop\CH583EVT\EVT\EXAM\BLE\LIB\libCH58xBLE.a(l2cap.o)
                0x000000000000d330                L2CAP_Init
 .text.L2CAP_ProcessEvent
                0x000000000000d472       0xc8 C:\Users\Astap\Desktop\CH583EVT\EVT\EXAM\BLE\LIB\libCH58xBLE.a(l2cap.o)
                0x000000000000d472                L2CAP_ProcessEvent
 .text.l2capParseCmdReject
                0x000000000000d53a       0x5e C:\Users\Astap\Desktop\CH583EVT\EVT\EXAM\BLE\LIB\libCH58xBLE.a(l2cap_input.o)
                0x000000000000d53a                l2capParseCmdReject
 .text.l2capParseDisconnectReq
                0x000000000000d598       0x2e C:\Users\Astap\Desktop\CH583EVT\EVT\EXAM\BLE\LIB\libCH58xBLE.a(l2cap_input.o)
                0x000000000000d598                l2capParseDisconnectReq
 .text.l2capParseDisconnectRsp
                0x000000000000d5c6       0x2e C:\Users\Astap\Desktop\CH583EVT\EVT\EXAM\BLE\LIB\libCH58xBLE.a(l2cap_input.o)
                0x000000000000d5c6                l2capParseDisconnectRsp
 .text.L2CAP_ParseParamUpdateReq
                0x000000000000d5f4       0x4e C:\Users\Astap\Desktop\CH583EVT\EVT\EXAM\BLE\LIB\libCH58xBLE.a(l2cap_input.o)
                0x000000000000d5f4                L2CAP_ParseParamUpdateReq
 .text.l2capParseParamUpdateRsp
                0x000000000000d642       0x1e C:\Users\Astap\Desktop\CH583EVT\EVT\EXAM\BLE\LIB\libCH58xBLE.a(l2cap_input.o)
                0x000000000000d642                l2capParseParamUpdateRsp
 .text.l2capProcessConnectReq
                0x000000000000d660       0xfc C:\Users\Astap\Desktop\CH583EVT\EVT\EXAM\BLE\LIB\libCH58xBLE.a(l2cap_input.o)
                0x000000000000d660                l2capProcessConnectReq
 .text.l2capParseConnectRsp
                0x000000000000d75c       0x5e C:\Users\Astap\Desktop\CH583EVT\EVT\EXAM\BLE\LIB\libCH58xBLE.a(l2cap_input.o)
                0x000000000000d75c                l2capParseConnectRsp
 .text.l2capParseSignalHdr
                0x000000000000d7ba       0x22 C:\Users\Astap\Desktop\CH583EVT\EVT\EXAM\BLE\LIB\libCH58xBLE.a(l2cap_input.o)
                0x000000000000d7ba                l2capParseSignalHdr
 .text.l2capParsePacket
                0x000000000000d7dc       0x8c C:\Users\Astap\Desktop\CH583EVT\EVT\EXAM\BLE\LIB\libCH58xBLE.a(l2cap_input.o)
                0x000000000000d7dc                l2capParsePacket
 .text.l2capProcessReq
                0x000000000000d868      0x15a C:\Users\Astap\Desktop\CH583EVT\EVT\EXAM\BLE\LIB\libCH58xBLE.a(l2cap_input.o)
                0x000000000000d868                l2capProcessReq
 .text.l2capProcessRsp
                0x000000000000d9c2      0x150 C:\Users\Astap\Desktop\CH583EVT\EVT\EXAM\BLE\LIB\libCH58xBLE.a(l2cap_input.o)
                0x000000000000d9c2                l2capProcessRsp
 .text.l2capProcessRxData
                0x000000000000db12       0xf8 C:\Users\Astap\Desktop\CH583EVT\EVT\EXAM\BLE\LIB\libCH58xBLE.a(l2cap_input.o)
                0x000000000000db12                l2capProcessRxData
 .text.l2capNotifyData
                0x000000000000dc0a       0x5e C:\Users\Astap\Desktop\CH583EVT\EVT\EXAM\BLE\LIB\libCH58xBLE.a(l2cap_output.o)
                0x000000000000dc0a                l2capNotifyData
 .text.l2capNotifySignal
                0x000000000000dc68       0x7a C:\Users\Astap\Desktop\CH583EVT\EVT\EXAM\BLE\LIB\libCH58xBLE.a(l2cap_output.o)
                0x000000000000dc68                l2capNotifySignal
 .text.l2capNotifyCreditEvt
                0x000000000000dce2       0xa0 C:\Users\Astap\Desktop\CH583EVT\EVT\EXAM\BLE\LIB\libCH58xBLE.a(l2cap_output.o)
                0x000000000000dce2                l2capNotifyCreditEvt
 .text.l2capNotifyChannelEstEvt
                0x000000000000dd82       0x5c C:\Users\Astap\Desktop\CH583EVT\EVT\EXAM\BLE\LIB\libCH58xBLE.a(l2cap_output.o)
                0x000000000000dd82                l2capNotifyChannelEstEvt
 .text.l2capNotifyChannelTermEvt
                0x000000000000ddde       0x3e C:\Users\Astap\Desktop\CH583EVT\EVT\EXAM\BLE\LIB\libCH58xBLE.a(l2cap_output.o)
                0x000000000000ddde                l2capNotifyChannelTermEvt
 .text.l2capNotifyEvent
                0x000000000000de1c       0x66 C:\Users\Astap\Desktop\CH583EVT\EVT\EXAM\BLE\LIB\libCH58xBLE.a(l2cap_output.o)
                0x000000000000de1c                l2capNotifyEvent
 .text.l2capStoreFCPkt
                0x000000000000de82       0x32 C:\Users\Astap\Desktop\CH583EVT\EVT\EXAM\BLE\LIB\libCH58xBLE.a(l2cap_output.o)
                0x000000000000de82                l2capStoreFCPkt
 .text.l2capFreeTxSDU
                0x000000000000deb4       0x9e C:\Users\Astap\Desktop\CH583EVT\EVT\EXAM\BLE\LIB\libCH58xBLE.a(l2cap_output.o)
                0x000000000000deb4                l2capFreeTxSDU
 .text.l2capReassembleSegment
                0x000000000000df52      0x174 C:\Users\Astap\Desktop\CH583EVT\EVT\EXAM\BLE\LIB\libCH58xBLE.a(l2cap_output.o)
                0x000000000000df52                l2capReassembleSegment
 .text.l2capEncapSendData
                0x000000000000e0c6       0xec C:\Users\Astap\Desktop\CH583EVT\EVT\EXAM\BLE\LIB\libCH58xBLE.a(l2cap_output.o)
                0x000000000000e0c6                l2capEncapSendData
 .text.l2capSendFCPkt.part.3
                0x000000000000e1b2       0x70 C:\Users\Astap\Desktop\CH583EVT\EVT\EXAM\BLE\LIB\libCH58xBLE.a(l2cap_output.o)
 .text.l2capSendSegment
                0x000000000000e222      0x108 C:\Users\Astap\Desktop\CH583EVT\EVT\EXAM\BLE\LIB\libCH58xBLE.a(l2cap_output.o)
                0x000000000000e222                l2capSendSegment
 .text.l2capSendNextSegment
                0x000000000000e32a       0xb4 C:\Users\Astap\Desktop\CH583EVT\EVT\EXAM\BLE\LIB\libCH58xBLE.a(l2cap_output.o)
                0x000000000000e32a                l2capSendNextSegment
 .text.l2capSendPkt
                0x000000000000e3de       0x3a C:\Users\Astap\Desktop\CH583EVT\EVT\EXAM\BLE\LIB\libCH58xBLE.a(l2cap_output.o)
                0x000000000000e3de                l2capSendPkt
 .text.L2CAP_SendData
                0x000000000000e418       0x82 C:\Users\Astap\Desktop\CH583EVT\EVT\EXAM\BLE\LIB\libCH58xBLE.a(l2cap_output.o)
                0x000000000000e418                L2CAP_SendData
 .text.l2capSendCmd
                0x000000000000e49a       0x8a C:\Users\Astap\Desktop\CH583EVT\EVT\EXAM\BLE\LIB\libCH58xBLE.a(l2cap_output.o)
                0x000000000000e49a                l2capSendCmd
 .text.l2capSendReq
                0x000000000000e524       0xbc C:\Users\Astap\Desktop\CH583EVT\EVT\EXAM\BLE\LIB\libCH58xBLE.a(l2cap_output.o)
                0x000000000000e524                l2capSendReq
 .text.l2capBuildDisconnectReq
                0x000000000000e5e0       0x28 C:\Users\Astap\Desktop\CH583EVT\EVT\EXAM\BLE\LIB\libCH58xBLE.a(l2cap_sdu.o)
 .text.l2capBuildParamUpdateReq
                0x000000000000e608       0x4c C:\Users\Astap\Desktop\CH583EVT\EVT\EXAM\BLE\LIB\libCH58xBLE.a(l2cap_sdu.o)
 .text.l2capBuildParamUpdateRsp
                0x000000000000e654       0x16 C:\Users\Astap\Desktop\CH583EVT\EVT\EXAM\BLE\LIB\libCH58xBLE.a(l2cap_sdu.o)
 .text.l2capBuildConnectRsp
                0x000000000000e66a       0x5e C:\Users\Astap\Desktop\CH583EVT\EVT\EXAM\BLE\LIB\libCH58xBLE.a(l2cap_sdu.o)
 .text.l2capBuildCmdReject
                0x000000000000e6c8       0x62 C:\Users\Astap\Desktop\CH583EVT\EVT\EXAM\BLE\LIB\libCH58xBLE.a(l2cap_sdu.o)
                0x000000000000e6c8                l2capBuildCmdReject
 .text.l2capBuildDisconnectRsp
                0x000000000000e72a       0x28 C:\Users\Astap\Desktop\CH583EVT\EVT\EXAM\BLE\LIB\libCH58xBLE.a(l2cap_sdu.o)
                0x000000000000e72a                l2capBuildDisconnectRsp
 .text.l2capSendConnectRsp
                0x000000000000e752       0xa6 C:\Users\Astap\Desktop\CH583EVT\EVT\EXAM\BLE\LIB\libCH58xBLE.a(l2cap_sdu.o)
                0x000000000000e752                l2capSendConnectRsp
 .text.L2CAP_CmdReject
                0x000000000000e7f8       0x12 C:\Users\Astap\Desktop\CH583EVT\EVT\EXAM\BLE\LIB\libCH58xBLE.a(l2cap_sdu.o)
                0x000000000000e7f8                L2CAP_CmdReject
 .text.L2CAP_DisconnectReq
                0x000000000000e80a       0x2a C:\Users\Astap\Desktop\CH583EVT\EVT\EXAM\BLE\LIB\libCH58xBLE.a(l2cap_sdu.o)
                0x000000000000e80a                L2CAP_DisconnectReq
 .text.L2CAP_ConnParamUpdateReq
                0x000000000000e834       0x16 C:\Users\Astap\Desktop\CH583EVT\EVT\EXAM\BLE\LIB\libCH58xBLE.a(l2cap_sdu.o)
                0x000000000000e834                L2CAP_ConnParamUpdateReq
 .text.L2CAP_ConnParamUpdateRsp
                0x000000000000e84a       0x12 C:\Users\Astap\Desktop\CH583EVT\EVT\EXAM\BLE\LIB\libCH58xBLE.a(l2cap_sdu.o)
                0x000000000000e84a                L2CAP_ConnParamUpdateRsp
 .text.reportStatusChange
                0x000000000000e85c       0x3e C:\Users\Astap\Desktop\CH583EVT\EVT\EXAM\BLE\LIB\libCH58xBLE.a(linkdb.o)
 .text.linkDB_Init
                0x000000000000e89a       0xa0 C:\Users\Astap\Desktop\CH583EVT\EVT\EXAM\BLE\LIB\libCH58xBLE.a(linkdb.o)
                0x000000000000e89a                linkDB_Init
 .text.linkDB_Find
                0x000000000000e93a       0x30 C:\Users\Astap\Desktop\CH583EVT\EVT\EXAM\BLE\LIB\libCH58xBLE.a(linkdb.o)
                0x000000000000e93a                linkDB_Find
 .text.linkDB_Authen
                0x000000000000e96a       0x5c C:\Users\Astap\Desktop\CH583EVT\EVT\EXAM\BLE\LIB\libCH58xBLE.a(linkdb.o)
                0x000000000000e96a                linkDB_Authen
 .text.linkDB_FindByAddr
                0x000000000000e9c6       0x7e C:\Users\Astap\Desktop\CH583EVT\EVT\EXAM\BLE\LIB\libCH58xBLE.a(linkdb.o)
                0x000000000000e9c6                linkDB_FindByAddr
 .text.linkDB_FindFirst
                0x000000000000ea44       0x3c C:\Users\Astap\Desktop\CH583EVT\EVT\EXAM\BLE\LIB\libCH58xBLE.a(linkdb.o)
                0x000000000000ea44                linkDB_FindFirst
 .text.linkDB_MTU
                0x000000000000ea80       0x18 C:\Users\Astap\Desktop\CH583EVT\EVT\EXAM\BLE\LIB\libCH58xBLE.a(linkdb.o)
                0x000000000000ea80                linkDB_MTU
 .text.linkDB_NumActive
                0x000000000000ea98       0x32 C:\Users\Astap\Desktop\CH583EVT\EVT\EXAM\BLE\LIB\libCH58xBLE.a(linkdb.o)
                0x000000000000ea98                linkDB_NumActive
 .text.linkDB_NumConns
                0x000000000000eaca        0xa C:\Users\Astap\Desktop\CH583EVT\EVT\EXAM\BLE\LIB\libCH58xBLE.a(linkdb.o)
                0x000000000000eaca                linkDB_NumConns
 .text.linkDB_Register
                0x000000000000ead4       0x28 C:\Users\Astap\Desktop\CH583EVT\EVT\EXAM\BLE\LIB\libCH58xBLE.a(linkdb.o)
                0x000000000000ead4                linkDB_Register
 .text.linkDB_Remove
                0x000000000000eafc       0x4c C:\Users\Astap\Desktop\CH583EVT\EVT\EXAM\BLE\LIB\libCH58xBLE.a(linkdb.o)
                0x000000000000eafc                linkDB_Remove
 .text.linkDB_Role
                0x000000000000eb48       0x18 C:\Users\Astap\Desktop\CH583EVT\EVT\EXAM\BLE\LIB\libCH58xBLE.a(linkdb.o)
                0x000000000000eb48                linkDB_Role
 .text.linkDB_State
                0x000000000000eb60       0x30 C:\Users\Astap\Desktop\CH583EVT\EVT\EXAM\BLE\LIB\libCH58xBLE.a(linkdb.o)
                0x000000000000eb60                linkDB_State
 .text.linkDB_UpdateMTU
                0x000000000000eb90       0x28 C:\Users\Astap\Desktop\CH583EVT\EVT\EXAM\BLE\LIB\libCH58xBLE.a(linkdb.o)
                0x000000000000eb90                linkDB_UpdateMTU
 .text.linkDB_PerformFunc
                0x000000000000ebb8       0x56 C:\Users\Astap\Desktop\CH583EVT\EVT\EXAM\BLE\LIB\libCH58xBLE.a(linkdb.o)
                0x000000000000ebb8                linkDB_PerformFunc
 .text.linkDB_PeripheralLinkNum
                0x000000000000ec0e       0x42 C:\Users\Astap\Desktop\CH583EVT\EVT\EXAM\BLE\LIB\libCH58xBLE.a(linkdb.o)
                0x000000000000ec0e                linkDB_PeripheralLinkNum
 .text.linkDB_GetSMEvtID
                0x000000000000ec50       0x5c C:\Users\Astap\Desktop\CH583EVT\EVT\EXAM\BLE\LIB\libCH58xBLE.a(linkdb.o)
                0x000000000000ec50                linkDB_GetSMEvtID
 .text.linkDB_Add
                0x000000000000ecac       0xb2 C:\Users\Astap\Desktop\CH583EVT\EVT\EXAM\BLE\LIB\libCH58xBLE.a(linkdb.o)
                0x000000000000ecac                linkDB_Add
 .text.linkDB_GetHandleFromSMEvtID
                0x000000000000ed5e       0x36 C:\Users\Astap\Desktop\CH583EVT\EVT\EXAM\BLE\LIB\libCH58xBLE.a(linkdb.o)
                0x000000000000ed5e                linkDB_GetHandleFromSMEvtID
 .text.linkDB_GetPairingParam
                0x000000000000ed94       0x72 C:\Users\Astap\Desktop\CH583EVT\EVT\EXAM\BLE\LIB\libCH58xBLE.a(linkdb.o)
                0x000000000000ed94                linkDB_GetPairingParam
 .text.linkDB_NeedSendKey
                0x000000000000ee06       0x48 C:\Users\Astap\Desktop\CH583EVT\EVT\EXAM\BLE\LIB\libCH58xBLE.a(linkdb.o)
                0x000000000000ee06                linkDB_NeedSendKey
 .text.smStartRspTimer
                0x000000000000ee4e       0x3a C:\Users\Astap\Desktop\CH583EVT\EVT\EXAM\BLE\LIB\libCH58xBLE.a(sm.o)
 .text.smStartEncryption
                0x000000000000ee88       0xa0 C:\Users\Astap\Desktop\CH583EVT\EVT\EXAM\BLE\LIB\libCH58xBLE.a(sm.o)
 .text.smFreePairingParams
                0x000000000000ef28       0x7e C:\Users\Astap\Desktop\CH583EVT\EVT\EXAM\BLE\LIB\libCH58xBLE.a(sm.o)
                0x000000000000ef28                smFreePairingParams
 .text.smEndPairing
                0x000000000000efa6       0x60 C:\Users\Astap\Desktop\CH583EVT\EVT\EXAM\BLE\LIB\libCH58xBLE.a(sm.o)
                0x000000000000efa6                smEndPairing
 .text.smLinkCheck
                0x000000000000f006       0x34 C:\Users\Astap\Desktop\CH583EVT\EVT\EXAM\BLE\LIB\libCH58xBLE.a(sm.o)
                0x000000000000f006                smLinkCheck
 .text.smNextPairingState
                0x000000000000f03a       0x58 C:\Users\Astap\Desktop\CH583EVT\EVT\EXAM\BLE\LIB\libCH58xBLE.a(sm.o)
                0x000000000000f03a                smNextPairingState
 .text.smProcessEncryptChange
                0x000000000000f092       0xf0 C:\Users\Astap\Desktop\CH583EVT\EVT\EXAM\BLE\LIB\libCH58xBLE.a(sm.o)
                0x000000000000f092                smProcessEncryptChange
 .text.smSendSMMsg
                0x000000000000f182       0x5c C:\Users\Astap\Desktop\CH583EVT\EVT\EXAM\BLE\LIB\libCH58xBLE.a(sm.o)
                0x000000000000f182                smSendSMMsg
 .text.smSendFailAndEnd
                0x000000000000f1de       0x38 C:\Users\Astap\Desktop\CH583EVT\EVT\EXAM\BLE\LIB\libCH58xBLE.a(sm.o)
                0x000000000000f1de                smSendFailAndEnd
 .text.smProcessPairingReq
                0x000000000000f216       0x3c C:\Users\Astap\Desktop\CH583EVT\EVT\EXAM\BLE\LIB\libCH58xBLE.a(sm.o)
                0x000000000000f216                smProcessPairingReq
 .text.smSetPairingReqRsp
                0x000000000000f252       0x3c C:\Users\Astap\Desktop\CH583EVT\EVT\EXAM\BLE\LIB\libCH58xBLE.a(sm.o)
                0x000000000000f252                smSetPairingReqRsp
 .text.SM_StartEncryption
                0x000000000000f28e       0x16 C:\Users\Astap\Desktop\CH583EVT\EVT\EXAM\BLE\LIB\libCH58xBLE.a(sm.o)
                0x000000000000f28e                SM_StartEncryption
 .text.sm_dhkey
                0x000000000000f2a4       0x3a C:\Users\Astap\Desktop\CH583EVT\EVT\EXAM\BLE\LIB\libCH58xBLE.a(sm.o)
                0x000000000000f2a4                sm_dhkey
 .text.sm_c1    0x000000000000f2de       0xb4 C:\Users\Astap\Desktop\CH583EVT\EVT\EXAM\BLE\LIB\libCH58xBLE.a(sm.o)
                0x000000000000f2de                sm_c1
 .text.smDetermineKeySize
                0x000000000000f392       0x20 C:\Users\Astap\Desktop\CH583EVT\EVT\EXAM\BLE\LIB\libCH58xBLE.a(sm.o)
                0x000000000000f392                smDetermineKeySize
 .text.smpParsePairingReq
                0x000000000000f3b2      0x118 C:\Users\Astap\Desktop\CH583EVT\EVT\EXAM\BLE\LIB\libCH58xBLE.a(sm.o)
                0x000000000000f3b2                smpParsePairingReq
 .text.smpParseEncInfo
                0x000000000000f4ca       0x2a C:\Users\Astap\Desktop\CH583EVT\EVT\EXAM\BLE\LIB\libCH58xBLE.a(sm.o)
                0x000000000000f4ca                smpParseEncInfo
 .text.smpParseIdentityAddrInfo
                0x000000000000f4f4       0x34 C:\Users\Astap\Desktop\CH583EVT\EVT\EXAM\BLE\LIB\libCH58xBLE.a(sm.o)
                0x000000000000f4f4                smpParseIdentityAddrInfo
 .text.smpParseIdentityInfo
                0x000000000000f528       0x2a C:\Users\Astap\Desktop\CH583EVT\EVT\EXAM\BLE\LIB\libCH58xBLE.a(sm.o)
                0x000000000000f528                smpParseIdentityInfo
 .text.smpParseMasterID
                0x000000000000f552       0x3c C:\Users\Astap\Desktop\CH583EVT\EVT\EXAM\BLE\LIB\libCH58xBLE.a(sm.o)
                0x000000000000f552                smpParseMasterID
 .text.smpParsePairingConfirm
                0x000000000000f58e       0x2a C:\Users\Astap\Desktop\CH583EVT\EVT\EXAM\BLE\LIB\libCH58xBLE.a(sm.o)
                0x000000000000f58e                smpParsePairingConfirm
 .text.smpParsePairingFailed
                0x000000000000f5b8       0x1c C:\Users\Astap\Desktop\CH583EVT\EVT\EXAM\BLE\LIB\libCH58xBLE.a(sm.o)
                0x000000000000f5b8                smpParsePairingFailed
 .text.smpParsePairingRandom
                0x000000000000f5d4       0x2a C:\Users\Astap\Desktop\CH583EVT\EVT\EXAM\BLE\LIB\libCH58xBLE.a(sm.o)
                0x000000000000f5d4                smpParsePairingRandom
 .text.smpParseSigningInfo
                0x000000000000f5fe       0x2a C:\Users\Astap\Desktop\CH583EVT\EVT\EXAM\BLE\LIB\libCH58xBLE.a(sm.o)
                0x000000000000f5fe                smpParseSigningInfo
 .text.smpParsePairingPublicKey
                0x000000000000f628       0x2c C:\Users\Astap\Desktop\CH583EVT\EVT\EXAM\BLE\LIB\libCH58xBLE.a(sm.o)