Archive member included to satisfy reference by file (symbol)

C:\Users\Astap\Desktop\CH583EVT\EVT\EXAM\SRC\StdPeriphDriver\libISP583.a(ISP583.o)
                              ./StdPeriphDriver/CH58x_flash.o (FLASH_EEPROM_CMD)
C:\Users\Astap\Desktop\CH583EVT\EVT\EXAM\BLE\LIB\libCH58xBLE.a(message.o)
                              ./HAL/MCU.o (tmos_msg_deallocate)
C:\Users\Astap\Desktop\CH583EVT\EVT\EXAM\BLE\LIB\libCH58xBLE.a(tmos.o)
                              ./Profile/devinfoservice.o (tmos_memcpy)
C:\Users\Astap\Desktop\CH583EVT\EVT\EXAM\BLE\LIB\libCH58xBLE.a(tmos_hw.o)
                              ./HAL/RTC.o (TMOS_TimerInit)
C:\Users\Astap\Desktop\CH583EVT\EVT\EXAM\BLE\LIB\libCH58xBLE.a(tmos_snv.o)
                              C:\Users\Astap\Desktop\CH583EVT\EVT\EXAM\BLE\LIB\libCH58xBLE.a(tmos.o) (tmos_snv_init)
C:\Users\Astap\Desktop\CH583EVT\EVT\EXAM\BLE\LIB\libCH58xBLE.a(gap.o)
                              ./APP/broadcaster.o (GAP_SetParamValue)
C:\Users\Astap\Desktop\CH583EVT\EVT\EXAM\BLE\LIB\libCH58xBLE.a(gap_central.o)
                              C:\Users\Astap\Desktop\CH583EVT\EVT\EXAM\BLE\LIB\libCH58xBLE.a(gap.o) (gapProcessPeriodicAdvertisingSyncEstablishedEvt)
C:\Users\Astap\Desktop\CH583EVT\EVT\EXAM\BLE\LIB\libCH58xBLE.a(gap_peripheral.o)
                              C:\Users\Astap\Desktop\CH583EVT\EVT\EXAM\BLE\LIB\libCH58xBLE.a(gap.o) (GAP_PeripheralParamInit)
C:\Users\Astap\Desktop\CH583EVT\EVT\EXAM\BLE\LIB\libCH58xBLE.a(gatt_uuid.o)
                              ./Profile/devinfoservice.o (characterUUID)
C:\Users\Astap\Desktop\CH583EVT\EVT\EXAM\BLE\LIB\libCH58xBLE.a(gattservapp.o)
                              ./Profile/devinfoservice.o (GATTServApp_RegisterService)
C:\Users\Astap\Desktop\CH583EVT\EVT\EXAM\BLE\LIB\libCH58xBLE.a(l2cap.o)
                              C:\Users\Astap\Desktop\CH583EVT\EVT\EXAM\BLE\LIB\libCH58xBLE.a(gattservapp.o) (L2CAP_GetMTU)
C:\Users\Astap\Desktop\CH583EVT\EVT\EXAM\BLE\LIB\libCH58xBLE.a(l2cap_input.o)
                              C:\Users\Astap\Desktop\CH583EVT\EVT\EXAM\BLE\LIB\libCH58xBLE.a(l2cap.o) (l2capProcessRxData)
C:\Users\Astap\Desktop\CH583EVT\EVT\EXAM\BLE\LIB\libCH58xBLE.a(l2cap_output.o)
                              C:\Users\Astap\Desktop\CH583EVT\EVT\EXAM\BLE\LIB\libCH58xBLE.a(l2cap_input.o) (l2capNotifyData)
C:\Users\Astap\Desktop\CH583EVT\EVT\EXAM\BLE\LIB\libCH58xBLE.a(l2cap_sdu.o)
                              C:\Users\Astap\Desktop\CH583EVT\EVT\EXAM\BLE\LIB\libCH58xBLE.a(l2cap_input.o) (l2capBuildDisconnectRsp)
C:\Users\Astap\Desktop\CH583EVT\EVT\EXAM\BLE\LIB\libCH58xBLE.a(linkdb.o)
                              C:\Users\Astap\Desktop\CH583EVT\EVT\EXAM\BLE\LIB\libCH58xBLE.a(l2cap.o) (linkDB_Init)
C:\Users\Astap\Desktop\CH583EVT\EVT\EXAM\BLE\LIB\libCH58xBLE.a(sm.o)
                              C:\Users\Astap\Desktop\CH583EVT\EVT\EXAM\BLE\LIB\libCH58xBLE.a(gap.o) (smFreePairingParams)
C:\Users\Astap\Desktop\CH583EVT\EVT\EXAM\BLE\LIB\libCH58xBLE.a(sm_initiator.o)
                              C:\Users\Astap\Desktop\CH583EVT\EVT\EXAM\BLE\LIB\libCH58xBLE.a(sm.o) (smInitiatorSendNextKeyInfo)
C:\Users\Astap\Desktop\CH583EVT\EVT\EXAM\BLE\LIB\libCH58xBLE.a(sm_pdu.o)
                              C:\Users\Astap\Desktop\CH583EVT\EVT\EXAM\BLE\LIB\libCH58xBLE.a(sm.o) (smpBuildPairingReq)
C:\Users\Astap\Desktop\CH583EVT\EVT\EXAM\BLE\LIB\libCH58xBLE.a(sm_responding.o)
                              C:\Users\Astap\Desktop\CH583EVT\EVT\EXAM\BLE\LIB\libCH58xBLE.a(sm.o) (smResponderSendNextKeyInfo)
C:\Users\Astap\Desktop\CH583EVT\EVT\EXAM\BLE\LIB\libCH58xBLE.a(sm_toolbox.o)
                              C:\Users\Astap\Desktop\CH583EVT\EVT\EXAM\BLE\LIB\libCH58xBLE.a(sm.o) (sm_ah)
C:\Users\Astap\Desktop\CH583EVT\EVT\EXAM\BLE\LIB\libCH58xBLE.a(host_input.o)
                              C:\Users\Astap\Desktop\CH583EVT\EVT\EXAM\BLE\LIB\libCH58xBLE.a(gap.o) (gBleHostPara)
C:\Users\Astap\Desktop\CH583EVT\EVT\EXAM\BLE\LIB\libCH58xBLE.a(host_output.o)
                              C:\Users\Astap\Desktop\CH583EVT\EVT\EXAM\BLE\LIB\libCH58xBLE.a(gap.o) (HCI_DisconnectCmd)
C:\Users\Astap\Desktop\CH583EVT\EVT\EXAM\BLE\LIB\libCH58xBLE.a(ll_master.o)
                              C:\Users\Astap\Desktop\CH583EVT\EVT\EXAM\BLE\LIB\libCH58xBLE.a(gap_central.o) (LL_SetDataSendPriority)
C:\Users\Astap\Desktop\CH583EVT\EVT\EXAM\BLE\LIB\libCH58xBLE.a(ll_pdu.o)
                              C:\Users\Astap\Desktop\CH583EVT\EVT\EXAM\BLE\LIB\libCH58xBLE.a(ll_master.o) (LL_ConnectionUpdateInd)
C:\Users\Astap\Desktop\CH583EVT\EVT\EXAM\BLE\LIB\libCH58xBLE.a(ll_scan.o)
                              C:\Users\Astap\Desktop\CH583EVT\EVT\EXAM\BLE\LIB\libCH58xBLE.a(ll_master.o) (LL_ScanEnable)
C:\Users\Astap\Desktop\CH583EVT\EVT\EXAM\BLE\LIB\libCH58xBLE.a(ll_sync.o)
                              C:\Users\Astap\Desktop\CH583EVT\EVT\EXAM\BLE\LIB\libCH58xBLE.a(ll_scan.o) (debug_periodic_tmp)
C:\Users\Astap\Desktop\CH583EVT\EVT\EXAM\BLE\LIB\libCH58xBLE.a(ll_whitelist.o)
[...]
Memory Configuration

Name             Origin             Length             Attributes
FLASH            0x0000000000000000 0x0000000000070000 xr
RAM              0x0000000020000000 0x0000000000008000 xrw
*default*        0x0000000000000000 0xffffffffffffffff

Linker script and memory map

LOAD ./StdPeriphDriver/CH58x_adc.o
LOAD ./StdPeriphDriver/CH58x_clk.o
LOAD ./StdPeriphDriver/CH58x_flash.o
LOAD ./StdPeriphDriver/CH58x_gpio.o
LOAD ./StdPeriphDriver/CH58x_i2c.o
LOAD ./StdPeriphDriver/CH58x_pwm.o
LOAD ./StdPeriphDriver/CH58x_pwr.o
LOAD ./StdPeriphDriver/CH58x_spi0.o
LOAD ./StdPeriphDriver/CH58x_spi1.o
LOAD ./StdPeriphDriver/CH58x_sys.o
LOAD ./StdPeriphDriver/CH58x_timer0.o
LOAD ./StdPeriphDriver/CH58x_timer1.o
LOAD ./StdPeriphDriver/CH58x_timer2.o
LOAD ./StdPeriphDriver/CH58x_timer3.o
LOAD ./StdPeriphDriver/CH58x_uart0.o
LOAD ./StdPeriphDriver/CH58x_uart1.o
LOAD ./StdPeriphDriver/CH58x_uart2.o
LOAD ./StdPeriphDriver/CH58x_uart3.o
LOAD ./StdPeriphDriver/CH58x_usb2dev.o
LOAD ./StdPeriphDriver/CH58x_usb2hostBase.o
LOAD ./StdPeriphDriver/CH58x_usb2hostClass.o
LOAD ./StdPeriphDriver/CH58x_usbdev.o
LOAD ./StdPeriphDriver/CH58x_usbhostBase.o
LOAD ./StdPeriphDriver/CH58x_usbhostClass.o
LOAD ./Startup/startup_CH583.o
LOAD ./RVMSIS/core_riscv.o
LOAD ./Profile/devinfoservice.o
LOAD ./HAL/MCU.o
LOAD ./HAL/RTC.o
LOAD ./HAL/SLEEP.o
LOAD ./APP/broadcaster.o
LOAD ./APP/broadcaster_main.o
LOAD C:\Users\Astap\Desktop\CH583EVT\EVT\EXAM\SRC\StdPeriphDriver\libISP583.a
LOAD C:\Users\Astap\Desktop\CH583EVT\EVT\EXAM\BLE\LIB\libCH58xBLE.a
LOAD c:/mounriver/mounriver_studio/toolchain/risc-v embedded gcc/bin/../lib/gcc/riscv-none-embed/8.2.0/rv32imac/ilp32\libgcc.a
LOAD c:/mounriver/mounriver_studio/toolchain/risc-v embedded gcc/bin/../lib/gcc/riscv-none-embed/8.2.0/../../../../riscv-none-embed/lib/rv32imac/ilp32\libg_nano.a
LOAD c:/mounriver/mounriver_studio/toolchain/risc-v embedded gcc/bin/../lib/gcc/riscv-none-embed/8.2.0/../../../../riscv-none-embed/lib/rv32imac/ilp32\libc_nano.a
LOAD c:/mounriver/mounriver_studio/toolchain/risc-v embedded gcc/bin/../lib/gcc/riscv-none-embed/8.2.0/rv32imac/ilp32\libgcc.a
START GROUP
LOAD c:/mounriver/mounriver_studio/toolchain/risc-v embedded gcc/bin/../lib/gcc/riscv-none-embed/8.2.0/rv32imac/ilp32\libgcc.a
LOAD c:/mounriver/mounriver_studio/toolchain/risc-v embedded gcc/bin/../lib/gcc/riscv-none-embed/8.2.0/../../../../riscv-none-embed/lib/rv32imac/ilp32\libc_nano.a
LOAD c:/mounriver/mounriver_studio/toolchain/risc-v embedded gcc/bin/../lib/gcc/riscv-none-embed/8.2.0/../../../../riscv-none-embed/lib/rv32imac/ilp32\libnosys.a
END GROUP
START GROUP
LOAD c:/mounriver/mounriver_studio/toolchain/risc-v embedded gcc/bin/../lib/gcc/riscv-none-embed/8.2.0/rv32imac/ilp32\libgcc.a
LOAD c:/mounriver/mounriver_studio/toolchain/risc-v embedded gcc/bin/../lib/gcc/riscv-none-embed/8.2.0/../../../../riscv-none-embed/lib/rv32imac/ilp32\libc_nano.a
LOAD c:/mounriver/mounriver_studio/toolchain/risc-v embedded gcc/bin/../lib/gcc/riscv-none-embed/8.2.0/../../../../riscv-none-embed/lib/rv32imac/ilp32\libnosys.a
END GROUP
                0x0000000000000200                __stack_size = 0x200
                [!provide]                        PROVIDE (_stack_size = __stack_size)

.init           0x0000000000000000        0x4
                0x0000000000000000                _sinit = .
                0x0000000000000000                . = ALIGN (0x4)
 *(SORT_NONE(.init))
 .init          0x0000000000000000        0x4 ./Startup/startup_CH583.o
                0x0000000000000000                _start
                0x0000000000000004                . = ALIGN (0x4)
                0x0000000000000004                _einit = .

.highcodelalign
                0x0000000000000004        0x0
                0x0000000000000004                . = ALIGN (0x4)
                0x0000000000000004                PROVIDE (_highcode_lma = .)

.highcode       0x0000000020000000     0x1a0c load address 0x0000000000000004
                0x0000000020000000                . = ALIGN (0x4)
                0x0000000020000000                PROVIDE (_highcode_vma_start = .)
 *(.vector)
 .vector        0x0000000020000000       0x90 ./Startup/startup_CH583.o
 *(SORT_NONE(.vector_handler))
 .vector_handler
                0x0000000020000090        0x2 ./Startup/startup_CH583.o
                0x0000000020000090                GPIOB_IRQHandler
                0x0000000020000090                GPIOA_IRQHandler
                0x0000000020000090                SysTick_Handler
                0x0000000020000090                NMI_Handler
                0x0000000020000090                UART1_IRQHandler
                0x0000000020000090                UART0_IRQHandler
                0x0000000020000090                BB_IRQHandler
                0x0000000020000090                Break_Point_Handler
                0x0000000020000090                TMR0_IRQHandler
                0x0000000020000090                Ecall_M_Mode_Handler
                0x0000000020000090                UART2_IRQHandler
                0x0000000020000090                PWMX_IRQHandler
                0x0000000020000090                ADC_IRQHandler
                0x0000000020000090                TMR2_IRQHandler
                0x0000000020000090                USB_IRQHandler
                0x0000000020000090                I2C_IRQHandler
                0x0000000020000090                USB2_IRQHandler
                0x0000000020000090                LLE_IRQHandler
                0x0000000020000090                WDOG_BAT_IRQHandler
                0x0000000020000090                Ecall_U_Mode_Handler
                0x0000000020000090                TMR3_IRQHandler
                0x0000000020000090                SW_Handler
                0x0000000020000090                SPI0_IRQHandler
                0x0000000020000090                UART3_IRQHandler
                0x0000000020000090                TMR1_IRQHandler
 *(.highcode)
 .highcode      0x0000000020000092      0x4ec ./StdPeriphDriver/CH58x_sys.o
                0x0000000020000092                SetSysClock
                0x0000000020000418                SYS_ResetExecute
                0x000000002000048a                HardFault_Handler
                0x0000000020000548                mDelayuS
                0x0000000020000556                mDelaymS
 .highcode      0x000000002000057e       0x16 ./HAL/RTC.o
                0x000000002000057e                RTC_IRQHandler
 .highcode      0x0000000020000594        0x8 ./APP/broadcaster_main.o
                0x0000000020000594                Main_Circulation
 .highcode      0x000000002000059c      0x426 C:\Users\Astap\Desktop\CH583EVT\EVT\EXAM\SRC\StdPeriphDriver\libISP583.a(ISP583.o)
                0x000000002000059c                FLASH_ROM_BEG
                0x00000000200005ae                FLASH_ROM_END
                0x00000000200005bc                FLASH_ROM_IN
                0x00000000200005ca                FLASH_ROM_OUT
                0x00000000200005d8                FLASH_ROM_ADDR
                0x0000000020000620                FLASH_ROM_WAIT
                0x0000000020000658                FLASH_EEPROM_CMD
 .highcode      0x00000000200009c2      0x40c C:\Users\Astap\Desktop\CH583EVT\EVT\EXAM\BLE\LIB\libCH58xBLE.a(tmos.o)
                0x00000000200009c2                tmos_memcpy
                0x00000000200009e2                tmos_memcpy_word
                0x00000000200009fa                tmos_memset
                0x0000000020000a0c                tmos_strlen
                0x0000000020000a20                tmos_memdup
                0x0000000020000a52                tmos_memcmp
                0x0000000020000a80                tmos_revmemcpy
                0x0000000020000a9c                tmos_isbufset
                0x0000000020000abe                tmos_proces_system_time
                0x0000000020000bf2                TMOS_SystemProcess
 .highcode      0x0000000020000dce       0x50 C:\Users\Astap\Desktop\CH583EVT\EVT\EXAM\BLE\LIB\libCH58xBLE.a(tmos_hw.o)
                0x0000000020000e18                TMOS_TimerIRQHandler
 .highcode      0x0000000020000e1e       0x4e C:\Users\Astap\Desktop\CH583EVT\EVT\EXAM\BLE\LIB\libCH58xBLE.a(ll_whitelist.o)
                0x0000000020000e1e                LL_WhitelistLookup
 .highcode      0x0000000020000e6c      0x1b2 C:\Users\Astap\Desktop\CH583EVT\EVT\EXAM\BLE\LIB\libCH58xBLE.a(aes.o)
                0x0000000020000e6c                AES_DevAESEnc
 .highcode      0x000000002000101e      0x14a C:\Users\Astap\Desktop\CH583EVT\EVT\EXAM\BLE\LIB\libCH58xBLE.a(bb.o)
                0x000000002000101e                BB_IRQLibHandler
                0x000000002000111e                BB_IRQLibFunction
 .highcode      0x0000000020001168      0x368 C:\Users\Astap\Desktop\CH583EVT\EVT\EXAM\BLE\LIB\libCH58xBLE.a(ip.o)
                0x0000000020001168                ll_rx_wait_finish
                0x00000000200011a2                ble_ll_chkcrc
                0x0000000020001240                ll_tx_wait_finish
                0x0000000020001338                BLE_CheckHoppingMap
 .highcode      0x00000000200014d0      0x234 C:\Users\Astap\Desktop\CH583EVT\EVT\EXAM\BLE\LIB\libCH58xBLE.a(lle.o)
                0x00000000200014d0                LLE_IRQLibHandler
                0x00000000200016ba                LLE_IRQLibFunction
 .highcode      0x0000000020001704       0x32 C:\Users\Astap\Desktop\CH583EVT\EVT\EXAM\BLE\LIB\libCH58xBLE.a(rfend.o)
                0x0000000020001704                RFEND_WaitTune
 .highcode      0x0000000020001736      0x19e C:\Users\Astap\Desktop\CH583EVT\EVT\EXAM\BLE\LIB\libCH58xBLE.a(memory.o)
                0x0000000020001736                tmos_memory_allocate
                0x00000000200017fc                tmos_memory_free
 .highcode      0x00000000200018d4      0x138 C:\Users\Astap\Desktop\CH583EVT\EVT\EXAM\BLE\LIB\libCH58xBLE.a(ll_resolvinglist.o)
                0x00000000200018d4                ll_resolvinglist_checkRPA
                0x0000000020001940                LL_ResolvinglistPeerIdentifyAddressGetIrk
                0x0000000020001994                LL_ResolvinglistPeerRpaAddressGetIrk
                0x00000000200019d0                LL_ResolvinglistLocalRpaAddressGetIrk
 *(.highcode.*)
                0x0000000020001a0c                . = ALIGN (0x4)
 *fill*         0x0000000020001a0c        0x0 
                0x0000000020001a0c                PROVIDE (_highcode_vma_end = .)

.text           0x0000000000001a10    0x1c030
                0x0000000000001a10                . = ALIGN (0x4)
 *(SORT_NONE(.handle_reset))
 .handle_reset  0x0000000000001a10       0xae ./Startup/startup_CH583.o
                0x0000000000001a10                handle_reset
 *(.text)
 .text          0x0000000000001abe       0xa8 c:/mounriver/mounriver_studio/toolchain/risc-v embedded gcc/bin/../lib/gcc/riscv-none-embed/8.2.0/../../../../riscv-none-embed/lib/rv32imac/ilp32\libg_nano.a(lib_a-memset.o)
                0x0000000000001abe                memset
 *(.text.*)
 .text.ADC_InterTSSampInit
                0x0000000000001b66       0x28 ./StdPeriphDriver/CH58x_adc.o
                0x0000000000001b66                ADC_InterTSSampInit
 .text.LSECFG_Current
                0x0000000000001b8e       0x68 ./StdPeriphDriver/CH58x_clk.o
                0x0000000000001b8e                LSECFG_Current
 .text.RTC_InitTime
                0x0000000000001bf6      0x204 ./StdPeriphDriver/CH58x_clk.o
                0x0000000000001bf6                RTC_InitTime
 .text.RTC_GetCycle32k
                0x0000000000001dfa       0x18 ./StdPeriphDriver/CH58x_clk.o
                0x0000000000001dfa                RTC_GetCycle32k
 .text.Calibration_LSI
                0x0000000000001e12      0x8c4 ./StdPeriphDriver/CH58x_clk.o
                0x0000000000001e12                Calibration_LSI
 .text.GPIOA_ModeCfg
                0x00000000000026d6       0xa6 ./StdPeriphDriver/CH58x_gpio.o
                0x00000000000026d6                GPIOA_ModeCfg
 .text.GPIOB_ModeCfg
                0x000000000000277c       0xa6 ./StdPeriphDriver/CH58x_gpio.o
                0x000000000000277c                GPIOB_ModeCfg
 .text.GPIOPinRemap
                0x0000000000002822       0x1a ./StdPeriphDriver/CH58x_gpio.o
                0x0000000000002822                GPIOPinRemap
 .text.GetSysClock
                0x000000000000283c       0x42 ./StdPeriphDriver/CH58x_sys.o
                0x000000000000283c                GetSysClock
 .text.SYS_DisableAllIrq
                0x000000000000287e       0x1c ./StdPeriphDriver/CH58x_sys.o
                0x000000000000287e                SYS_DisableAllIrq
 .text.SYS_RecoverIrq
                0x000000000000289a       0x14 ./StdPeriphDriver/CH58x_sys.o
                0x000000000000289a                SYS_RecoverIrq
 .text.SYS_GetSysTickCnt
                0x00000000000028ae        0xa ./StdPeriphDriver/CH58x_sys.o
                0x00000000000028ae                SYS_GetSysTickCnt
 .text._write   0x00000000000028b8       0x28 ./StdPeriphDriver/CH58x_sys.o
                0x00000000000028b8                _write
 .text._sbrk    0x00000000000028e0       0x34 ./StdPeriphDriver/CH58x_sys.o
                0x00000000000028e0                _sbrk
 .text.UART1_BaudRateCfg
                0x0000000000002914       0x30 ./StdPeriphDriver/CH58x_uart1.o
                0x0000000000002914                UART1_BaudRateCfg
 .text.UART1_DefInit
                0x0000000000002944       0x32 ./StdPeriphDriver/CH58x_uart1.o
                0x0000000000002944                UART1_DefInit
 .text.Lib_Calibration_LSI
                0x0000000000002976        0x6 ./HAL/MCU.o
                0x0000000000002976                Lib_Calibration_LSI
 .text.Lib_Read_Flash
                0x000000000000297c       0x1c ./HAL/MCU.o
                0x000000000000297c                Lib_Read_Flash
 .text.Lib_Write_Flash
                0x0000000000002998       0x40 ./HAL/MCU.o
                0x0000000000002998                Lib_Write_Flash
 .text.HAL_GetInterTempValue
                0x00000000000029d8       0x72 ./HAL/MCU.o
                0x00000000000029d8                HAL_GetInterTempValue
 .text.HAL_ProcessEvent
                0x0000000000002a4a       0x7a ./HAL/MCU.o
                0x0000000000002a4a                HAL_ProcessEvent
 .text.CH58X_BLEInit
                0x0000000000002ac4      0x116 ./HAL/MCU.o
                0x0000000000002ac4                CH58X_BLEInit
 .text.HAL_Init
                0x0000000000002bda       0x34 ./HAL/MCU.o
                0x0000000000002bda                HAL_Init
 .text.HAL_TimeInit
                0x0000000000002c0e       0xe0 ./HAL/RTC.o
                0x0000000000002c0e                HAL_TimeInit
 .text.Broadcaster_StateNotificationCB
                0x0000000000002cee       0xb8 ./APP/broadcaster.o
 .text.Broadcaster_ProcessEvent
                0x0000000000002da6       0xa6 ./APP/broadcaster.o
                0x0000000000002da6                Broadcaster_ProcessEvent
 .text.Broadcaster_Init
                0x0000000000002e4c       0xf6 ./APP/broadcaster.o
                0x0000000000002e4c                Broadcaster_Init
 .text.startup.main
                0x0000000000002f42       0x82 ./APP/broadcaster_main.o
                0x0000000000002f42                main
 .text.tmos_msg_enqueue
                0x0000000000002fc4       0x1e C:\Users\Astap\Desktop\CH583EVT\EVT\EXAM\BLE\LIB\libCH58xBLE.a(message.o)
                0x0000000000002fc4                tmos_msg_enqueue
 .text.tmos_msg_deallocate
                0x0000000000002fe2       0x2c C:\Users\Astap\Desktop\CH583EVT\EVT\EXAM\BLE\LIB\libCH58xBLE.a(message.o)
                0x0000000000002fe2                tmos_msg_deallocate
 .text.tmos_msg_allocate
                0x000000000000300e       0x46 C:\Users\Astap\Desktop\CH583EVT\EVT\EXAM\BLE\LIB\libCH58xBLE.a(message.o)
                0x000000000000300e                tmos_msg_allocate
 .text.tmos_msg_receive
                0x0000000000003054       0x68 C:\Users\Astap\Desktop\CH583EVT\EVT\EXAM\BLE\LIB\libCH58xBLE.a(message.o)
                0x0000000000003054                tmos_msg_receive
 .text.tmos_msg_send
                0x00000000000030bc       0x5c C:\Users\Astap\Desktop\CH583EVT\EVT\EXAM\BLE\LIB\libCH58xBLE.a(message.o)
                0x00000000000030bc                tmos_msg_send
 .text.tmos_msg_init
                0x0000000000003118        0x6 C:\Users\Astap\Desktop\CH583EVT\EVT\EXAM\BLE\LIB\libCH58xBLE.a(message.o)
                0x0000000000003118                tmos_msg_init
 .text.tmosFindTask
                0x000000000000311e       0x20 C:\Users\Astap\Desktop\CH583EVT\EVT\EXAM\BLE\LIB\libCH58xBLE.a(tmos.o)
 .text.TMOS_CB_PeriodicProcessEvent
                0x000000000000313e       0x82 C:\Users\Astap\Desktop\CH583EVT\EVT\EXAM\BLE\LIB\libCH58xBLE.a(tmos.o)
                0x000000000000313e                TMOS_CB_PeriodicProcessEvent
 .text.TMOS_CB_ProcessEvent
                0x00000000000031c0       0x7c C:\Users\Astap\Desktop\CH583EVT\EVT\EXAM\BLE\LIB\libCH58xBLE.a(tmos.o)
                0x00000000000031c0                TMOS_CB_ProcessEvent
 .text.tmos_rand
                0x000000000000323c       0x4e C:\Users\Astap\Desktop\CH583EVT\EVT\EXAM\BLE\LIB\libCH58xBLE.a(tmos.o)
                0x000000000000323c                tmos_rand
 .text.tmos_start_periodic_callback_task
                0x000000000000328a       0xda C:\Users\Astap\Desktop\CH583EVT\EVT\EXAM\BLE\LIB\libCH58xBLE.a(tmos.o)
                0x000000000000328a                tmos_start_periodic_callback_task
 .text.tmos_set_event
                0x0000000000003364       0x2a C:\Users\Astap\Desktop\CH583EVT\EVT\EXAM\BLE\LIB\libCH58xBLE.a(tmos.o)
                0x0000000000003364                tmos_set_event
 .text.tmos_clear_event
                0x000000000000338e       0x2e C:\Users\Astap\Desktop\CH583EVT\EVT\EXAM\BLE\LIB\libCH58xBLE.a(tmos.o)
                0x000000000000338e                tmos_clear_event
 .text.tmos_update_callback_timer
                0x00000000000033bc       0xba C:\Users\Astap\Desktop\CH583EVT\EVT\EXAM\BLE\LIB\libCH58xBLE.a(tmos.o)
                0x00000000000033bc                tmos_update_callback_timer
 .text.tmos_start_task
                0x0000000000003476      0x126 C:\Users\Astap\Desktop\CH583EVT\EVT\EXAM\BLE\LIB\libCH58xBLE.a(tmos.o)
                0x0000000000003476                tmos_start_task
 .text.tmos_start_callback_task
                0x000000000000359c       0x96 C:\Users\Astap\Desktop\CH583EVT\EVT\EXAM\BLE\LIB\libCH58xBLE.a(tmos.o)
                0x000000000000359c                tmos_start_callback_task
 .text.tmos_start_reload_task
                0x0000000000003632       0x54 C:\Users\Astap\Desktop\CH583EVT\EVT\EXAM\BLE\LIB\libCH58xBLE.a(tmos.o)
                0x0000000000003632                tmos_start_reload_task
 .text.tmos_stop_task
                0x0000000000003686       0x46 C:\Users\Astap\Desktop\CH583EVT\EVT\EXAM\BLE\LIB\libCH58xBLE.a(tmos.o)
                0x0000000000003686                tmos_stop_task
 .text.tmos_stop_callback_task
                0x00000000000036cc       0x56 C:\Users\Astap\Desktop\CH583EVT\EVT\EXAM\BLE\LIB\libCH58xBLE.a(tmos.o)
                0x00000000000036cc                tmos_stop_callback_task
 .text.tmos_get_task_timer
                0x0000000000003722       0x5e C:\Users\Astap\Desktop\CH583EVT\EVT\EXAM\BLE\LIB\libCH58xBLE.a(tmos.o)
                0x0000000000003722                tmos_get_task_timer
 .text.tmos_proces_sleep
                0x0000000000003780       0xc4 C:\Users\Astap\Desktop\CH583EVT\EVT\EXAM\BLE\LIB\libCH58xBLE.a(tmos.o)
                0x0000000000003780                tmos_proces_sleep
 .text.TMOS_TimerRegister
                0x0000000000003844       0x1a C:\Users\Astap\Desktop\CH583EVT\EVT\EXAM\BLE\LIB\libCH58xBLE.a(tmos.o)
                0x0000000000003844                TMOS_TimerRegister
 .text.TMOS_ProcessRegister
                0x000000000000385e       0x16 C:\Users\Astap\Desktop\CH583EVT\EVT\EXAM\BLE\LIB\libCH58xBLE.a(tmos.o)
                0x000000000000385e                TMOS_ProcessRegister
 .text.TMOS_Init
                0x0000000000003874      0x10e C:\Users\Astap\Desktop\CH583EVT\EVT\EXAM\BLE\LIB\libCH58xBLE.a(tmos.o)
                0x0000000000003874                TMOS_Init
 .text.TMOS_ProcessEventRegister
                0x0000000000003982       0x38 C:\Users\Astap\Desktop\CH583EVT\EVT\EXAM\BLE\LIB\libCH58xBLE.a(tmos.o)
                0x0000000000003982                TMOS_ProcessEventRegister
 .text.BLE_LibInit
                0x00000000000039ba      0x178 C:\Users\Astap\Desktop\CH583EVT\EVT\EXAM\BLE\LIB\libCH58xBLE.a(tmos.o)
                0x00000000000039ba                BLE_LibInit
 .text.clockGetTickValve
                0x0000000000003b32       0x7e C:\Users\Astap\Desktop\CH583EVT\EVT\EXAM\BLE\LIB\libCH58xBLE.a(tmos_hw.o)
 .text.ll_get_sca_own
                0x0000000000003bb0       0x46 C:\Users\Astap\Desktop\CH583EVT\EVT\EXAM\BLE\LIB\libCH58xBLE.a(tmos_hw.o)
                0x0000000000003bb0                ll_get_sca_own
 .text.ble_ll_common_rand8
                0x0000000000003bf6       0x24 C:\Users\Astap\Desktop\CH583EVT\EVT\EXAM\BLE\LIB\libCH58xBLE.a(tmos_hw.o)
                0x0000000000003bf6                ble_ll_common_rand8
 .text.ble_ll_common_rand16
                0x0000000000003c1a       0x24 C:\Users\Astap\Desktop\CH583EVT\EVT\EXAM\BLE\LIB\libCH58xBLE.a(tmos_hw.o)
                0x0000000000003c1a                ble_ll_common_rand16
 .text.ble_ll_common_rand32
                0x0000000000003c3e       0x20 C:\Users\Astap\Desktop\CH583EVT\EVT\EXAM\BLE\LIB\libCH58xBLE.a(tmos_hw.o)
                0x0000000000003c3e                ble_ll_common_rand32
 .text.TMOS_TempSample
                0x0000000000003c5e       0x62 C:\Users\Astap\Desktop\CH583EVT\EVT\EXAM\BLE\LIB\libCH58xBLE.a(tmos_hw.o)
                0x0000000000003c5e                TMOS_TempSample
 .text.TMOS_TimerInit
                0x0000000000003cc0      0x14c C:\Users\Astap\Desktop\CH583EVT\EVT\EXAM\BLE\LIB\libCH58xBLE.a(tmos_hw.o)
                0x0000000000003cc0                TMOS_TimerInit
 .text.tmos_snv_init
                0x0000000000003e0c       0xc0 C:\Users\Astap\Desktop\CH583EVT\EVT\EXAM\BLE\LIB\libCH58xBLE.a(tmos_snv.o)
                0x0000000000003e0c                tmos_snv_init
 .text.tmos_snv_read
                0x0000000000003ecc      0x292 C:\Users\Astap\Desktop\CH583EVT\EVT\EXAM\BLE\LIB\libCH58xBLE.a(tmos_snv.o)
                0x0000000000003ecc                tmos_snv_read
 .text.tmos_snv_notify
                0x000000000000415e       0x5a C:\Users\Astap\Desktop\CH583EVT\EVT\EXAM\BLE\LIB\libCH58xBLE.a(tmos_snv.o)
                0x000000000000415e                tmos_snv_notify
 .text.tmos_snv_write
                0x00000000000041b8      0x2ce C:\Users\Astap\Desktop\CH583EVT\EVT\EXAM\BLE\LIB\libCH58xBLE.a(tmos_snv.o)
                0x00000000000041b8                tmos_snv_write
 .text.tmos_snv_compact
                0x0000000000004486        0x4 C:\Users\Astap\Desktop\CH583EVT\EVT\EXAM\BLE\LIB\libCH58xBLE.a(tmos_snv.o)
                0x0000000000004486                tmos_snv_compact
 .text.disconnectNext
                0x000000000000448a       0x22 C:\Users\Astap\Desktop\CH583EVT\EVT\EXAM\BLE\LIB\libCH58xBLE.a(gap.o)
 .text.GAP_ParamInit
                0x00000000000044ac       0xec C:\Users\Astap\Desktop\CH583EVT\EVT\EXAM\BLE\LIB\libCH58xBLE.a(gap.o)
                0x00000000000044ac                GAP_ParamInit
 .text.sendTerminateEvent
                0x0000000000004598       0x58 C:\Users\Astap\Desktop\CH583EVT\EVT\EXAM\BLE\LIB\libCH58xBLE.a(gap.o)
                0x0000000000004598                sendTerminateEvent
 .text.gapRegisterCentral
                0x00000000000045f0        0x6 C:\Users\Astap\Desktop\CH583EVT\EVT\EXAM\BLE\LIB\libCH58xBLE.a(gap.o)
                0x00000000000045f0                gapRegisterCentral
 .text.gapRegisterCentralConn
                0x00000000000045f6        0x6 C:\Users\Astap\Desktop\CH583EVT\EVT\EXAM\BLE\LIB\libCH58xBLE.a(gap.o)
                0x00000000000045f6                gapRegisterCentralConn
 .text.gapRegisterPeripheral
                0x00000000000045fc        0x6 C:\Users\Astap\Desktop\CH583EVT\EVT\EXAM\BLE\LIB\libCH58xBLE.a(gap.o)
                0x00000000000045fc                gapRegisterPeripheral
 .text.gapRegisterPeripheralConn
                0x0000000000004602        0x6 C:\Users\Astap\Desktop\CH583EVT\EVT\EXAM\BLE\LIB\libCH58xBLE.a(gap.o)
                0x0000000000004602                gapRegisterPeripheralConn
 .text.smGenerateRandBuf
                0x0000000000004608       0x56 C:\Users\Astap\Desktop\CH583EVT\EVT\EXAM\BLE\LIB\libCH58xBLE.a(gap.o)
                0x0000000000004608                smGenerateRandBuf
 .text.gapL2capConnParamUpdateReq
                0x000000000000465e       0x36 C:\Users\Astap\Desktop\CH583EVT\EVT\EXAM\BLE\LIB\libCH58xBLE.a(gap.o)
                0x000000000000465e                gapL2capConnParamUpdateReq
 .text.gapValidADType
                0x0000000000004694       0x16 C:\Users\Astap\Desktop\CH583EVT\EVT\EXAM\BLE\LIB\libCH58xBLE.a(gap.o)
                0x0000000000004694                gapValidADType
 .text.gapFindADType
                0x00000000000046aa       0x92 C:\Users\Astap\Desktop\CH583EVT\EVT\EXAM\BLE\LIB\libCH58xBLE.a(gap.o)
                0x00000000000046aa                gapFindADType
 .text.GAP_SecParamsInit
                0x000000000000473c       0xaa C:\Users\Astap\Desktop\CH583EVT\EVT\EXAM\BLE\LIB\libCH58xBLE.a(gap.o)
                0x000000000000473c                GAP_SecParamsInit
 .text.GAP_ParamsInit
                0x00000000000047e6       0x50 C:\Users\Astap\Desktop\CH583EVT\EVT\EXAM\BLE\LIB\libCH58xBLE.a(gap.o)
                0x00000000000047e6                GAP_ParamsInit
 .text.gapAddAddrAdj
                0x0000000000004836       0x48 C:\Users\Astap\Desktop\CH583EVT\EVT\EXAM\BLE\LIB\libCH58xBLE.a(gap.o)
                0x0000000000004836                gapAddAddrAdj
 .text.gapDetermineAddrType
                0x000000000000487e       0x28 C:\Users\Astap\Desktop\CH583EVT\EVT\EXAM\BLE\LIB\libCH58xBLE.a(gap.o)
                0x000000000000487e                gapDetermineAddrType
 .text.gapFreeAuthLink
                0x00000000000048a6       0x4a C:\Users\Astap\Desktop\CH583EVT\EVT\EXAM\BLE\LIB\libCH58xBLE.a(gap.o)
                0x00000000000048a6                gapFreeAuthLink
 .text.gapGetDevAddress
                0x00000000000048f0       0x24 C:\Users\Astap\Desktop\CH583EVT\EVT\EXAM\BLE\LIB\libCH58xBLE.a(gap.o)
                0x00000000000048f0                gapGetDevAddress
 .text.gapGetDevAddressMode
                0x0000000000004914        0xa C:\Users\Astap\Desktop\CH583EVT\EVT\EXAM\BLE\LIB\libCH58xBLE.a(gap.o)
                0x0000000000004914                gapGetDevAddressMode
 .text.gapGetIRK
                0x000000000000491e        0xc C:\Users\Astap\Desktop\CH583EVT\EVT\EXAM\BLE\LIB\libCH58xBLE.a(gap.o)
                0x000000000000491e                gapGetIRK
 .text.gapGetSRK
                0x000000000000492a        0xc C:\Users\Astap\Desktop\CH583EVT\EVT\EXAM\BLE\LIB\libCH58xBLE.a(gap.o)
                0x000000000000492a                gapGetSRK
 .text.gapGetSignCounter
                0x0000000000004936        0xe C:\Users\Astap\Desktop\CH583EVT\EVT\EXAM\BLE\LIB\libCH58xBLE.a(gap.o)
                0x0000000000004936                gapGetSignCounter
 .text.gapIncSignCounter
                0x0000000000004944       0x28 C:\Users\Astap\Desktop\CH583EVT\EVT\EXAM\BLE\LIB\libCH58xBLE.a(gap.o)
                0x0000000000004944                gapIncSignCounter
 .text.gapProcessConnEvt
                0x000000000000496c       0x48 C:\Users\Astap\Desktop\CH583EVT\EVT\EXAM\BLE\LIB\libCH58xBLE.a(gap.o)
                0x000000000000496c                gapProcessConnEvt
 .text.gapProcessDisconnectCompleteEvt
                0x00000000000049b4       0xa4 C:\Users\Astap\Desktop\CH583EVT\EVT\EXAM\BLE\LIB\libCH58xBLE.a(gap.o)
                0x00000000000049b4                gapProcessDisconnectCompleteEvt
 .text.sendAuthEvent
                0x0000000000004a58      0x11e C:\Users\Astap\Desktop\CH583EVT\EVT\EXAM\BLE\LIB\libCH58xBLE.a(gap.o)
                0x0000000000004a58                sendAuthEvent
 .text.gapSendBondCompleteEvent
                0x0000000000004b76       0x74 C:\Users\Astap\Desktop\CH583EVT\EVT\EXAM\BLE\LIB\libCH58xBLE.a(gap.o)
                0x0000000000004b76                gapSendBondCompleteEvent
 .text.gapSendPairingReqEvent
                0x0000000000004bea       0x96 C:\Users\Astap\Desktop\CH583EVT\EVT\EXAM\BLE\LIB\libCH58xBLE.a(gap.o)
                0x0000000000004bea                gapSendPairingReqEvent
 .text.gapSendSlaveSecurityReqEvent
                0x0000000000004c80       0x68 C:\Users\Astap\Desktop\CH583EVT\EVT\EXAM\BLE\LIB\libCH58xBLE.a(gap.o)
                0x0000000000004c80                gapSendSlaveSecurityReqEvent
 .text.gapSendDeviceInitDoneEvent
                0x0000000000004ce8       0x88 C:\Users\Astap\Desktop\CH583EVT\EVT\EXAM\BLE\LIB\libCH58xBLE.a(gap.o)
                0x0000000000004ce8                gapSendDeviceInitDoneEvent
 .text.gapSendLinkUpdateEvent
                0x0000000000004d70       0xb2 C:\Users\Astap\Desktop\CH583EVT\EVT\EXAM\BLE\LIB\libCH58xBLE.a(gap.o)
                0x0000000000004d70                gapSendLinkUpdateEvent
 .text.gapSendPhyUpdateEvent
                0x0000000000004e22       0x58 C:\Users\Astap\Desktop\CH583EVT\EVT\EXAM\BLE\LIB\libCH58xBLE.a(gap.o)
                0x0000000000004e22                gapSendPhyUpdateEvent
 .text.gapSendEstLinkEvent
                0x0000000000004e7a       0xbc C:\Users\Astap\Desktop\CH583EVT\EVT\EXAM\BLE\LIB\libCH58xBLE.a(gap.o)
                0x0000000000004e7a                gapSendEstLinkEvent
 .text.gapProcessNewAddr
                0x0000000000004f36       0x3e C:\Users\Astap\Desktop\CH583EVT\EVT\EXAM\BLE\LIB\libCH58xBLE.a(gap.o)
                0x0000000000004f36                gapProcessNewAddr
 .text.gapProcessRandomAddrComplete
                0x0000000000004f74       0xb6 C:\Users\Astap\Desktop\CH583EVT\EVT\EXAM\BLE\LIB\libCH58xBLE.a(gap.o)
                0x0000000000004f74                gapProcessRandomAddrComplete
 .text.GAP_Authenticate
                0x000000000000502a       0xde C:\Users\Astap\Desktop\CH583EVT\EVT\EXAM\BLE\LIB\libCH58xBLE.a(gap.o)
                0x000000000000502a                GAP_Authenticate
 .text.GAP_Bond
                0x0000000000005108       0xaa C:\Users\Astap\Desktop\CH583EVT\EVT\EXAM\BLE\LIB\libCH58xBLE.a(gap.o)
                0x0000000000005108                GAP_Bond
 .text.GAP_GetParamValue
                0x00000000000051b2       0x20 C:\Users\Astap\Desktop\CH583EVT\EVT\EXAM\BLE\LIB\libCH58xBLE.a(gap.o)
                0x00000000000051b2                GAP_GetParamValue
 .text.GAP_PasscodeUpdate
                0x00000000000051d2       0x54 C:\Users\Astap\Desktop\CH583EVT\EVT\EXAM\BLE\LIB\libCH58xBLE.a(gap.o)
                0x00000000000051d2                GAP_PasscodeUpdate
 .text.GAP_RegisterForMsgs
                0x0000000000005226        0xa C:\Users\Astap\Desktop\CH583EVT\EVT\EXAM\BLE\LIB\libCH58xBLE.a(gap.o)
                0x0000000000005226                GAP_RegisterForMsgs
 .text.GAP_ResolvePrivateAddr
                0x0000000000005230        0x4 C:\Users\Astap\Desktop\CH583EVT\EVT\EXAM\BLE\LIB\libCH58xBLE.a(gap.o)
                0x0000000000005230                GAP_ResolvePrivateAddr
 .text.gapPairingCompleteCB
                0x0000000000005234      0x18c C:\Users\Astap\Desktop\CH583EVT\EVT\EXAM\BLE\LIB\libCH58xBLE.a(gap.o)
                0x0000000000005234                gapPairingCompleteCB
 .text.gapPasskeyNeededCB
                0x00000000000053c0       0x8e C:\Users\Astap\Desktop\CH583EVT\EVT\EXAM\BLE\LIB\libCH58xBLE.a(gap.o)
                0x00000000000053c0                gapPasskeyNeededCB
 .text.gapOobNeededCB
                0x000000000000544e       0xa6 C:\Users\Astap\Desktop\CH583EVT\EVT\EXAM\BLE\LIB\libCH58xBLE.a(gap.o)
                0x000000000000544e                gapOobNeededCB
 .text.gapFreeEstLink
                0x00000000000054f4       0x20 C:\Users\Astap\Desktop\CH583EVT\EVT\EXAM\BLE\LIB\libCH58xBLE.a(gap.o)
                0x00000000000054f4                gapFreeEstLink
 .text.gapUpdateConnSignCounter
                0x0000000000005514       0x7a C:\Users\Astap\Desktop\CH583EVT\EVT\EXAM\BLE\LIB\libCH58xBLE.a(gap.o)
                0x0000000000005514                gapUpdateConnSignCounter
 .text.GAP_TerminateAuth
                0x000000000000558e       0x2a C:\Users\Astap\Desktop\CH583EVT\EVT\EXAM\BLE\LIB\libCH58xBLE.a(gap.o)
                0x000000000000558e                GAP_TerminateAuth
 .text.GAP_NumActiveConnections
                0x00000000000055b8        0x4 C:\Users\Astap\Desktop\CH583EVT\EVT\EXAM\BLE\LIB\libCH58xBLE.a(gap.o)
                0x00000000000055b8                GAP_NumActiveConnections
 .text.GAP_TerminateLinkReq
                0x00000000000055bc       0x8e C:\Users\Astap\Desktop\CH583EVT\EVT\EXAM\BLE\LIB\libCH58xBLE.a(gap.o)
                0x00000000000055bc                GAP_TerminateLinkReq
 .text.GAP_SetParamValue
                0x000000000000564a       0x6c C:\Users\Astap\Desktop\CH583EVT\EVT\EXAM\BLE\LIB\libCH58xBLE.a(gap.o)
                0x000000000000564a                GAP_SetParamValue
 .text.GAP_Init
                0x00000000000056b6       0x48 C:\Users\Astap\Desktop\CH583EVT\EVT\EXAM\BLE\LIB\libCH58xBLE.a(gap.o)
                0x00000000000056b6                GAP_Init
 .text.GAP_ProcessEvent
                0x00000000000056fe      0x66a C:\Users\Astap\Desktop\CH583EVT\EVT\EXAM\BLE\LIB\libCH58xBLE.a(gap.o)
                0x00000000000056fe                GAP_ProcessEvent
 .text.gapSendScanEnable
                0x0000000000005d68       0x3a C:\Users\Astap\Desktop\CH583EVT\EVT\EXAM\BLE\LIB\libCH58xBLE.a(gap_central.o)
 .text.gapCentProcessConnEvt
                0x0000000000005da2      0x168 C:\Users\Astap\Desktop\CH583EVT\EVT\EXAM\BLE\LIB\libCH58xBLE.a(gap_central.o)
                0x0000000000005da2                gapCentProcessConnEvt
 .text.gapProcessScanningPeriodicAdvEvt
                0x0000000000005f0a       0xa0 C:\Users\Astap\Desktop\CH583EVT\EVT\EXAM\BLE\LIB\libCH58xBLE.a(gap_central.o)
                0x0000000000005f0a                gapProcessScanningPeriodicAdvEvt
 .text.gapCancelLinkReq
                0x0000000000005faa       0x38 C:\Users\Astap\Desktop\CH583EVT\EVT\EXAM\BLE\LIB\libCH58xBLE.a(gap_central.o)
                0x0000000000005faa                gapCancelLinkReq
 .text.gapProcessAdvertDevInfo
                0x0000000000005fe2      0x242 C:\Users\Astap\Desktop\CH583EVT\EVT\EXAM\BLE\LIB\libCH58xBLE.a(gap_central.o)
                0x0000000000005fe2                gapProcessAdvertDevInfo
 .text.gapProcessExtAdvertDevInfo
                0x0000000000006224      0x260 C:\Users\Astap\Desktop\CH583EVT\EVT\EXAM\BLE\LIB\libCH58xBLE.a(gap_central.o)
                0x0000000000006224                gapProcessExtAdvertDevInfo
 .text.gapProcessPeriodicAdvertisingSyncEstablishedEvt
                0x0000000000006484       0xae C:\Users\Astap\Desktop\CH583EVT\EVT\EXAM\BLE\LIB\libCH58xBLE.a(gap_central.o)
                0x0000000000006484                gapProcessPeriodicAdvertisingSyncEstablishedEvt
 .text.gapProcessPeriodicAdvertisingSyncLostEvt
                0x0000000000006532       0x56 C:\Users\Astap\Desktop\CH583EVT\EVT\EXAM\BLE\LIB\libCH58xBLE.a(gap_central.o)
                0x0000000000006532                gapProcessPeriodicAdvertisingSyncLostEvt
 .text.gapFreeScanRecs
                0x0000000000006588       0xa6 C:\Users\Astap\Desktop\CH583EVT\EVT\EXAM\BLE\LIB\libCH58xBLE.a(gap_central.o)
                0x0000000000006588                gapFreeScanRecs
 .text.gapSendDevDiscEvent
                0x000000000000662e      0x124 C:\Users\Astap\Desktop\CH583EVT\EVT\EXAM\BLE\LIB\libCH58xBLE.a(gap_central.o)
                0x000000000000662e                gapSendDevDiscEvent
 .text.gapSetScanParamStatus
                0x0000000000006752       0x56 C:\Users\Astap\Desktop\CH583EVT\EVT\EXAM\BLE\LIB\libCH58xBLE.a(gap_central.o)
 .text.gapCentProcessHCICmdEvt
                0x00000000000067a8       0x3c C:\Users\Astap\Desktop\CH583EVT\EVT\EXAM\BLE\LIB\libCH58xBLE.a(gap_central.o)
                0x00000000000067a8                gapCentProcessHCICmdEvt
 .text.gapProcessScanningEvt
                0x00000000000067e4      0x10e C:\Users\Astap\Desktop\CH583EVT\EVT\EXAM\BLE\LIB\libCH58xBLE.a(gap_central.o)
                0x00000000000067e4                gapProcessScanningEvt
 .text.gapProcessScanningDirectEvt
                0x00000000000068f2       0xfe C:\Users\Astap\Desktop\CH583EVT\EVT\EXAM\BLE\LIB\libCH58xBLE.a(gap_central.o)
                0x00000000000068f2                gapProcessScanningDirectEvt
 .text.gapProcessScanningExtAdvEvt
                0x00000000000069f0      0x2c4 C:\Users\Astap\Desktop\CH583EVT\EVT\EXAM\BLE\LIB\libCH58xBLE.a(gap_central.o)
                0x00000000000069f0                gapProcessScanningExtAdvEvt
 .text.GAP_CentConnRegister
                0x0000000000006cb4       0x16 C:\Users\Astap\Desktop\CH583EVT\EVT\EXAM\BLE\LIB\libCH58xBLE.a(gap_central.o)
                0x0000000000006cb4                GAP_CentConnRegister
 .text.GAP_CentralParamInit
                0x0000000000006cca       0x6a C:\Users\Astap\Desktop\CH583EVT\EVT\EXAM\BLE\LIB\libCH58xBLE.a(gap_central.o)
                0x0000000000006cca                GAP_CentralParamInit
 .text.GAP_CentDevMgrInit
                0x0000000000006d34       0x9c C:\Users\Astap\Desktop\CH583EVT\EVT\EXAM\BLE\LIB\libCH58xBLE.a(gap_central.o)
                0x0000000000006d34                GAP_CentDevMgrInit
 .text.gapFreeAdvertState
                0x0000000000006dd0       0x20 C:\Users\Astap\Desktop\CH583EVT\EVT\EXAM\BLE\LIB\libCH58xBLE.a(gap_peripheral.o)
 .text.gapSetPeriodicAdvParams
                0x0000000000006df0       0x30 C:\Users\Astap\Desktop\CH583EVT\EVT\EXAM\BLE\LIB\libCH58xBLE.a(gap_peripheral.o)
 .text.gapSetConnectionlessCTEParams
                0x0000000000006e20       0x54 C:\Users\Astap\Desktop\CH583EVT\EVT\EXAM\BLE\LIB\libCH58xBLE.a(gap_peripheral.o)
 .text.gapSetAdvParams
                0x0000000000006e74      0x126 C:\Users\Astap\Desktop\CH583EVT\EVT\EXAM\BLE\LIB\libCH58xBLE.a(gap_peripheral.o)
 .text.gapPeriProcessConnEvt
                0x0000000000006f9a       0xd0 C:\Users\Astap\Desktop\CH583EVT\EVT\EXAM\BLE\LIB\libCH58xBLE.a(gap_peripheral.o)
 .text.gapWriteAdvDataStatus
                0x000000000000706a       0x8a C:\Users\Astap\Desktop\CH583EVT\EVT\EXAM\BLE\LIB\libCH58xBLE.a(gap_peripheral.o)
 .text.GAP_MakeDiscoverable
                0x00000000000070f4      0x174 C:\Users\Astap\Desktop\CH583EVT\EVT\EXAM\BLE\LIB\libCH58xBLE.a(gap_peripheral.o)
                0x00000000000070f4                GAP_MakeDiscoverable
 .text.GAP_EndDiscoverable
                0x0000000000007268       0x66 C:\Users\Astap\Desktop\CH583EVT\EVT\EXAM\BLE\LIB\libCH58xBLE.a(gap_peripheral.o)
                0x0000000000007268                GAP_EndDiscoverable
 .text.gapProcessAdvertisingEvt
                0x00000000000072ce      0x116 C:\Users\Astap\Desktop\CH583EVT\EVT\EXAM\BLE\LIB\libCH58xBLE.a(gap_peripheral.o)
 .text.GAP_MakePeriodic
                0x00000000000073e4       0x26 C:\Users\Astap\Desktop\CH583EVT\EVT\EXAM\BLE\LIB\libCH58xBLE.a(gap_peripheral.o)
                0x00000000000073e4                GAP_MakePeriodic
 .text.GAP_EndPeriodic
                0x000000000000740a        0xc C:\Users\Astap\Desktop\CH583EVT\EVT\EXAM\BLE\LIB\libCH58xBLE.a(gap_peripheral.o)
                0x000000000000740a                GAP_EndPeriodic
 .text.GAP_MakeConnecttionlessCTE
                0x0000000000007416       0x1a C:\Users\Astap\Desktop\CH583EVT\EVT\EXAM\BLE\LIB\libCH58xBLE.a(gap_peripheral.o)
                0x0000000000007416                GAP_MakeConnecttionlessCTE
 .text.GAP_EndConnecttionlessCTE
                0x0000000000007430        0xc C:\Users\Astap\Desktop\CH583EVT\EVT\EXAM\BLE\LIB\libCH58xBLE.a(gap_peripheral.o)
                0x0000000000007430                GAP_EndConnecttionlessCTE
 .text.GAP_SetAdvertisingAdvData
                0x000000000000743c      0x102 C:\Users\Astap\Desktop\CH583EVT\EVT\EXAM\BLE\LIB\libCH58xBLE.a(gap_peripheral.o)
                0x000000000000743c                GAP_SetAdvertisingAdvData
 .text.GAP_SetAdvertisingRspData
                0x000000000000753e      0x102 C:\Users\Astap\Desktop\CH583EVT\EVT\EXAM\BLE\LIB\libCH58xBLE.a(gap_peripheral.o)
                0x000000000000753e                GAP_SetAdvertisingRspData
 .text.GAP_SetPeriodicAdvertisingData
                0x0000000000007640       0xc6 C:\Users\Astap\Desktop\CH583EVT\EVT\EXAM\BLE\LIB\libCH58xBLE.a(gap_peripheral.o)
                0x0000000000007640                GAP_SetPeriodicAdvertisingData
 .text.GAP_GetAdvertisingAdvData
                0x0000000000007706       0x26 C:\Users\Astap\Desktop\CH583EVT\EVT\EXAM\BLE\LIB\libCH58xBLE.a(gap_peripheral.o)
                0x0000000000007706                GAP_GetAdvertisingAdvData
 .text.GAP_GetAdvertisingRspData
                0x000000000000772c       0x34 C:\Users\Astap\Desktop\CH583EVT\EVT\EXAM\BLE\LIB\libCH58xBLE.a(gap_peripheral.o)
                0x000000000000772c                GAP_GetAdvertisingRspData
 .text.GAP_GetPeriodicAdvertisingData
                0x0000000000007760       0x34 C:\Users\Astap\Desktop\CH583EVT\EVT\EXAM\BLE\LIB\libCH58xBLE.a(gap_peripheral.o)
                0x0000000000007760                GAP_GetPeriodicAdvertisingData
 .text.GAP_PeriConnRegister
                0x0000000000007794       0x2e C:\Users\Astap\Desktop\CH583EVT\EVT\EXAM\BLE\LIB\libCH58xBLE.a(gap_peripheral.o)
                0x0000000000007794                GAP_PeriConnRegister
 .text.GAP_PeripheralParamInit
                0x00000000000077c2       0x6c C:\Users\Astap\Desktop\CH583EVT\EVT\EXAM\BLE\LIB\libCH58xBLE.a(gap_peripheral.o)
                0x00000000000077c2                GAP_PeripheralParamInit
 .text.gapSendMakeDiscEvent
                0x000000000000782e       0x50 C:\Users\Astap\Desktop\CH583EVT\EVT\EXAM\BLE\LIB\libCH58xBLE.a(gap_peripheral.o)
                0x000000000000782e                gapSendMakeDiscEvent
 .text.gapWriteAdvEnableStatus
                0x000000000000787e      0x10e C:\Users\Astap\Desktop\CH583EVT\EVT\EXAM\BLE\LIB\libCH58xBLE.a(gap_peripheral.o)
 .text.gapSendMakePeriodicEvent
                0x000000000000798c       0x3a C:\Users\Astap\Desktop\CH583EVT\EVT\EXAM\BLE\LIB\libCH58xBLE.a(gap_peripheral.o)
                0x000000000000798c                gapSendMakePeriodicEvent
 .text.gapSendMakeConnectionlessCTEEvent
                0x00000000000079c6       0x3a C:\Users\Astap\Desktop\CH583EVT\EVT\EXAM\BLE\LIB\libCH58xBLE.a(gap_peripheral.o)
                0x00000000000079c6                gapSendMakeConnectionlessCTEEvent
 .text.gapPeriProcessHCICmdCompleteEvt
                0x0000000000007a00      0x22c C:\Users\Astap\Desktop\CH583EVT\EVT\EXAM\BLE\LIB\libCH58xBLE.a(gap_peripheral.o)
 .text.GAP_PeriDevMgrInit
                0x0000000000007c2c       0x2e C:\Users\Astap\Desktop\CH583EVT\EVT\EXAM\BLE\LIB\libCH58xBLE.a(gap_peripheral.o)
                0x0000000000007c2c                GAP_PeriDevMgrInit
 .text.gattProcessExchangeMTUReq
                0x0000000000007c5a        0x4 C:\Users\Astap\Desktop\CH583EVT\EVT\EXAM\BLE\LIB\libCH58xBLE.a(gattservapp.o)
 .text.gattServApp_FindCharCfgItem
                0x0000000000007c5e       0x24 C:\Users\Astap\Desktop\CH583EVT\EVT\EXAM\BLE\LIB\libCH58xBLE.a(gattservapp.o)
 .text.gattServerHandleTimerCB
                0x0000000000007c82       0x3c C:\Users\Astap\Desktop\CH583EVT\EVT\EXAM\BLE\LIB\libCH58xBLE.a(gattservapp.o)
 .text.GATTServApp_InitCharCfg.part.12
                0x0000000000007cbe       0x20 C:\Users\Astap\Desktop\CH583EVT\EVT\EXAM\BLE\LIB\libCH58xBLE.a(gattservapp.o)
 .text.gattProcessExecuteWriteReq
                0x0000000000007cde        0x4 C:\Users\Astap\Desktop\CH583EVT\EVT\EXAM\BLE\LIB\libCH58xBLE.a(gattservapp.o)
 .text.GATTServApp_ParamInit
                0x0000000000007ce2       0xd6 C:\Users\Astap\Desktop\CH583EVT\EVT\EXAM\BLE\LIB\libCH58xBLE.a(gattservapp.o)
                0x0000000000007ce2                GATTServApp_ParamInit
 .text.GATTServApp_ReadCharCfg
                0x0000000000007db8       0x16 C:\Users\Astap\Desktop\CH583EVT\EVT\EXAM\BLE\LIB\libCH58xBLE.a(gattservapp.o)
                0x0000000000007db8                GATTServApp_ReadCharCfg
 .text.GATTServApp_WriteCharCfg
                0x0000000000007dce       0x38 C:\Users\Astap\Desktop\CH583EVT\EVT\EXAM\BLE\LIB\libCH58xBLE.a(gattservapp.o)
                0x0000000000007dce                GATTServApp_WriteCharCfg
 .text.GATTServApp_ProcessCCCWriteReq
                0x0000000000007e06       0x5c C:\Users\Astap\Desktop\CH583EVT\EVT\EXAM\BLE\LIB\libCH58xBLE.a(gattservapp.o)
                0x0000000000007e06                GATTServApp_ProcessCCCWriteReq
 .text.gattServApp_WriteAttrCB
                0x0000000000007e62       0x32 C:\Users\Astap\Desktop\CH583EVT\EVT\EXAM\BLE\LIB\libCH58xBLE.a(gattservapp.o)
                0x0000000000007e62                gattServApp_WriteAttrCB
 .text.GATTServApp_SendCCCUpdatedEvent
                0x0000000000007e94       0x5e C:\Users\Astap\Desktop\CH583EVT\EVT\EXAM\BLE\LIB\libCH58xBLE.a(gattservapp.o)
                0x0000000000007e94                GATTServApp_SendCCCUpdatedEvent
 .text.GATTServApp_SendServiceChangedInd
                0x0000000000007ef2       0x34 C:\Users\Astap\Desktop\CH583EVT\EVT\EXAM\BLE\LIB\libCH58xBLE.a(gattservapp.o)
                0x0000000000007ef2                GATTServApp_SendServiceChangedInd
 .text.gattServApp_ClearPrepareWriteQ
                0x0000000000007f26       0x50 C:\Users\Astap\Desktop\CH583EVT\EVT\EXAM\BLE\LIB\libCH58xBLE.a(gattservapp.o)
                0x0000000000007f26                gattServApp_ClearPrepareWriteQ
 .text.gattServApp_FindPrepareWriteQ
                0x0000000000007f76       0x30 C:\Users\Astap\Desktop\CH583EVT\EVT\EXAM\BLE\LIB\libCH58xBLE.a(gattservapp.o)
                0x0000000000007f76                gattServApp_FindPrepareWriteQ
 .text.gattServApp_FindServiceCBs
                0x0000000000007fa6       0x18 C:\Users\Astap\Desktop\CH583EVT\EVT\EXAM\BLE\LIB\libCH58xBLE.a(gattservapp.o)
                0x0000000000007fa6                gattServApp_FindServiceCBs
 .text.gattServApp_FindAuthorizeAttrCB
                0x0000000000007fbe       0x14 C:\Users\Astap\Desktop\CH583EVT\EVT\EXAM\BLE\LIB\libCH58xBLE.a(gattservapp.o)
                0x0000000000007fbe                gattServApp_FindAuthorizeAttrCB
 .text.gattServApp_IsWriteLong
                0x0000000000007fd2       0xea C:\Users\Astap\Desktop\CH583EVT\EVT\EXAM\BLE\LIB\libCH58xBLE.a(gattservapp.o)
                0x0000000000007fd2                gattServApp_IsWriteLong
 .text.gattFindService
                0x00000000000080bc       0x1c C:\Users\Astap\Desktop\CH583EVT\EVT\EXAM\BLE\LIB\libCH58xBLE.a(gattservapp.o)
                0x00000000000080bc                gattFindService
 .text.GATT_ServiceNumAttrs
                0x00000000000080d8       0x16 C:\Users\Astap\Desktop\CH583EVT\EVT\EXAM\BLE\LIB\libCH58xBLE.a(gattservapp.o)
                0x00000000000080d8                GATT_ServiceNumAttrs
 .text.GATT_ServiceEncKeySize
                0x00000000000080ee       0x16 C:\Users\Astap\Desktop\CH583EVT\EVT\EXAM\BLE\LIB\libCH58xBLE.a(gattservapp.o)
                0x00000000000080ee                GATT_ServiceEncKeySize
 .text.GATT_VerifyWritePermissions.part.7
                0x0000000000008104       0x2c C:\Users\Astap\Desktop\CH583EVT\EVT\EXAM\BLE\LIB\libCH58xBLE.a(gattservapp.o)
 .text.gattResetServerInfo
                0x0000000000008130       0x1c C:\Users\Astap\Desktop\CH583EVT\EVT\EXAM\BLE\LIB\libCH58xBLE.a(gattservapp.o)
                0x0000000000008130                gattResetServerInfo
 .text.gattFindServerInfo
                0x000000000000814c       0x2c C:\Users\Astap\Desktop\CH583EVT\EVT\EXAM\BLE\LIB\libCH58xBLE.a(gattservapp.o)
                0x000000000000814c                gattFindServerInfo
 .text.gattServerHandleConnStatusCB
                0x0000000000008178       0x8e C:\Users\Astap\Desktop\CH583EVT\EVT\EXAM\BLE\LIB\libCH58xBLE.a(gattservapp.o)
                0x0000000000008178                gattServerHandleConnStatusCB
 .text.gattServerProcessMsgCB
                0x0000000000008206      0x1ba C:\Users\Astap\Desktop\CH583EVT\EVT\EXAM\BLE\LIB\libCH58xBLE.a(gattservapp.o)
                0x0000000000008206                gattServerProcessMsgCB
 .text.gattServerNotifyTxCB
                0x00000000000083c0       0x28 C:\Users\Astap\Desktop\CH583EVT\EVT\EXAM\BLE\LIB\libCH58xBLE.a(gattservapp.o)
 .text.GATT_FindHandle
                0x00000000000083e8       0x4a C:\Users\Astap\Desktop\CH583EVT\EVT\EXAM\BLE\LIB\libCH58xBLE.a(gattservapp.o)
                0x00000000000083e8                GATT_FindHandle
 .text.GATTServApp_WriteAttr
                0x0000000000008432       0xa6 C:\Users\Astap\Desktop\CH583EVT\EVT\EXAM\BLE\LIB\libCH58xBLE.a(gattservapp.o)
                0x0000000000008432                GATTServApp_WriteAttr
 .text.gattServApp_ProcessExecuteWriteReq
                0x00000000000084d8       0xfe C:\Users\Astap\Desktop\CH583EVT\EVT\EXAM\BLE\LIB\libCH58xBLE.a(gattservapp.o)
                0x00000000000084d8                gattServApp_ProcessExecuteWriteReq
 .text.gattServApp_ProcessPrepareWriteReq
                0x00000000000085d6      0x10e C:\Users\Astap\Desktop\CH583EVT\EVT\EXAM\BLE\LIB\libCH58xBLE.a(gattservapp.o)
                0x00000000000085d6                gattServApp_ProcessPrepareWriteReq
 .text.gattServApp_ProcessWriteReq
                0x00000000000086e4       0xb0 C:\Users\Astap\Desktop\CH583EVT\EVT\EXAM\BLE\LIB\libCH58xBLE.a(gattservapp.o)
                0x00000000000086e4                gattServApp_ProcessWriteReq
 .text.GATT_Indication
                0x0000000000008794       0xa4 C:\Users\Astap\Desktop\CH583EVT\EVT\EXAM\BLE\LIB\libCH58xBLE.a(gattservapp.o)
                0x0000000000008794                GATT_Indication
 .text.GATT_FindHandleUUID
                0x0000000000008838       0x94 C:\Users\Astap\Desktop\CH583EVT\EVT\EXAM\BLE\LIB\libCH58xBLE.a(gattservapp.o)
                0x0000000000008838                GATT_FindHandleUUID
 .text.gattProcessReadByGrpTypeReq
                0x00000000000088cc       0x60 C:\Users\Astap\Desktop\CH583EVT\EVT\EXAM\BLE\LIB\libCH58xBLE.a(gattservapp.o)
 .text.gattProcessReadByTypeReq
                0x000000000000892c       0x34 C:\Users\Astap\Desktop\CH583EVT\EVT\EXAM\BLE\LIB\libCH58xBLE.a(gattservapp.o)
 .text.gattProcessFindByTypeValueReq
                0x0000000000008960       0x34 C:\Users\Astap\Desktop\CH583EVT\EVT\EXAM\BLE\LIB\libCH58xBLE.a(gattservapp.o)
 .text.gattProcessFindInfoReq
                0x0000000000008994      0x1aa C:\Users\Astap\Desktop\CH583EVT\EVT\EXAM\BLE\LIB\libCH58xBLE.a(gattservapp.o)
 .text.GATT_VerifyWritePermissions
                0x0000000000008b3e       0x6a C:\Users\Astap\Desktop\CH583EVT\EVT\EXAM\BLE\LIB\libCH58xBLE.a(gattservapp.o)
                0x0000000000008b3e                GATT_VerifyWritePermissions
 .text.gattProcessWriteReq
                0x0000000000008ba8       0x36 C:\Users\Astap\Desktop\CH583EVT\EVT\EXAM\BLE\LIB\libCH58xBLE.a(gattservapp.o)
 .text.GATT_VerifyPrepareWritePermissions
                0x0000000000008bde       0x56 C:\Users\Astap\Desktop\CH583EVT\EVT\EXAM\BLE\LIB\libCH58xBLE.a(gattservapp.o)
                0x0000000000008bde                GATT_VerifyPrepareWritePermissions
 .text.gattProcessPrepareWriteReq
                0x0000000000008c34       0x36 C:\Users\Astap\Desktop\CH583EVT\EVT\EXAM\BLE\LIB\libCH58xBLE.a(gattservapp.o)
 .text.GATT_FindNextAttr
                0x0000000000008c6a       0xc2 C:\Users\Astap\Desktop\CH583EVT\EVT\EXAM\BLE\LIB\libCH58xBLE.a(gattservapp.o)
                0x0000000000008c6a                GATT_FindNextAttr
 .text.GATTServApp_ReadAttr
                0x0000000000008d2c      0x2ea C:\Users\Astap\Desktop\CH583EVT\EVT\EXAM\BLE\LIB\libCH58xBLE.a(gattservapp.o)
                0x0000000000008d2c                GATTServApp_ReadAttr
 .text.gattServApp_ProcessReadMultiReq
                0x0000000000009016      0x16e C:\Users\Astap\Desktop\CH583EVT\EVT\EXAM\BLE\LIB\libCH58xBLE.a(gattservapp.o)
                0x0000000000009016                gattServApp_ProcessReadMultiReq
 .text.gattServApp_ProcessFindByTypeValueReq
                0x0000000000009184      0x1a0 C:\Users\Astap\Desktop\CH583EVT\EVT\EXAM\BLE\LIB\libCH58xBLE.a(gattservapp.o)
                0x0000000000009184                gattServApp_ProcessFindByTypeValueReq
 .text.GATT_VerifyReadPermissions
                0x0000000000009324       0x68 C:\Users\Astap\Desktop\CH583EVT\EVT\EXAM\BLE\LIB\libCH58xBLE.a(gattservapp.o)
                0x0000000000009324                GATT_VerifyReadPermissions
 .text.gattProcessReadMultiReq
                0x000000000000938c       0xae C:\Users\Astap\Desktop\CH583EVT\EVT\EXAM\BLE\LIB\libCH58xBLE.a(gattservapp.o)
 .text.gattProcessReadReq
                0x000000000000943a       0x30 C:\Users\Astap\Desktop\CH583EVT\EVT\EXAM\BLE\LIB\libCH58xBLE.a(gattservapp.o)
 .text.gattServApp_ProcessReadByGrpTypeReq
                0x000000000000946a      0x21c C:\Users\Astap\Desktop\CH583EVT\EVT\EXAM\BLE\LIB\libCH58xBLE.a(gattservapp.o)
                0x000000000000946a                gattServApp_ProcessReadByGrpTypeReq
 .text.gattServApp_ProcessReadByTypeReq
                0x0000000000009686      0x1ae C:\Users\Astap\Desktop\CH583EVT\EVT\EXAM\BLE\LIB\libCH58xBLE.a(gattservapp.o)
                0x0000000000009686                gattServApp_ProcessReadByTypeReq
 .text.GATTServApp_InitCharCfg
                0x0000000000009834       0x28 C:\Users\Astap\Desktop\CH583EVT\EVT\EXAM\BLE\LIB\libCH58xBLE.a(gattservapp.o)
                0x0000000000009834                GATTServApp_InitCharCfg
 .text.gattServApp_HandleConnStatusCB
                0x000000000000985c       0x74 C:\Users\Astap\Desktop\CH583EVT\EVT\EXAM\BLE\LIB\libCH58xBLE.a(gattservapp.o)
                0x000000000000985c                gattServApp_HandleConnStatusCB
 .text.GATT_InitServer
                0x00000000000098d0       0xfa C:\Users\Astap\Desktop\CH583EVT\EVT\EXAM\BLE\LIB\libCH58xBLE.a(gattservapp.o)
                0x00000000000098d0                GATT_InitServer
 .text.GATTServApp_Init
                0x00000000000099ca       0x34 C:\Users\Astap\Desktop\CH583EVT\EVT\EXAM\BLE\LIB\libCH58xBLE.a(gattservapp.o)
                0x00000000000099ca                GATTServApp_Init
 .text.GATTServApp_ProcessEvent
                0x00000000000099fe      0x36a C:\Users\Astap\Desktop\CH583EVT\EVT\EXAM\BLE\LIB\libCH58xBLE.a(gattservapp.o)
                0x00000000000099fe                GATTServApp_ProcessEvent
 .text.l2capAllocConnChannel
                0x0000000000009d68       0xdc C:\Users\Astap\Desktop\CH583EVT\EVT\EXAM\BLE\LIB\libCH58xBLE.a(l2cap.o)
                0x0000000000009d68                l2capAllocConnChannel
 .text.l2capFindLocalCID
                0x0000000000009e44       0x2c C:\Users\Astap\Desktop\CH583EVT\EVT\EXAM\BLE\LIB\libCH58xBLE.a(l2cap.o)
                0x0000000000009e44                l2capFindLocalCID
 .text.l2capFindLocalId
                0x0000000000009e70       0x30 C:\Users\Astap\Desktop\CH583EVT\EVT\EXAM\BLE\LIB\libCH58xBLE.a(l2cap.o)
                0x0000000000009e70                l2capFindLocalId
 .text.l2capFindPsm
                0x0000000000009ea0       0x2c C:\Users\Astap\Desktop\CH583EVT\EVT\EXAM\BLE\LIB\libCH58xBLE.a(l2cap.o)
                0x0000000000009ea0                l2capFindPsm
 .text.l2capFindRemoteCID
                0x0000000000009ecc       0x3c C:\Users\Astap\Desktop\CH583EVT\EVT\EXAM\BLE\LIB\libCH58xBLE.a(l2cap.o)
                0x0000000000009ecc                l2capFindRemoteCID
 .text.l2capFreeChannel
                0x0000000000009f08       0x4e C:\Users\Astap\Desktop\CH583EVT\EVT\EXAM\BLE\LIB\libCH58xBLE.a(l2cap.o)
                0x0000000000009f08                l2capFreeChannel
 .text.l2capDisconnectChannel
                0x0000000000009f56       0x28 C:\Users\Astap\Desktop\CH583EVT\EVT\EXAM\BLE\LIB\libCH58xBLE.a(l2cap.o)
                0x0000000000009f56                l2capDisconnectChannel
 .text.l2capHandleTimerCB
                0x0000000000009f7e       0x2c C:\Users\Astap\Desktop\CH583EVT\EVT\EXAM\BLE\LIB\libCH58xBLE.a(l2cap.o)
                0x0000000000009f7e                l2capHandleTimerCB
 .text.l2capFreePendingPkt
                0x0000000000009faa       0x58 C:\Users\Astap\Desktop\CH583EVT\EVT\EXAM\BLE\LIB\libCH58xBLE.a(l2cap.o)
                0x0000000000009faa                l2capFreePendingPkt
 .text.l2capGetCoChannelInfo
                0x000000000000a002       0x82 C:\Users\Astap\Desktop\CH583EVT\EVT\EXAM\BLE\LIB\libCH58xBLE.a(l2cap.o)
                0x000000000000a002                l2capGetCoChannelInfo
 .text.l2capNumActiveChannnels
                0x000000000000a084       0x44 C:\Users\Astap\Desktop\CH583EVT\EVT\EXAM\BLE\LIB\libCH58xBLE.a(l2cap.o)
                0x000000000000a084                l2capNumActiveChannnels
 .text.l2capStartTimer
                0x000000000000a0c8       0x1a C:\Users\Astap\Desktop\CH583EVT\EVT\EXAM\BLE\LIB\libCH58xBLE.a(l2cap.o)
                0x000000000000a0c8                l2capStartTimer
 .text.l2capStopTimer
                0x000000000000a0e2       0x1e C:\Users\Astap\Desktop\CH583EVT\EVT\EXAM\BLE\LIB\libCH58xBLE.a(l2cap.o)
                0x000000000000a0e2                l2capStopTimer
 .text.l2capDisconnectAllChannels
                0x000000000000a100       0xdc C:\Users\Astap\Desktop\CH583EVT\EVT\EXAM\BLE\LIB\libCH58xBLE.a(l2cap.o)
                0x000000000000a100                l2capDisconnectAllChannels
 .text.l2capHandleConnStatusCB
                0x000000000000a1dc       0x3c C:\Users\Astap\Desktop\CH583EVT\EVT\EXAM\BLE\LIB\libCH58xBLE.a(l2cap.o)
                0x000000000000a1dc                l2capHandleConnStatusCB
 .text.l2capHandleRxError
                0x000000000000a218        0x6 C:\Users\Astap\Desktop\CH583EVT\EVT\EXAM\BLE\LIB\libCH58xBLE.a(l2cap.o)
                0x000000000000a218                l2capHandleRxError
 .text.L2CAP_GetMTU
                0x000000000000a21e        0x6 C:\Users\Astap\Desktop\CH583EVT\EVT\EXAM\BLE\LIB\libCH58xBLE.a(l2cap.o)
                0x000000000000a21e                L2CAP_GetMTU
 .text.L2CAP_HostNumCompletedPkts
                0x000000000000a224       0x28 C:\Users\Astap\Desktop\CH583EVT\EVT\EXAM\BLE\LIB\libCH58xBLE.a(l2cap.o)
                0x000000000000a224                L2CAP_HostNumCompletedPkts
 .text.L2CAP_ParseConnectReq
                0x000000000000a24c       0x5e C:\Users\Astap\Desktop\CH583EVT\EVT\EXAM\BLE\LIB\libCH58xBLE.a(l2cap.o)
                0x000000000000a24c                L2CAP_ParseConnectReq
 .text.L2CAP_ParseFlowCtrlCredit
                0x000000000000a2aa       0x2e C:\Users\Astap\Desktop\CH583EVT\EVT\EXAM\BLE\LIB\libCH58xBLE.a(l2cap.o)
                0x000000000000a2aa                L2CAP_ParseFlowCtrlCredit
 .text.L2CAP_RegisterApp
                0x000000000000a2d8       0x30 C:\Users\Astap\Desktop\CH583EVT\EVT\EXAM\BLE\LIB\libCH58xBLE.a(l2cap.o)
                0x000000000000a2d8                L2CAP_RegisterApp
 .text.L2CAP_SetBufSize
                0x000000000000a308       0x1e C:\Users\Astap\Desktop\CH583EVT\EVT\EXAM\BLE\LIB\libCH58xBLE.a(l2cap.o)
                0x000000000000a308                L2CAP_SetBufSize
 .text.L2CAP_bm_alloc
                0x000000000000a326       0x2a C:\Users\Astap\Desktop\CH583EVT\EVT\EXAM\BLE\LIB\libCH58xBLE.a(l2cap.o)
                0x000000000000a326                L2CAP_bm_alloc
 .text.L2CAP_Init
                0x000000000000a350      0x142 C:\Users\Astap\Desktop\CH583EVT\EVT\EXAM\BLE\LIB\libCH58xBLE.a(l2cap.o)
                0x000000000000a350                L2CAP_Init
 .text.L2CAP_ProcessEvent
                0x000000000000a492       0xc8 C:\Users\Astap\Desktop\CH583EVT\EVT\EXAM\BLE\LIB\libCH58xBLE.a(l2cap.o)
                0x000000000000a492                L2CAP_ProcessEvent
 .text.l2capParseCmdReject
                0x000000000000a55a       0x5e C:\Users\Astap\Desktop\CH583EVT\EVT\EXAM\BLE\LIB\libCH58xBLE.a(l2cap_input.o)
                0x000000000000a55a                l2capParseCmdReject
 .text.l2capParseDisconnectReq
                0x000000000000a5b8       0x2e C:\Users\Astap\Desktop\CH583EVT\EVT\EXAM\BLE\LIB\libCH58xBLE.a(l2cap_input.o)
                0x000000000000a5b8                l2capParseDisconnectReq
 .text.l2capParseDisconnectRsp
                0x000000000000a5e6       0x2e C:\Users\Astap\Desktop\CH583EVT\EVT\EXAM\BLE\LIB\libCH58xBLE.a(l2cap_input.o)
                0x000000000000a5e6                l2capParseDisconnectRsp
 .text.L2CAP_ParseParamUpdateReq
                0x000000000000a614       0x4e C:\Users\Astap\Desktop\CH583EVT\EVT\EXAM\BLE\LIB\libCH58xBLE.a(l2cap_input.o)
                0x000000000000a614                L2CAP_ParseParamUpdateReq
 .text.l2capParseParamUpdateRsp
                0x000000000000a662       0x1e C:\Users\Astap\Desktop\CH583EVT\EVT\EXAM\BLE\LIB\libCH58xBLE.a(l2cap_input.o)
                0x000000000000a662                l2capParseParamUpdateRsp
 .text.l2capProcessConnectReq
                0x000000000000a680       0xfc C:\Users\Astap\Desktop\CH583EVT\EVT\EXAM\BLE\LIB\libCH58xBLE.a(l2cap_input.o)
                0x000000000000a680                l2capProcessConnectReq
 .text.l2capParseConnectRsp
                0x000000000000a77c       0x5e C:\Users\Astap\Desktop\CH583EVT\EVT\EXAM\BLE\LIB\libCH58xBLE.a(l2cap_input.o)
                0x000000000000a77c                l2capParseConnectRsp
 .text.l2capParseSignalHdr
                0x000000000000a7da       0x22 C:\Users\Astap\Desktop\CH583EVT\EVT\EXAM\BLE\LIB\libCH58xBLE.a(l2cap_input.o)
                0x000000000000a7da                l2capParseSignalHdr
 .text.l2capParsePacket
                0x000000000000a7fc       0x8c C:\Users\Astap\Desktop\CH583EVT\EVT\EXAM\BLE\LIB\libCH58xBLE.a(l2cap_input.o)
                0x000000000000a7fc                l2capParsePacket
 .text.l2capProcessReq
                0x000000000000a888      0x15a C:\Users\Astap\Desktop\CH583EVT\EVT\EXAM\BLE\LIB\libCH58xBLE.a(l2cap_input.o)
                0x000000000000a888                l2capProcessReq
 .text.l2capProcessRsp
                0x000000000000a9e2      0x150 C:\Users\Astap\Desktop\CH583EVT\EVT\EXAM\BLE\LIB\libCH58xBLE.a(l2cap_input.o)
                0x000000000000a9e2                l2capProcessRsp
 .text.l2capProcessRxData
                0x000000000000ab32       0xf8 C:\Users\Astap\Desktop\CH583EVT\EVT\EXAM\BLE\LIB\libCH58xBLE.a(l2cap_input.o)
                0x000000000000ab32                l2capProcessRxData
 .text.l2capNotifyData
                0x000000000000ac2a       0x5e C:\Users\Astap\Desktop\CH583EVT\EVT\EXAM\BLE\LIB\libCH58xBLE.a(l2cap_output.o)
                0x000000000000ac2a                l2capNotifyData
 .text.l2capNotifySignal
                0x000000000000ac88       0x7a C:\Users\Astap\Desktop\CH583EVT\EVT\EXAM\BLE\LIB\libCH58xBLE.a(l2cap_output.o)
                0x000000000000ac88                l2capNotifySignal
 .text.l2capNotifyCreditEvt
                0x000000000000ad02       0xa0 C:\Users\Astap\Desktop\CH583EVT\EVT\EXAM\BLE\LIB\libCH58xBLE.a(l2cap_output.o)
                0x000000000000ad02                l2capNotifyCreditEvt
 .text.l2capNotifyChannelEstEvt
                0x000000000000ada2       0x5c C:\Users\Astap\Desktop\CH583EVT\EVT\EXAM\BLE\LIB\libCH58xBLE.a(l2cap_output.o)
                0x000000000000ada2                l2capNotifyChannelEstEvt
 .text.l2capNotifyChannelTermEvt
                0x000000000000adfe       0x3e C:\Users\Astap\Desktop\CH583EVT\EVT\EXAM\BLE\LIB\libCH58xBLE.a(l2cap_output.o)
                0x000000000000adfe                l2capNotifyChannelTermEvt
 .text.l2capNotifyEvent
                0x000000000000ae3c       0x66 C:\Users\Astap\Desktop\CH583EVT\EVT\EXAM\BLE\LIB\libCH58xBLE.a(l2cap_output.o)
                0x000000000000ae3c                l2capNotifyEvent
 .text.l2capStoreFCPkt
                0x000000000000aea2       0x32 C:\Users\Astap\Desktop\CH583EVT\EVT\EXAM\BLE\LIB\libCH58xBLE.a(l2cap_output.o)
                0x000000000000aea2                l2capStoreFCPkt
 .text.l2capFreeTxSDU
                0x000000000000aed4       0x9e C:\Users\Astap\Desktop\CH583EVT\EVT\EXAM\BLE\LIB\libCH58xBLE.a(l2cap_output.o)
                0x000000000000aed4                l2capFreeTxSDU
 .text.l2capReassembleSegment
                0x000000000000af72      0x174 C:\Users\Astap\Desktop\CH583EVT\EVT\EXAM\BLE\LIB\libCH58xBLE.a(l2cap_output.o)
                0x000000000000af72                l2capReassembleSegment
 .text.l2capEncapSendData
                0x000000000000b0e6       0xec C:\Users\Astap\Desktop\CH583EVT\EVT\EXAM\BLE\LIB\libCH58xBLE.a(l2cap_output.o)
                0x000000000000b0e6                l2capEncapSendData
 .text.l2capSendFCPkt.part.3
                0x000000000000b1d2       0x70 C:\Users\Astap\Desktop\CH583EVT\EVT\EXAM\BLE\LIB\libCH58xBLE.a(l2cap_output.o)
 .text.l2capSendSegment
                0x000000000000b242      0x108 C:\Users\Astap\Desktop\CH583EVT\EVT\EXAM\BLE\LIB\libCH58xBLE.a(l2cap_output.o)
                0x000000000000b242                l2capSendSegment
 .text.l2capSendNextSegment
                0x000000000000b34a       0xb4 C:\Users\Astap\Desktop\CH583EVT\EVT\EXAM\BLE\LIB\libCH58xBLE.a(l2cap_output.o)
                0x000000000000b34a                l2capSendNextSegment
 .text.l2capSendPkt
                0x000000000000b3fe       0x3a C:\Users\Astap\Desktop\CH583EVT\EVT\EXAM\BLE\LIB\libCH58xBLE.a(l2cap_output.o)
                0x000000000000b3fe                l2capSendPkt
 .text.L2CAP_SendData
                0x000000000000b438       0x82 C:\Users\Astap\Desktop\CH583EVT\EVT\EXAM\BLE\LIB\libCH58xBLE.a(l2cap_output.o)
                0x000000000000b438                L2CAP_SendData
 .text.l2capSendCmd
                0x000000000000b4ba       0x8a C:\Users\Astap\Desktop\CH583EVT\EVT\EXAM\BLE\LIB\libCH58xBLE.a(l2cap_output.o)
                0x000000000000b4ba                l2capSendCmd
 .text.l2capSendReq
                0x000000000000b544       0xbc C:\Users\Astap\Desktop\CH583EVT\EVT\EXAM\BLE\LIB\libCH58xBLE.a(l2cap_output.o)
                0x000000000000b544                l2capSendReq
 .text.l2capBuildDisconnectReq
                0x000000000000b600       0x28 C:\Users\Astap\Desktop\CH583EVT\EVT\EXAM\BLE\LIB\libCH58xBLE.a(l2cap_sdu.o)
 .text.l2capBuildParamUpdateReq
                0x000000000000b628       0x4c C:\Users\Astap\Desktop\CH583EVT\EVT\EXAM\BLE\LIB\libCH58xBLE.a(l2cap_sdu.o)
 .text.l2capBuildParamUpdateRsp
                0x000000000000b674       0x16 C:\Users\Astap\Desktop\CH583EVT\EVT\EXAM\BLE\LIB\libCH58xBLE.a(l2cap_sdu.o)
 .text.l2capBuildConnectRsp
                0x000000000000b68a       0x5e C:\Users\Astap\Desktop\CH583EVT\EVT\EXAM\BLE\LIB\libCH58xBLE.a(l2cap_sdu.o)
 .text.l2capBuildCmdReject
                0x000000000000b6e8       0x62 C:\Users\Astap\Desktop\CH583EVT\EVT\EXAM\BLE\LIB\libCH58xBLE.a(l2cap_sdu.o)
                0x000000000000b6e8                l2capBuildCmdReject
 .text.l2capBuildDisconnectRsp
                0x000000000000b74a       0x28 C:\Users\Astap\Desktop\CH583EVT\EVT\EXAM\BLE\LIB\libCH58xBLE.a(l2cap_sdu.o)
                0x000000000000b74a                l2capBuildDisconnectRsp
 .text.l2capSendConnectRsp
                0x000000000000b772       0xa6 C:\Users\Astap\Desktop\CH583EVT\EVT\EXAM\BLE\LIB\libCH58xBLE.a(l2cap_sdu.o)
                0x000000000000b772                l2capSendConnectRsp
 .text.L2CAP_CmdReject
                0x000000000000b818       0x12 C:\Users\Astap\Desktop\CH583EVT\EVT\EXAM\BLE\LIB\libCH58xBLE.a(l2cap_sdu.o)
                0x000000000000b818                L2CAP_CmdReject
 .text.L2CAP_DisconnectReq
                0x000000000000b82a       0x2a C:\Users\Astap\Desktop\CH583EVT\EVT\EXAM\BLE\LIB\libCH58xBLE.a(l2cap_sdu.o)
                0x000000000000b82a                L2CAP_DisconnectReq
 .text.L2CAP_ConnParamUpdateReq
                0x000000000000b854       0x16 C:\Users\Astap\Desktop\CH583EVT\EVT\EXAM\BLE\LIB\libCH58xBLE.a(l2cap_sdu.o)
                0x000000000000b854                L2CAP_ConnParamUpdateReq
 .text.L2CAP_ConnParamUpdateRsp
                0x000000000000b86a       0x12 C:\Users\Astap\Desktop\CH583EVT\EVT\EXAM\BLE\LIB\libCH58xBLE.a(l2cap_sdu.o)
                0x000000000000b86a                L2CAP_ConnParamUpdateRsp
 .text.reportStatusChange
                0x000000000000b87c       0x3e C:\Users\Astap\Desktop\CH583EVT\EVT\EXAM\BLE\LIB\libCH58xBLE.a(linkdb.o)
 .text.linkDB_Init
                0x000000000000b8ba       0xa0 C:\Users\Astap\Desktop\CH583EVT\EVT\EXAM\BLE\LIB\libCH58xBLE.a(linkdb.o)
                0x000000000000b8ba                linkDB_Init
 .text.linkDB_Find
                0x000000000000b95a       0x30 C:\Users\Astap\Desktop\CH583EVT\EVT\EXAM\BLE\LIB\libCH58xBLE.a(linkdb.o)
                0x000000000000b95a                linkDB_Find
 .text.linkDB_Authen
                0x000000000000b98a       0x5c C:\Users\Astap\Desktop\CH583EVT\EVT\EXAM\BLE\LIB\libCH58xBLE.a(linkdb.o)
                0x000000000000b98a                linkDB_Authen
 .text.linkDB_FindByAddr
                0x000000000000b9e6       0x7e C:\Users\Astap\Desktop\CH583EVT\EVT\EXAM\BLE\LIB\libCH58xBLE.a(linkdb.o)
                0x000000000000b9e6                linkDB_FindByAddr
 .text.linkDB_FindFirst
                0x000000000000ba64       0x3c C:\Users\Astap\Desktop\CH583EVT\EVT\EXAM\BLE\LIB\libCH58xBLE.a(linkdb.o)
                0x000000000000ba64                linkDB_FindFirst
 .text.linkDB_MTU
                0x000000000000baa0       0x18 C:\Users\Astap\Desktop\CH583EVT\EVT\EXAM\BLE\LIB\libCH58xBLE.a(linkdb.o)
                0x000000000000baa0                linkDB_MTU
 .text.linkDB_NumActive
                0x000000000000bab8       0x32 C:\Users\Astap\Desktop\CH583EVT\EVT\EXAM\BLE\LIB\libCH58xBLE.a(linkdb.o)
                0x000000000000bab8                linkDB_NumActive
 .text.linkDB_NumConns
                0x000000000000baea        0xa C:\Users\Astap\Desktop\CH583EVT\EVT\EXAM\BLE\LIB\libCH58xBLE.a(linkdb.o)
                0x000000000000baea                linkDB_NumConns
 .text.linkDB_Register
                0x000000000000baf4       0x28 C:\Users\Astap\Desktop\CH583EVT\EVT\EXAM\BLE\LIB\libCH58xBLE.a(linkdb.o)
                0x000000000000baf4                linkDB_Register
 .text.linkDB_Remove
                0x000000000000bb1c       0x4c C:\Users\Astap\Desktop\CH583EVT\EVT\EXAM\BLE\LIB\libCH58xBLE.a(linkdb.o)
                0x000000000000bb1c                linkDB_Remove
 .text.linkDB_Role
                0x000000000000bb68       0x18 C:\Users\Astap\Desktop\CH583EVT\EVT\EXAM\BLE\LIB\libCH58xBLE.a(linkdb.o)
                0x000000000000bb68                linkDB_Role
 .text.linkDB_State
                0x000000000000bb80       0x30 C:\Users\Astap\Desktop\CH583EVT\EVT\EXAM\BLE\LIB\libCH58xBLE.a(linkdb.o)
                0x000000000000bb80                linkDB_State
 .text.linkDB_UpdateMTU
                0x000000000000bbb0       0x28 C:\Users\Astap\Desktop\CH583EVT\EVT\EXAM\BLE\LIB\libCH58xBLE.a(linkdb.o)
                0x000000000000bbb0                linkDB_UpdateMTU
 .text.linkDB_PerformFunc
                0x000000000000bbd8       0x56 C:\Users\Astap\Desktop\CH583EVT\EVT\EXAM\BLE\LIB\libCH58xBLE.a(linkdb.o)
                0x000000000000bbd8                linkDB_PerformFunc
 .text.linkDB_GetSMEvtID
                0x000000000000bc2e       0x5c C:\Users\Astap\Desktop\CH583EVT\EVT\EXAM\BLE\LIB\libCH58xBLE.a(linkdb.o)
                0x000000000000bc2e                linkDB_GetSMEvtID
 .text.linkDB_Add
                0x000000000000bc8a       0xb2 C:\Users\Astap\Desktop\CH583EVT\EVT\EXAM\BLE\LIB\libCH58xBLE.a(linkdb.o)
                0x000000000000bc8a                linkDB_Add
 .text.linkDB_GetHandleFromSMEvtID
                0x000000000000bd3c       0x36 C:\Users\Astap\Desktop\CH583EVT\EVT\EXAM\BLE\LIB\libCH58xBLE.a(linkdb.o)
                0x000000000000bd3c                linkDB_GetHandleFromSMEvtID
 .text.linkDB_GetPairingParam
                0x000000000000bd72       0x72 C:\Users\Astap\Desktop\CH583EVT\EVT\EXAM\BLE\LIB\libCH58xBLE.a(linkdb.o)
                0x000000000000bd72                linkDB_GetPairingParam
 .text.linkDB_NeedSendKey
                0x000000000000bde4       0x48 C:\Users\Astap\Desktop\CH583EVT\EVT\EXAM\BLE\LIB\libCH58xBLE.a(linkdb.o)
                0x000000000000bde4                linkDB_NeedSendKey
 .text.smStartRspTimer
                0x000000000000be2c       0x3a C:\Users\Astap\Desktop\CH583EVT\EVT\EXAM\BLE\LIB\libCH58xBLE.a(sm.o)
 .text.smStartEncryption
                0x000000000000be66       0xa0 C:\Users\Astap\Desktop\CH583EVT\EVT\EXAM\BLE\LIB\libCH58xBLE.a(sm.o)
 .text.smFreePairingParams
                0x000000000000bf06       0x7e C:\Users\Astap\Desktop\CH583EVT\EVT\EXAM\BLE\LIB\libCH58xBLE.a(sm.o)
                0x000000000000bf06                smFreePairingParams
 .text.smEndPairing
                0x000000000000bf84       0x60 C:\Users\Astap\Desktop\CH583EVT\EVT\EXAM\BLE\LIB\libCH58xBLE.a(sm.o)
                0x000000000000bf84                smEndPairing
 .text.smLinkCheck
                0x000000000000bfe4       0x34 C:\Users\Astap\Desktop\CH583EVT\EVT\EXAM\BLE\LIB\libCH58xBLE.a(sm.o)
                0x000000000000bfe4                smLinkCheck
 .text.smNextPairingState
                0x000000000000c018       0x58 C:\Users\Astap\Desktop\CH583EVT\EVT\EXAM\BLE\LIB\libCH58xBLE.a(sm.o)
                0x000000000000c018                smNextPairingState
 .text.smProcessEncryptChange
                0x000000000000c070       0xf0 C:\Users\Astap\Desktop\CH583EVT\EVT\EXAM\BLE\LIB\libCH58xBLE.a(sm.o)
                0x000000000000c070                smProcessEncryptChange
 .text.smSendSMMsg
                0x000000000000c160       0x5c C:\Users\Astap\Desktop\CH583EVT\EVT\EXAM\BLE\LIB\libCH58xBLE.a(sm.o)
                0x000000000000c160                smSendSMMsg
 .text.smSendFailAndEnd
                0x000000000000c1bc       0x38 C:\Users\Astap\Desktop\CH583EVT\EVT\EXAM\BLE\LIB\libCH58xBLE.a(sm.o)
                0x000000000000c1bc                smSendFailAndEnd
 .text.smProcessPairingReq
                0x000000000000c1f4       0x3c C:\Users\Astap\Desktop\CH583EVT\EVT\EXAM\BLE\LIB\libCH58xBLE.a(sm.o)
                0x000000000000c1f4                smProcessPairingReq
 .text.smSetPairingReqRsp
                0x000000000000c230       0x3c C:\Users\Astap\Desktop\CH583EVT\EVT\EXAM\BLE\LIB\libCH58xBLE.a(sm.o)
                0x000000000000c230                smSetPairingReqRsp
 .text.SM_StartEncryption
                0x000000000000c26c       0x16 C:\Users\Astap\Desktop\CH583EVT\EVT\EXAM\BLE\LIB\libCH58xBLE.a(sm.o)
                0x000000000000c26c                SM_StartEncryption
 .text.sm_dhkey
                0x000000000000c282       0x3a C:\Users\Astap\Desktop\CH583EVT\EVT\EXAM\BLE\LIB\libCH58xBLE.a(sm.o)
                0x000000000000c282                sm_dhkey
 .text.sm_c1    0x000000000000c2bc       0xb4 C:\Users\Astap\Desktop\CH583EVT\EVT\EXAM\BLE\LIB\libCH58xBLE.a(sm.o)
                0x000000000000c2bc                sm_c1
 .text.smDetermineKeySize
                0x000000000000c370       0x20 C:\Users\Astap\Desktop\CH583EVT\EVT\EXAM\BLE\LIB\libCH58xBLE.a(sm.o)
                0x000000000000c370                smDetermineKeySize
 .text.smpParsePairingReq
                0x000000000000c390      0x118 C:\Users\Astap\Desktop\CH583EVT\EVT\EXAM\BLE\LIB\libCH58xBLE.a(sm.o)
                0x000000000000c390                smpParsePairingReq
 .text.smpParseEncInfo
                0x000000000000c4a8       0x2a C:\Users\Astap\Desktop\CH583EVT\EVT\EXAM\BLE\LIB\libCH58xBLE.a(sm.o)
                0x000000000000c4a8                smpParseEncInfo
 .text.smpParseIdentityAddrInfo
                0x000000000000c4d2       0x34 C:\Users\Astap\Desktop\CH583EVT\EVT\EXAM\BLE\LIB\libCH58xBLE.a(sm.o)
                0x000000000000c4d2                smpParseIdentityAddrInfo
 .text.smpParseIdentityInfo
                0x000000000000c506       0x2a C:\Users\Astap\Desktop\CH583EVT\EVT\EXAM\BLE\LIB\libCH58xBLE.a(sm.o)
                0x000000000000c506                smpParseIdentityInfo
 .text.smpParseMasterID
                0x000000000000c530       0x3c C:\Users\Astap\Desktop\CH583EVT\EVT\EXAM\BLE\LIB\libCH58xBLE.a(sm.o)
                0x000000000000c530                smpParseMasterID
 .text.smpParsePairingConfirm
                0x000000000000c56c       0x2a C:\Users\Astap\Desktop\CH583EVT\EVT\EXAM\BLE\LIB\libCH58xBLE.a(sm.o)
                0x000000000000c56c                smpParsePairingConfirm
 .text.smpParsePairingFailed
                0x000000000000c596       0x1c C:\Users\Astap\Desktop\CH583EVT\EVT\EXAM\BLE\LIB\libCH58xBLE.a(sm.o)
                0x000000000000c596                smpParsePairingFailed
 .text.smpParsePairingRandom
                0x000000000000c5b2       0x2a C:\Users\Astap\Desktop\CH583EVT\EVT\EXAM\BLE\LIB\libCH58xBLE.a(sm.o)
                0x000000000000c5b2                smpParsePairingRandom
 .text.smpParseSigningInfo
                0x000000000000c5dc       0x2a C:\Users\Astap\Desktop\CH583EVT\EVT\EXAM\BLE\LIB\libCH58xBLE.a(sm.o)
                0x000000000000c5dc                smpParseSigningInfo
 .text.smpParsePairingPublicKey
                0x000000000000c606       0x2c C:\Users\Astap\Desktop\CH583EVT\EVT\EXAM\BLE\LIB\libCH58xBLE.a(sm.o)
                0x000000000000c606                smpParsePairingPublicKey
 .text.smpParsePairingDHKeyCheck
                0x000000000000c632       0x2a C:\Users\Astap\Desktop\CH583EVT\EVT\EXAM\BLE\LIB\libCH58xBLE.a(sm.o)
                0x000000000000c632                smpParsePairingDHKeyCheck
 .text.smProcessDataMsg
                0x000000000000c65c       0xfc C:\Users\Astap\Desktop\CH583EVT\EVT\EXAM\BLE\LIB\libCH58xBLE.a(sm.o)
                0x000000000000c65c                smProcessDataMsg
 .text.smProcessTMOSMsg
                0x000000000000c758      0x164 C:\Users\Astap\Desktop\CH583EVT\EVT\EXAM\BLE\LIB\libCH58xBLE.a(sm.o)
                0x000000000000c758                smProcessTMOSMsg
 .text.SM_CalcRandomAddr
                0x000000000000c8bc       0x54 C:\Users\Astap\Desktop\CH583EVT\EVT\EXAM\BLE\LIB\libCH58xBLE.a(sm.o)
                0x000000000000c8bc                SM_CalcRandomAddr
 .text.SM_GenerateAuthenSig
                0x000000000000c910       0xe6 C:\Users\Astap\Desktop\CH583EVT\EVT\EXAM\BLE\LIB\libCH58xBLE.a(sm.o)
                0x000000000000c910                SM_GenerateAuthenSig
 .text.SM_PasskeyUpdate
                0x000000000000c9f6       0xe8 C:\Users\Astap\Desktop\CH583EVT\EVT\EXAM\BLE\LIB\libCH58xBLE.a(sm.o)
                0x000000000000c9f6                SM_PasskeyUpdate
 .text.SM_ResolveRandomAddrs
                0x000000000000cade       0x5e C:\Users\Astap\Desktop\CH583EVT\EVT\EXAM\BLE\LIB\libCH58xBLE.a(sm.o)
                0x000000000000cade                SM_ResolveRandomAddrs
 .text.SM_StartPairing
                0x000000000000cb3c       0xc2 C:\Users\Astap\Desktop\CH583EVT\EVT\EXAM\BLE\LIB\libCH58xBLE.a(sm.o)
                0x000000000000cb3c                SM_StartPairing
 .text.SM_VerifyAuthenSig
                0x000000000000cbfe      0x150 C:\Users\Astap\Desktop\CH583EVT\EVT\EXAM\BLE\LIB\libCH58xBLE.a(sm.o)
                0x000000000000cbfe                SM_VerifyAuthenSig
 .text.SM_ProcessEvent
                0x000000000000cd4e       0xb4 C:\Users\Astap\Desktop\CH583EVT\EVT\EXAM\BLE\LIB\libCH58xBLE.a(sm.o)
                0x000000000000cd4e                SM_ProcessEvent
 .text.SM_ParamInit
                0x000000000000ce02       0x5a C:\Users\Astap\Desktop\CH583EVT\EVT\EXAM\BLE\LIB\libCH58xBLE.a(sm.o)
                0x000000000000ce02                SM_ParamInit
 .text.SM_InitiatorInit
                0x000000000000ce5c       0x1e C:\Users\Astap\Desktop\CH583EVT\EVT\EXAM\BLE\LIB\libCH58xBLE.a(sm.o)
                0x000000000000ce5c                SM_InitiatorInit
 .text.SM_ResponderInit
                0x000000000000ce7a       0x1e C:\Users\Astap\Desktop\CH583EVT\EVT\EXAM\BLE\LIB\libCH58xBLE.a(sm.o)
                0x000000000000ce7a                SM_ResponderInit
 .text.SM_Init  0x000000000000ce98       0x2a C:\Users\Astap\Desktop\CH583EVT\EVT\EXAM\BLE\LIB\libCH58xBLE.a(sm.o)
                0x000000000000ce98                SM_Init
 .text.smpInitiatorProcessPairingRsp
                0x000000000000cec2      0x278 C:\Users\Astap\Desktop\CH583EVT\EVT\EXAM\BLE\LIB\libCH58xBLE.a(sm_initiator.o)
                0x000000000000cec2                smpInitiatorProcessPairingRsp
 .text.smInitiatorSendNextKeyInfo
                0x000000000000d13a      0x26a C:\Users\Astap\Desktop\CH583EVT\EVT\EXAM\BLE\LIB\libCH58xBLE.a(sm_initiator.o)
                0x000000000000d13a                smInitiatorSendNextKeyInfo
 .text.setupInitiatorKeys
                0x000000000000d3a4       0x88 C:\Users\Astap\Desktop\CH583EVT\EVT\EXAM\BLE\LIB\libCH58xBLE.a(sm_initiator.o)
 .text.smpInitiatorProcessIncoming
                0x000000000000d42c      0x410 C:\Users\Astap\Desktop\CH583EVT\EVT\EXAM\BLE\LIB\libCH58xBLE.a(sm_initiator.o)
                0x000000000000d42c                smpInitiatorProcessIncoming
 .text.smpBuildPairingReqRsp
                0x000000000000d83c       0xc6 C:\Users\Astap\Desktop\CH583EVT\EVT\EXAM\BLE\LIB\libCH58xBLE.a(sm_pdu.o)
 .text.smpBuildPairingReq
                0x000000000000d902        0xa C:\Users\Astap\Desktop\CH583EVT\EVT\EXAM\BLE\LIB\libCH58xBLE.a(sm_pdu.o)
                0x000000000000d902                smpBuildPairingReq
 .text.smpBuildPairingRsp
                0x000000000000d90c        0xa C:\Users\Astap\Desktop\CH583EVT\EVT\EXAM\BLE\LIB\libCH58xBLE.a(sm_pdu.o)
                0x000000000000d90c                smpBuildPairingRsp
 .text.smpBuildPairingConfirm
                0x000000000000d916       0x30 C:\Users\Astap\Desktop\CH583EVT\EVT\EXAM\BLE\LIB\libCH58xBLE.a(sm_pdu.o)
                0x000000000000d916                smpBuildPairingConfirm
 .text.smpBuildPairingRandom
                0x000000000000d946       0x30 C:\Users\Astap\Desktop\CH583EVT\EVT\EXAM\BLE\LIB\libCH58xBLE.a(sm_pdu.o)
                0x000000000000d946                smpBuildPairingRandom
 .text.smpBuildEncInfo
                0x000000000000d976       0x30 C:\Users\Astap\Desktop\CH583EVT\EVT\EXAM\BLE\LIB\libCH58xBLE.a(sm_pdu.o)
                0x000000000000d976                smpBuildEncInfo
 .text.smpBuildMasterID
                0x000000000000d9a6       0x44 C:\Users\Astap\Desktop\CH583EVT\EVT\EXAM\BLE\LIB\libCH58xBLE.a(sm_pdu.o)
                0x000000000000d9a6                smpBuildMasterID
 .text.smpBuildIdentityInfo
                0x000000000000d9ea       0x30 C:\Users\Astap\Desktop\CH583EVT\EVT\EXAM\BLE\LIB\libCH58xBLE.a(sm_pdu.o)
                0x000000000000d9ea                smpBuildIdentityInfo
 .text.smpBuildIdentityAddrInfo
                0x000000000000da1a       0x3a C:\Users\Astap\Desktop\CH583EVT\EVT\EXAM\BLE\LIB\libCH58xBLE.a(sm_pdu.o)
                0x000000000000da1a                smpBuildIdentityAddrInfo
 .text.smpBuildSigningInfo
                0x000000000000da54       0x30 C:\Users\Astap\Desktop\CH583EVT\EVT\EXAM\BLE\LIB\libCH58xBLE.a(sm_pdu.o)
                0x000000000000da54                smpBuildSigningInfo
 .text.smpBuildPublicKey
                0x000000000000da84       0x32 C:\Users\Astap\Desktop\CH583EVT\EVT\EXAM\BLE\LIB\libCH58xBLE.a(sm_pdu.o)
                0x000000000000da84                smpBuildPublicKey
 .text.smpBuildDHKey
                0x000000000000dab6       0x30 C:\Users\Astap\Desktop\CH583EVT\EVT\EXAM\BLE\LIB\libCH58xBLE.a(sm_pdu.o)
                0x000000000000dab6                smpBuildDHKey
 .text.smpBuildPairingFailed
                0x000000000000dae6       0x1a C:\Users\Astap\Desktop\CH583EVT\EVT\EXAM\BLE\LIB\libCH58xBLE.a(sm_pdu.o)
                0x000000000000dae6                smpBuildPairingFailed
 .text.smGeneratePairingReq
                0x000000000000db00       0x30 C:\Users\Astap\Desktop\CH583EVT\EVT\EXAM\BLE\LIB\libCH58xBLE.a(sm_pdu.o)
                0x000000000000db00                smGeneratePairingReq
 .text.smGeneratePairingRsp
                0x000000000000db30       0x30 C:\Users\Astap\Desktop\CH583EVT\EVT\EXAM\BLE\LIB\libCH58xBLE.a(sm_pdu.o)
                0x000000000000db30                smGeneratePairingRsp
 .text.smGenerateConfirm
                0x000000000000db60       0x34 C:\Users\Astap\Desktop\CH583EVT\EVT\EXAM\BLE\LIB\libCH58xBLE.a(sm_pdu.o)
                0x000000000000db60                smGenerateConfirm
 .text.smGenerateRandMsg
                0x000000000000db94       0x34 C:\Users\Astap\Desktop\CH583EVT\EVT\EXAM\BLE\LIB\libCH58xBLE.a(sm_pdu.o)
                0x000000000000db94                smGenerateRandMsg
 .text.smGeneratePairingPublicKey
                0x000000000000dbc8       0x60 C:\Users\Astap\Desktop\CH583EVT\EVT\EXAM\BLE\LIB\libCH58xBLE.a(sm_pdu.o)
                0x000000000000dbc8                smGeneratePairingPublicKey
 .text.smGeneratePairingDHKeyCheck
                0x000000000000dc28      0x24c C:\Users\Astap\Desktop\CH583EVT\EVT\EXAM\BLE\LIB\libCH58xBLE.a(sm_pdu.o)
                0x000000000000dc28                smGeneratePairingDHKeyCheck
 .text.smPairingSendEncInfo
                0x000000000000de74       0x10 C:\Users\Astap\Desktop\CH583EVT\EVT\EXAM\BLE\LIB\libCH58xBLE.a(sm_pdu.o)
                0x000000000000de74                smPairingSendEncInfo
 .text.smPairingSendIdentityAddrInfo
                0x000000000000de84       0x38 C:\Users\Astap\Desktop\CH583EVT\EVT\EXAM\BLE\LIB\libCH58xBLE.a(sm_pdu.o)
                0x000000000000de84                smPairingSendIdentityAddrInfo
 .text.smPairingSendIdentityInfo
                0x000000000000debc       0x10 C:\Users\Astap\Desktop\CH583EVT\EVT\EXAM\BLE\LIB\libCH58xBLE.a(sm_pdu.o)
                0x000000000000debc                smPairingSendIdentityInfo
 .text.smPairingSendMasterID
                0x000000000000decc       0x38 C:\Users\Astap\Desktop\CH583EVT\EVT\EXAM\BLE\LIB\libCH58xBLE.a(sm_pdu.o)
                0x000000000000decc                smPairingSendMasterID
 .text.smPairingSendSingingInfo
                0x000000000000df04       0x10 C:\Users\Astap\Desktop\CH583EVT\EVT\EXAM\BLE\LIB\libCH58xBLE.a(sm_pdu.o)
                0x000000000000df04                smPairingSendSingingInfo
 .text.smResponderSendNextKeyInfo
                0x000000000000df14      0x2de C:\Users\Astap\Desktop\CH583EVT\EVT\EXAM\BLE\LIB\libCH58xBLE.a(sm_responding.o)
                0x000000000000df14                smResponderSendNextKeyInfo
 .text.smResponderProcessLTKReq
                0x000000000000e1f2      0x1a6 C:\Users\Astap\Desktop\CH583EVT\EVT\EXAM\BLE\LIB\libCH58xBLE.a(sm_responding.o)
                0x000000000000e1f2                smResponderProcessLTKReq
 .text.smpResponderProcessIncoming
                0x000000000000e398      0x6f6 C:\Users\Astap\Desktop\CH583EVT\EVT\EXAM\BLE\LIB\libCH58xBLE.a(sm_responding.o)
                0x000000000000e398                smpResponderProcessIncoming
 .text.xor_128  0x000000000000ea8e       0x28 C:\Users\Astap\Desktop\CH583EVT\EVT\EXAM\BLE\LIB\libCH58xBLE.a(sm_toolbox.o)
                0x000000000000ea8e                xor_128
 .text.leftshift_onebit
                0x000000000000eab6       0x2e C:\Users\Astap\Desktop\CH583EVT\EVT\EXAM\BLE\LIB\libCH58xBLE.a(sm_toolbox.o)
                0x000000000000eab6                leftshift_onebit
 .text.padding  0x000000000000eae4       0x38 C:\Users\Astap\Desktop\CH583EVT\EVT\EXAM\BLE\LIB\libCH58xBLE.a(sm_toolbox.o)
                0x000000000000eae4                padding
 .text.generate_subkey
                0x000000000000eb1c       0xd4 C:\Users\Astap\Desktop\CH583EVT\EVT\EXAM\BLE\LIB\libCH58xBLE.a(sm_toolbox.o)
                0x000000000000eb1c                generate_subkey
 .text.sm_xor   0x000000000000ebf0       0x24 C:\Users\Astap\Desktop\CH583EVT\EVT\EXAM\BLE\LIB\libCH58xBLE.a(sm_toolbox.o)
                0x000000000000ebf0                sm_xor
 .text.sm_ah    0x000000000000ec14       0x90 C:\Users\Astap\Desktop\CH583EVT\EVT\EXAM\BLE\LIB\libCH58xBLE.a(sm_toolbox.o)
                0x000000000000ec14                sm_ah
 .text.sm_c1new
                0x000000000000eca4      0x144 C:\Users\Astap\Desktop\CH583EVT\EVT\EXAM\BLE\LIB\libCH58xBLE.a(sm_toolbox.o)
                0x000000000000eca4                sm_c1new
 .text.sm_s1    0x000000000000ede8       0x96 C:\Users\Astap\Desktop\CH583EVT\EVT\EXAM\BLE\LIB\libCH58xBLE.a(sm_toolbox.o)
                0x000000000000ede8                sm_s1
 .text.sm_CMAC  0x000000000000ee7e      0x172 C:\Users\Astap\Desktop\CH583EVT\EVT\EXAM\BLE\LIB\libCH58xBLE.a(sm_toolbox.o)
                0x000000000000ee7e                sm_CMAC
 .text.HOST_LE_ConnectionCompleteEvent
                0x000000000000eff0       0xca C:\Users\Astap\Desktop\CH583EVT\EVT\EXAM\BLE\LIB\libCH58xBLE.a(host_input.o)
                0x000000000000eff0                HOST_LE_ConnectionCompleteEvent
 .text.HOST_LE_ConnectionUpdateCompleteEvent
                0x000000000000f0ba       0x60 C:\Users\Astap\Desktop\CH583EVT\EVT\EXAM\BLE\LIB\libCH58xBLE.a(host_input.o)
                0x000000000000f0ba                HOST_LE_ConnectionUpdateCompleteEvent
 .text.HOST_LE_ReadRemoteUsedFeaturesCompleteEvent
                0x000000000000f11a       0x66 C:\Users\Astap\Desktop\CH583EVT\EVT\EXAM\BLE\LIB\libCH58xBLE.a(host_input.o)
                0x000000000000f11a                HOST_LE_ReadRemoteUsedFeaturesCompleteEvent
 .text.HOST_LE_LongTermKeyRequestEvent
                0x000000000000f180       0x64 C:\Users\Astap\Desktop\CH583EVT\EVT\EXAM\BLE\LIB\libCH58xBLE.a(host_input.o)
                0x000000000000f180                HOST_LE_LongTermKeyRequestEvent
 .text.HOST_LE_RemoteConnectionParameterRequestEvent
                0x000000000000f1e4       0x60 C:\Users\Astap\Desktop\CH583EVT\EVT\EXAM\BLE\LIB\libCH58xBLE.a(host_input.o)
                0x000000000000f1e4                HOST_LE_RemoteConnectionParameterRequestEvent
 .text.HOST_RemoteConnectionParameterRequestEvent
                0x000000000000f244       0x42 C:\Users\Astap\Desktop\CH583EVT\EVT\EXAM\BLE\LIB\libCH58xBLE.a(host_input.o)
                0x000000000000f244                HOST_RemoteConnectionParameterRequestEvent
 .text.HOST_LE_DataLengthChangeEvent
                0x000000000000f286       0x60 C:\Users\Astap\Desktop\CH583EVT\EVT\EXAM\BLE\LIB\libCH58xBLE.a(host_input.o)
                0x000000000000f286                HOST_LE_DataLengthChangeEvent
 .text.HOST_LE_EnhancedConnectionCompleteEvent
                0x000000000000f2e6      0x128 C:\Users\Astap\Desktop\CH583EVT\EVT\EXAM\BLE\LIB\libCH58xBLE.a(host_input.o)
                0x000000000000f2e6                HOST_LE_EnhancedConnectionCompleteEvent
 .text.HOST_LE_PHYUpdateCompleteReportEvent
                0x000000000000f40e       0x58 C:\Users\Astap\Desktop\CH583EVT\EVT\EXAM\BLE\LIB\libCH58xBLE.a(host_input.o)
                0x000000000000f40e                HOST_LE_PHYUpdateCompleteReportEvent
 .text.HOST_LE_PeriodicAdvertisingSyncEstablishedEvent
                0x000000000000f466       0x9c C:\Users\Astap\Desktop\CH583EVT\EVT\EXAM\BLE\LIB\libCH58xBLE.a(host_input.o)
                0x000000000000f466                HOST_LE_PeriodicAdvertisingSyncEstablishedEvent
 .text.HOST_LE_PeriodicAdvertisingSyncLostEvent
                0x000000000000f502       0x40 C:\Users\Astap\Desktop\CH583EVT\EVT\EXAM\BLE\LIB\libCH58xBLE.a(host_input.o)
                0x000000000000f502                HOST_LE_PeriodicAdvertisingSyncLostEvent
 .text.HOST_LE_ScanTimeoutEvent
                0x000000000000f542       0x3a C:\Users\Astap\Desktop\CH583EVT\EVT\EXAM\BLE\LIB\libCH58xBLE.a(host_input.o)
                0x000000000000f542                HOST_LE_ScanTimeoutEvent
 .text.HOST_LE_AdvertisingSetTerminatedEvent
                0x000000000000f57c       0x58 C:\Users\Astap\Desktop\CH583EVT\EVT\EXAM\BLE\LIB\libCH58xBLE.a(host_input.o)
                0x000000000000f57c                HOST_LE_AdvertisingSetTerminatedEvent
 .text.HOST_LE_ScanRequestReceivedEvent
                0x000000000000f5d4       0x6c C:\Users\Astap\Desktop\CH583EVT\EVT\EXAM\BLE\LIB\libCH58xBLE.a(host_input.o)
                0x000000000000f5d4                HOST_LE_ScanRequestReceivedEvent
 .text.HOST_LE_ChannelSelectionAlgorithmEvent
                0x000000000000f640       0x48 C:\Users\Astap\Desktop\CH583EVT\EVT\EXAM\BLE\LIB\libCH58xBLE.a(host_input.o)
                0x000000000000f640                HOST_LE_ChannelSelectionAlgorithmEvent
 .text.HOST_DisconnectionCompleteEvent
                0x000000000000f688       0x48 C:\Users\Astap\Desktop\CH583EVT\EVT\EXAM\BLE\LIB\libCH58xBLE.a(host_input.o)
                0x000000000000f688                HOST_DisconnectionCompleteEvent
 .text.HOST_EncryptionChangeEvent
                0x000000000000f6d0       0x50 C:\Users\Astap\Desktop\CH583EVT\EVT\EXAM\BLE\LIB\libCH58xBLE.a(host_input.o)
                0x000000000000f6d0                HOST_EncryptionChangeEvent
 .text.HOST_ReadRemoteVersionInfoEvent
                0x000000000000f720       0x5a C:\Users\Astap\Desktop\CH583EVT\EVT\EXAM\BLE\LIB\libCH58xBLE.a(host_input.o)
                0x000000000000f720                HOST_ReadRemoteVersionInfoEvent
 .text.HOST_CommandCompleteEvent
                0x000000000000f77a       0x62 C:\Users\Astap\Desktop\CH583EVT\EVT\EXAM\BLE\LIB\libCH58xBLE.a(host_input.o)
                0x000000000000f77a                HOST_CommandCompleteEvent
 .text.HOST_CommandStatusEvent
                0x000000000000f7dc       0x48 C:\Users\Astap\Desktop\CH583EVT\EVT\EXAM\BLE\LIB\libCH58xBLE.a(host_input.o)
                0x000000000000f7dc                HOST_CommandStatusEvent
 .text.HOST_DataBufferOverflowEvent
                0x000000000000f824       0x3e C:\Users\Astap\Desktop\CH583EVT\EVT\EXAM\BLE\LIB\libCH58xBLE.a(host_input.o)
                0x000000000000f824                HOST_DataBufferOverflowEvent